/
312.000000/approbatur/lubenter/lubenter/lubenter/lubenter/lubenter/
312.000000/show/floor/drag/drag/drag/drag/drag/
Ill/vanhempi/
N001_ö/hedelmistö/hedelmistön/hedelmistöön/hedelmistöjä/hedelmistöjen/hedelmistöihin/
N001Aö/kökkö/kökön/kökköön/kökköjä/kökköjen/kökköihin/
N001Ao/pateetikko/pateetikon/pateetikkoon/pateetikkoja/pateetikkojen/pateetikkoihin/
N001Au/punatulkku/punatulkun/punatulkkuun/punatulkkuja/punatulkkujen/punatulkkuihin/
N001Ay/lykky/lykyn/lykkyyn/lykkyjä/lykkyjen/lykkyihin/
N001Bö/lörppö/lörpön/lörppöön/lörppöjä/lörppöjen/lörppöihin/
N001Bo/happo/hapon/happoon/happoja/happojen/happoihin/
N001Bu/himphamppu/himphampun/himphamppuun/himphamppuja/himphamppujen/himphamppuihin/
N001By/hyppy/hypyn/hyppyyn/hyppyjä/hyppyjen/hyppyihin/
N001Cö/höttö/hötön/höttöön/höttöjä/höttöjen/höttöihin/
N001Co/sukupuutto/sukupuuton/sukupuuttoon/sukupuuttoja/sukupuuttojen/sukupuuttoihin/
N001Cu/rakastettu/rakastetun/rakastettuun/rakastettuja/rakastettujen/rakastettuihin/
N001Cy/lätty/lätyn/lättyyn/lättyjä/lättyjen/lättyihin/
N001Dö/käkö/käön/käköön/käköjä/käköjen/käköihin/
N001Do/hako/haon/hakoon/hakoja/hakojen/hakoihin/
N001Du/alku/alun/alkuun/alkuja/alkujen/alkuihin/
N001Dy/näky/näyn/näkyyn/näkyjä/näkyjen/näkyihin/
N001Eo/hepo/hevon/hepoon/hepoja/hepojen/hepoihin/
N001Eu/apu/avun/apuun/apuja/apujen/apuihin/
N001Ey/häpy/hävyn/häpyyn/häpyjä/häpyjen/häpyihin/
N001Fö/kytö/kydön/kytöön/kytöjä/kytöjen/kytöihin/
N001Fo/maastaveto/maastavedon/maastavetoon/maastavetoja/maastavetojen/maastavetoihin/
N001Fu/etu/edun/etuun/etuja/etujen/etuihin/
N001Fy/yty/ydyn/ytyyn/ytyjä/ytyjen/ytyihin/
N001Gö/ylänkö/ylängön/ylänköön/ylänköjä/ylänköjen/ylänköihin/
N001Go/hanko/hangon/hankoon/hankoja/hankojen/hankoihin/
N001Gu/hinku/hingun/hinkuun/hinkuja/hinkujen/hinkuihin/
N001Gy/sänky/sängyn/sänkyyn/sänkyjä/sänkyjen/sänkyihin/
N001Hö/lämpö/lämmön/lämpöön/lämpöjä/lämpöjen/lämpöihin/
N001Ho/lempo/lemmon/lempoon/lempoja/lempojen/lempoihin/
N001Hu/umpu/ummun/umpuun/umpuja/umpujen/umpuihin/
N001Iö/sisältö/sisällön/sisältöön/sisältöjä/sisältöjen/sisältöihin/
N001Io/aalto/aallon/aaltoon/aaltoja/aaltojen/aaltoihin/
N001Jö/pakkotäytäntö/pakkotäytännön/pakkotäytäntöön/pakkotäytäntöjä/pakkotäytäntöjen/pakkotäytäntöihin/
N001Jo/yksinlento/yksinlennon/yksinlentoon/yksinlentoja/yksinlentojen/yksinlentoihin/
N001Ju/huntu/hunnun/huntuun/huntuja/huntujen/huntuihin/
N001Jy/mänty/männyn/mäntyyn/mäntyjä/mäntyjen/mäntyihin/
N001Ko/kerto/kerron/kertoon/kertoja/kertojen/kertoihin/
N001Mu/luku/luvun/lukuun/lukuja/lukujen/lukuihin/
N001My/kyky/kyvyn/kykyyn/kykyjä/kykyjen/kykyihin/
N001_o/allegretto/allegretton/allegrettoon/allegrettoja/allegrettojen/allegrettoihin/
N001_u/jänishousu/jänishousun/jänishousuun/jänishousuja/jänishousujen/jänishousuihin/
N001_y/siperianhusky/siperianhuskyn/siperianhuskyyn/siperianhuskyjä/siperianhuskyjen/siperianhuskyihin/
N002_ö/jäljentämö/jäljentämön/jäljentämöön/jäljentämöitä/jäljentämöiden/jäljentämöihin/
N002_o/kuivattamo/kuivattamon/kuivattamoon/kuivattamoita/kuivattamoiden/kuivattamoihin/
N002_u/flirttailu/flirttailun/flirttailuun/flirttailuita/flirttailuiden/flirttailuihin/
N002_y/herkistely/herkistelyn/herkistelyyn/herkistelyitä/herkistelyiden/herkistelyihin/
N003_ö/ministeriö/ministeriön/ministeriöön/ministeriöitä/ministeriöiden/ministeriöihin/
N003_e/oboe/oboen/oboeen/oboeita/oboeiden/oboeihin/
N003_o/abstraktio/abstraktion/abstraktioon/abstraktioita/abstraktioiden/abstraktioihin/
N004Aö/kymmenikkö/kymmenikön/kymmenikköön/kymmenikköjä/kymmenikköjen/kymmenikköihin/
N004Ao/agnostikko/agnostikon/agnostikkoon/agnostikkoja/agnostikkojen/agnostikkoihin/
N005_š/borštš/borštšin/borštšiin/borštšeja/borštšien/borštšeihin/
N005Ai/ammoniakki/ammoniakin/ammoniakkiin/ammoniakkeja/ammoniakkien/ammoniakkeihin/
N005Bi/antilooppi/antiloopin/antilooppiin/antilooppeja/antilooppien/antilooppeihin/
N005Bp/pop/popin/popiin/popeja/popien/popeihin/
N005Ci/absoluutti/absoluutin/absoluuttiin/absoluutteja/absoluuttien/absoluutteihin/
N005Di/laki/lakia/laen/lakeen/lakia/lakien/lakiin/
N005Ei/hupi/huvin/hupiin/hupeja/hupien/hupeihin/
N005Fi/arkkitehti/arkkitehdin/arkkitehtiin/arkkitehtejä/arkkitehtien/arkkitehteihin/
N005Gi/lejeerinki/lejeeringin/lejeerinkiin/lejeerinkejä/lejeerinkien/lejeerinkeihin/
N005_I/lyhki/lyhkin/lyhkiin/lyhkejä/lyhkien/lyhkeihin/
N005Ii/pelti/pellin/peltiin/peltejä/peltien/pelteihin/
N005Ji/aatelointi/aateloinnin/aatelointiin/aatelointeja/aatelointien/aatelointeihin/
N005_S/aids/aidsin/aidsiin/aidseja/aidsien/aidseihin/
N005_b/pub/pubin/pubiin/pubeja/pubien/pubeihin/
N005_c/tic/ticin/ticiin/ticejä/ticien/ticeihin/
N005_d/polterabend/polterabendin/polterabendiin/polterabendeja/polterabendien/polterabendeihin/
N005_f/golf/golfin/golfiin/golfeja/golfien/golfeihin/
N005_g/stretching/stretchingin/stretchingiin/stretchingejä/stretchingien/stretchingeihin/
N005_h/brunch/brunchin/brunchiin/bruncheja/brunchien/bruncheihin/
N005_i/adjektiivi/adjektiivin/adjektiiviin/adjektiiveja/adjektiivien/adjektiiveihin/
N005_k/vorschmack/vorschmackin/vorschmackiin/vorschmackeja/vorschmackien/vorschmackeihin/
N005_l/sial/sialin/sialiin/sialeja/sialien/sialeihin/
N005_m/mainstream/mainstreamin/mainstreamiin/mainstreameja/mainstreamien/mainstreameihin/
N005_n/charleston/charlestonin/charlestoniin/charlestoneja/charlestonien/charlestoneihin/
N005_p/cup/cupin/cupiin/cupeja/cupien/cupeihin/
N005_r/cheerleader/cheerleaderin/cheerleaderiin/cheerleadereja/cheerleaderien/cheerleadereihin/
N005_s/rallicross/rallicrossin/rallicrossiin/rallicrosseja/rallicrossien/rallicrosseihin/
N005_t/management/managementin/managementiin/managementeja/managementien/managementeihin/
N005_v/stroganov/stroganovin/stroganoviin/stroganoveja/stroganovien/stroganoveihin/
N005_w/bungalow/bungalowin/bungalowiin/bungaloweja/bungalowien/bungaloweihin/
N005_x/lux/luxin/luxiin/luxeja/luxien/luxeihin/
N005_z/jazz/jazzin/jazziin/jazzeja/jazzien/jazzeihin/
N006_i/alabasteri/alabasterin/alabasteriin/alabastereita/alabasterien/alabastereihin/
N006_l/rial/rialin/rialiin/rialeita/rialien/rialeihin/
N006_m/liirumlaarum/liirumlaarumin/liirumlaarumiin/liirumlaarumeita/liirumlaarumien/liirumlaarumeihin/
N006_n/backgammon/backgammonin/backgammoniin/backgammoneita/backgammonien/backgammoneihin/
N006_p/gallup/gallupin/gallupiin/gallupeita/gallupien/gallupeihin/
N006_r/approbatur/approbaturin/approbaturiin/approbatureita/approbaturien/approbatureihin/
N007Bi/appi/apen/appeen/appia/appien/appiin/
N007Di/hiki/hien/hikeen/hikiä/hikien/hikiin/
N007Ei/alpi/alpia/alven/alpeen/alpia/alpien/alpiin/
N007Fi/lahti/lahtia/lahden/lahteen/lahtia/lahtien/lahtiin/
N007Gi/onki/ongen/onkeen/onkia/onkien/onkiin/
N007Hi/impi/immen/impeen/impiä/impien/impiin/
N007Li/arki/arjen/arkeen/arkia/arkien/arkiin/
N007_i/ovi/oven/oveen/ovia/ovien/oviin/
N008Ae/nukke/nuken/nukkeen/nukkeja/nukkein/nukkeihin/
N008Be/jeppe/jepen/jeppeen/jeppejä/jeppein/jeppeihin/
N008Ce/vinaigrette/vinaigretten/vinaigretteen/vinaigretteja/vinaigrettein/vinaigretteihin/
N008_e/komedienne/komediennen/komedienneen/komedienneja/komediennein/komedienneihin/
N009_ä/iskä/iskän/iskään/isköjä/iskäin/isköihin/
N009Aa/akustiikka/akustiikan/akustiikkaan/akustiikkoja/akustiikkain/akustiikkoihin/
N009Ba/heppa/hepan/heppaan/heppoja/heppain/heppoihin/
N009Ca/derivaatta/derivaatan/derivaattaan/derivaattoja/derivaattain/derivaattoihin/
N009Da/kuolinaika/kuolinajan/kuolinaikaan/kuolinaikoja/kuolinaikain/kuolinaikoihin/
N009Ea/aapa/aavan/aapaan/aapoja/aapain/aapoihin/
N009Fa/poikkiraita/poikkiraidan/poikkiraitaan/poikkiraitoja/poikkiraitain/poikkiraitoihin/
N009Ga/hanka/hangan/hankaan/hankoja/hankain/hankoihin/
N009Ha/kampa/kamman/kampaan/kampoja/kampain/kampoihin/
N009Ia/ilta/illan/iltaan/iltoja/iltain/iltoihin/
N009Jä/ilmehdintä/ilmehdinnän/ilmehdintään/ilmehdintöjä/ilmehdintäin/ilmehdintöihin/
N009Ja/ahnehdinta/ahnehdinnan/ahnehdintaan/ahnehdintoja/ahnehdintain/ahnehdintoihin/
N009Ka/kerta/kerran/kertaan/kertoja/kertain/kertoihin/
N009_a/chinchilla/chinchillan/chinchillaan/chinchilloja/chinchillain/chinchilloihin/
N010_ä/heikentymä/heikentymän/heikentymään/heikentymiä/heikentymien/heikentymiin/
N010Aä/ruisrääkkä/ruisrääkän/ruisrääkkään/ruisrääkkiä/ruisrääkkien/ruisrääkkiin/
N010Aa/laivatokka/laivatokan/laivatokkaan/laivatokkia/laivatokkien/laivatokkiin/
N010Bä/häppä/häpän/häppään/häppiä/häppien/häppiin/
N010Ba/koppa/kopan/koppaan/koppia/koppien/koppiin/
N010Cä/kyttä/kytän/kyttään/kyttiä/kyttien/kyttiin/
N010Ca/terrakotta/terrakotan/terrakottaan/terrakottia/terrakottien/terrakottiin/
N010Dä/ikä/iän/ikään/ikiä/ikien/ikiin/
N010Da/oka/oan/okaan/okia/okien/okiin/
N010Eä/kyrpä/kyrvän/kyrpään/kyrpiä/kyrpien/kyrpiin/
N010Ea/hupa/huvan/hupaan/hupia/hupien/hupiin/
N010Fä/itä/idän/itään/itiä/itien/itiin/
N010Fa/sarkainkohta/sarkainkohdan/sarkainkohtaan/sarkainkohtia/sarkainkohtien/sarkainkohtiin/
N010Gä/jänkä/jängän/jänkään/jänkiä/jänkien/jänkiin/
N010Ga/honka/hongan/honkaan/honkia/honkien/honkiin/
N010Ha/kompa/komman/kompaan/kompia/kompien/kompiin/
N010Iä/syltä/syllän/syltään/syltiä/syltien/syltiin/
N010Ia/multa/mullan/multaan/multia/multien/multiin/
N010Jä/hyväksyntä/hyväksynnän/hyväksyntään/hyväksyntiä/hyväksyntien/hyväksyntiin/
N010Ja/halveksunta/halveksunnan/halveksuntaan/halveksuntia/halveksuntien/halveksuntiin/
N010Lä/ylkä/yljän/ylkään/ylkiä/ylkien/ylkiin/
N010_a/aiheuttaja/aiheuttajan/aiheuttajaan/aiheuttajia/aiheuttajien/aiheuttajiin/
N011_ä/äpärä/äpärän/äpärään/äpäriä/äpärien/äpäriin/
N011_a/ahava/ahavan/ahavaan/ahavia/ahavien/ahaviin/
N012_ä/erittelijä/erittelijän/erittelijään/erittelijöitä/erittelijäin/erittelijiin/
N012_a/agorafobia/agorafobian/agorafobiaan/agorafobioita/agorafobiain/agorafobioihin/
N013_ä/kärinä/kärinän/kärinään/kärinöitä/kärinäin/kärinöihin/
N013_a/psykofarmaka/psykofarmakan/psykofarmakaan/psykofarmakoita/psykofarmakain/psykofarmakoihin/
N014Aä/imikkä/imikän/imikkään/imikköjä/imikkäin/imikköihin/
N014Aa/estetiikka/estetiikan/estetiikkaan/estetiikkoja/estetiikkain/estetiikkoihin/
N014Ba/ulappa/ulapan/ulappaan/ulapoita/ulapoiden/ulapoihin/
N014Ca/ometta/ometan/omettaan/ometoita/ometoiden/ometoihin/
N015_ä/häpeä/häpeän/häpeään/häpeitä/häpeiden/häpeihin/
N015_a/vieraskorea/vieraskorean/vieraskoreaan/vieraskoreita/vieraskoreiden/vieraskoreihin/
N016Hi/vanhempi/vanhemman/vanhempia/vanhempien/vanhempiin/
N017_a/vapaa/vapaan/vapaaseen/vapaita/vapaiden/vapaihin/
N017_o/ehtoo/ehtoon/ehtooseen/ehtoita/ehtoiden/ehtoihin/
N017_u/epuu/epuun/epuuseen/epuita/epuiden/epuihin/
N018_ä/jää/jään/jäähän/jäitä/jäiden/jäihin/
N018_ö/jöö/jöön/jööhön/jöitä/jöiden/jöihin/
N018_a/maa/maan/maahan/maita/maiden/maihin/
N018_e/pee/peen/peehen/peitä/peien/peihin/
N018_i/hai/hain/haihin/haita/haiden/haihin/
N018_o/rokokoo/rokokoon/rokokoohon/rokokoita/rokokoiden/rokokoihin/
N018_u/homssantuu/homssantuun/homssantuuhun/homssantuita/homssantuiden/homssantuihin/
N018_y/kyy/kyyn/kyyhyn/kyitä/kyiden/kyihin/
N019_ö/yö/yön/yöhön/öitä/öiden/öihin/
N019_e/tie/tien/tiehen/teitä/teiden/teihin/
N019_o/suo/suon/suohon/soita/soiden/soihin/
N020_ö/miljöö/miljöön/miljööseen/miljöitä/miljöiden/miljöihin/
N020_a/nugaa/nugaan/nugaahan/nugaita/nugaiden/nugaihin/
N020_e/bebee/bebeen/bebeehen/bebeitä/bebeiden/bebeihin/
N020_o/politbyroo/politbyroon/politbyroohin/politbyroita/politbyroiden/politbyroihin/
N020_u/raguu/raguun/raguuhun/raguita/raguiden/raguihin/
N020_y/menyy/menyyn/menyyhyn/menyitä/menyiden/menyihin/
N021_é/bébé/bébén/bébéhen/bébéitä/bébéiden/bébéihin/
N021_e/fondue/fonduen/fonduehen/fondueita/fondueiden/fondueihin/
N021_u/clou/cloun/clouhun/clouita/clouiden/clouihin/
N021_y/gay/gayta/gayn/gayhin/gayita/gayiden/gayihin/
N022_t/buffet/buffet’n/buffet’hen/buffet’itä/buffet’iden/buffet’ihin/
N022_w/show/show’n/show’hun/show’ita/show’iden/show’ihin/
N023_i/lohi/lohen/loheen/lohia/lohien/lohiin/
N024_i/siperianlehtikuusi/siperianlehtikuusen/siperianlehtikuuseen/siperianlehtikuusia/siperianlehtikuusien/siperianlehtikuusiin/
N025_i/lumi/lunta/lumen/lumeen/lumia/lumien/lumiin/
N026_i/arrowjuuri/arrowjuuren/arrowjuureen/arrowjuuria/arrowjuurien/arrowjuuriin/
N027_i/marraskesi/marraskeden/marrasketeen/marraskesia/marraskesien/marraskesiin/
N028Ii/jälsi/jällen/jälteen/jälsiä/jälsien/jälsiin/
N028_i/orsi/orren/orteen/orsia/orsien/orsiin/
N029_i/lapsi/lapsen/lapseen/lapsia/lapsien/lapsiin/
N030_i/peitsi/peitsiä/peitsen/peitseen/peitsiä/peisten/peitsiin/
N031_i/haaksi/haahden/haahteen/haaksia/haaksien/haaksiin/
N032Cr/espanjatar/espanjattaren/espanjattareen/espanjataria/espanjatarien/espanjatariin/
N032Dn/ien/ikenen/ikeneen/ikeniä/ienten/ikeniin/
N032_l/nivel/nivelen/niveleen/niveliä/nivelien/niveliin/
N032_n/aamen/aamenen/aameneen/aamenia/aamenien/aameniin/
N032_r/sisar/sisaren/sisareen/sisaria/sisarien/sisariin/
N033Bn/hapan/happamaa/happaman/happamaan/happamia/hapanten/happamiin/
N033Cn/säteilytin/säteilyttimen/säteilyttimeen/säteilyttimiä/säteilytinten/säteilyttimiin/
N033Dn/puin/pukimen/pukimeen/pukimia/puinten/pukimiin/
N033En/kaavin/kaapimen/kaapimeen/kaapimia/kaapimien/kaapimiin/
N033Fn/ydin/ytimen/ytimeen/ytimiä/ydinten/ytimiin/
N033In/askellin/askeltimen/askeltimeen/askeltimia/askellinten/askeltimiin/
N033Jn/kannin/kantimen/kantimeen/kantimia/kanninten/kantimiin/
N033Kn/avarrin/avartimen/avartimeen/avartimia/avarrinten/avartimiin/
N033Ln/paljin/palkimen/palkimeen/palkimia/paljinten/palkimiin/
N033_n/käynnistin/käynnistimen/käynnistimeen/käynnistimiä/käynnistimien/käynnistimiin/
N034Cn/kuolematon/kuolemattoman/kuolemattomaan/kuolemattomia/kuolematonten/kuolemattomiin/
N036_n/lähin/lähintä/lähimmän/lähimpään/lähimpiä/lähimpien/lähimpiin/lähimpää/lähimmän/lähimpään/lähimpiä/lähimpien/lähimpiin/
N037_n/vasen/vasenta/vasemman/vasempaan/vasempia/vasempien/vasempiin/
N038_n/ainokainen/ainokaisen/ainokaiseen/ainokaisia/ainokaisien/ainokaisiin/
N039_s/brodeeraus/brodeerauksen/brodeeraukseen/brodeerauksia/brodeerauksien/brodeerauksiin/
N040_s/aatelisuus/aatelisuuden/aatelisuuteen/aatelisuuksia/aatelisuuksien/aatelisuuksiin/
N041As/hollannikas/hollannikkaan/hollannikkaaseen/hollannikkaita/hollannikkaiden/hollannikkaihin/
N041Bs/opas/oppaan/oppaaseen/oppaita/oppaiden/oppaihin/
N041Cs/mätäs/mättään/mättääseen/mättäitä/mättäiden/mättäihin/
N041Ds/ies/ikeen/ikeeseen/ikeitä/ikeiden/ikeihin/
N041Es/havas/havasta/hapaan/hapaaseen/hapaita/hapaiden/hapaihin/
N041Fs/pudas/putaan/putaaseen/putaita/putaiden/putaihin/
N041Gs/hiomakangas/hiomakankaan/hiomakankaaseen/hiomakankaita/hiomakankaiden/hiomakankaihin/
N041Hs/hammas/hampaan/hampaaseen/hampaita/hampaiden/hampaihin/
N041Is/allas/altaan/altaaseen/altaita/altaiden/altaihin/
N041Js/kinnas/kintaan/kintaaseen/kintaita/kintaiden/kintaihin/
N041Ks/parras/partaan/partaaseen/partaita/partaiden/partaihin/
N041_s/lähettiläs/lähettilään/lähettilääseen/lähettiläitä/lähettiläiden/lähettiläihin/
N042_s/mies/miehen/mieheen/miehiä/miehien/miehiin/
N043Ht/immyt/impyen/impyeen/impyitä/impyiden/impyihin/
N043_t/olut/oluen/olueen/oluita/oluiden/oluihin/
N044_t/kevät/kevään/kevääseen/keväitä/keväiden/keväihin/
N045_s/kymmenes/kymmeneksen/kymmenekseen/kymmeneksiä/kymmeneksien/kymmeneksiin/
N047_t/masentunut/masentuneen/masentuneeseen/masentuneita/masentuneiden/masentuneihin/
N048Ae/ajankuluke/ajankulukkeen/ajankulukkeeseen/ajankulukkeita/ajankulukkeiden/ajankulukkeihin/
N048Be/ape/appeen/appeeseen/appeita/appeiden/appeihin/
N048Ce/ote/otteen/otteeseen/otteita/otteiden/otteihin/
N048De/aie/aikeen/aikeeseen/aikeita/aikeiden/aikeihin/
N048Ee/kuve/kuvetta/kupeen/kupeeseen/kupeita/kupeiden/kupeihin/
N048Fe/ahde/ahteen/ahteeseen/ahteita/ahteiden/ahdeisiin/
N048He/lumme/lumpeen/lumpeeseen/lumpeita/lumpeiden/lumpeihin/
N048Ie/palle/palteen/palteeseen/palteita/palteiden/palteihin/
N048Je/enne/enteen/enteeseen/enteitä/enteiden/enteihin/
N048Ke/aarre/aarteen/aarteeseen/aarteita/aarteiden/aarteihin/
N048Le/elje/elkeen/elkeeseen/elkeitä/elkeiden/elkeihin/
N048_e/työntökytkye/työntökytkyeen/työntökytkyeeseen/työntökytkyeitä/työntökytkyeiden/työntökytkyeihin/
N048_i/ori/oritta/orin/oriin/oreja/orien/oreihin/
N048_u/kiiru/kiiruen/kiirueseen/kiiruita/kiiruiden/kiiruihin/
N049Dn/säen/säkenen/säkeneen/säkeniä/säenten/säkeniin/
N049El/taival/taipalen/taipaleen/taipalia/taipalien/taipaleihin/
N049Fr/udar/utaren/utareen/utaria/udarten/utariin/
N049Gr/penger/penkeren/penkereen/penkeriä/pengerten/penkeriin/
N049Hl/ommel/ompelen/ompeleen/ompelia/ommelten/ompeliin/
N049Jl/kannel/kantelen/kanteleen/kantelia/kannelten/kanteliin/
N049Jr/kinner/kinteren/kintereen/kinteriä/kinnerten/kinteriin/
N049_e/utare/utareen/utareeseen/utareita/utareiden/utareihin/
N049_l/askel/askelen/askeleen/askelia/askelien/askeliin/
N049_n/muren/murenen/mureneen/murenia/murenien/mureniin/
N049_r/auer/auteren/autereen/auteria/auerten/auteriin/
N058Da/hakea/hakean/hakeaan/hakeoita/hakeain/hakeoihin/
N067_a/panna/pannan/pannaan/pannoja/pannain/pannoihin/
N069_a/kaita/kaidan/kaitaan/kaitoja/kaitain/kaitoihin/
N073Da/taata/taatan/taataan/taatoja/taatain/taatoihin/
