
a
aa
aak
aal
aan
aap
aar
aat
ad
ag
agg
ah
ai
aids
ais
ait
ak
akk
al
alp
alt
am
amp
an
and
ang
ank
ans
ant
ap
app
aps
apst
ar
ard
ark
art
as
ash
ast
at
ats
att
au
auk
aus
aut
da
daa
daat
dah
dais
dak
dal
dam
dan
dans
dant
dap
dar
dart
das
dat
daus
de
dee
deet
deh
dei
deis
dek
del
dem
den
dend
dens
dent
dep
der
derg
ders
des
desk
det
deu
di
die
dien
diens
dig
dih
dihh
dii
diik
diit
dik
dikk
dil
din
ding
dip
dir
dis
disk
dist
dit
diu
dium
dius
do
dog
doi
doin
doit
dok
dokt
dol
don
donk
dont
doo
doot
dop
dor
dos
dot
dou
du
duh
dui
duis
duk
dul
dum
dump
dun
duo
dup
dur
dus
dust
dut
duu
duuk
e
ed
ee
eek
ees
eet
eh
ei
ek
eks
eksk
eksp
ekst
el
em
emp
en
eng
enk
ens
ent
er
erk
ert
es
esp
est
et
eu
euk
ga
gaa
gaat
gah
gain
gais
gal
gam
gan
gang
gangs
gans
gant
gap
gar
gas
gast
gat
gau
gauk
gaul
gaus
ge
gee
geet
gei
geist
gek
gel
gels
gem
gen
gend
gens
gent
gep
ger
ges
get
geu
gi
gie
gii
giik
gik
gil
gim
gin
gip
gis
git
giu
go
gog
goi
goin
gois
goit
gol
golh
gon
gong
good
goot
gor
gos
got
gou
gour
gu
gui
gul
gun
gup
gur
gurt
gus
gut
guu
ha
hâ
haa
haah
haak
haal
haan
haar
haas
haat
had
hah
hai
haih
haik
hail
haim
haip
hair
hais
haisg
hait
hak
hal
halk
hals
halst
halt
ham
hamp
hams
hamst
han
hank
hans
hant
hap
har
hard
hark
harp
hars
hart
has
hat
hau
hauk
haus
haut
havk
he
hed
hee
heed
heel
heenk
heer
heet
heh
hei
heid
heik
heil
heis
heit
hek
hekk
hel
helk
help
hels
helt
hem
hemp
hen
hep
her
herk
herrn
hert
hes
het
heu
heus
heut
hi
hie
hiek
hier
hies
hih
hii
hiih
hiik
hiil
hiin
hiip
hiis
hiit
hik
hil
hilk
hilt
him
himp
hin
hing
hink
hint
hip
hips
hir
hirs
hirt
his
hit
hiu
hiuk
hius
hiv
ho
hoh
hoi
hoik
hoil
hoin
hoip
hoit
hok
hokst
hol
holk
hols
holt
hom
homp
homs
hon
hont
hoo
hool
hop
hor
hord
hork
horn
horp
hors
hort
hos
hot
hou
houk
hous
hu
hud
hug
huh
hui
huik
huil
huip
huis
huit
huk
hul
hult
hum
hump
hun
hunk
huns
hunt
huo
huok
huol
huon
huot
hup
hur
hurk
hurs
hurt
hus
hut
huu
huuh
huul
huur
huus
huut
i
'i
ien
ies
ig
ih
ii
iik
ik
il
ilk
ilt
im
imp
in
'in
ing
inh
ink
ins
inst
int
ir
irs
is
it
'it
ja
jaa
jaah
jaak
jaan
jaar
jah
jai
jail
jain
jais
jak
jal
jalk
jam
jams
jan
jank
jans
jant
jap
jar
jark
jas
jass
jat
jats
jau
jauk
jaus
jaut
je
jee
jeep
jeh
jei
jeil
jeis
jek
jel
jelp
jem
jen
jenk
jens
jep
jer
jes
jet
jeus
ji
jid
jii
jik
jin
jip
jis
jit
jiu
jo
jod
joh
joi
joil
join
jois
joit
jok
jol
jolp
jon
jong
joo
joon
joot
jop
jor
jos
jot
jou
jouk
jour
jous
jout
ju
juh
jui
juil
juip
juis
juk
jul
julk
jum
jump
jun
jung
junk
juns
junt
juo
juoh
juok
juon
juop
juos
juot
jup
jur
jurk
jurp
jus
jut
juts
juu
juun
juur
juus
juut
ka
kaa
kaak
kaal
kaan
kaans
kaap
kaar
kaat
kad
kah
kai
kaih
kaik
kail
kain
kais
kait
kak
kal
kalk
kalp
kals
kalt
kam
kamp
kan
kank
kans
kant
kap
kar
kark
karp
kars
kart
kas
kass
kast
kat
kau
kauh
kaun
kaup
kaus
kaut
ke
kee
keel
keen
keep
keet
keh
kei
keik
keil
keis
keit
kek
kel
kelk
kels
kelt
kem
kemp
ken
kenk
kent
kep
ker
kerk
kerp
kers
kert
kes
kest
ket
ketk
keu
keuh
keuk
keus
keut
ki
kid
kie
kieh
kiek
kiel
kien
kiep
kier
kih
kii
kiih
kiik
kiil
kiin
kiis
kiit
kik
kil
kilk
kilt
kim
kimp
kin
king
kink
kint
kip
kir
kirk
kirp
kirs
kis
kit
kitskh
kiu
kiuk
kius
kiut
ko
kog
koh
koi
koik
koil
koin
kois
koit
kok
kokk
kol
kolk
kolt
kom
komp
kon
kong
konh
konk
kons
konst
kont
koo
koon
koop
koor
koos
koot
kop
kor
kork
korn
korp
kors
kort
kos
kot
kou
kouh
kouk
koun
kount
kous
kout
ku
kuh
kui
kuih
kuik
kuikks
kuil
kuis
kuit
kuk
kul
kulp
kult
kum
kumh
kumk
kump
kun
kung
kunk
kunt
kuo
kuoh
kuok
kuol
kuon
kuop
kuor
kup
kur
kurk
kurp
kurs
kurt
kus
kut
kuu
kuuh
kuuk
kuul
kuun
kuup
kuur
kuus
kuut
la
laa
laak
laal
laan
laap
laar
laas
laat
lah
lai
laih
laik
lail
lain
laip
lais
lait
lak
lal
lam
lamp
lan
land
lank
lans
lant
lap
laps
lar
las
lat
lau
lauh
lauk
laus
laust
laut
le
lee
leen
leet
leg
leh
lei
leik
leil
leis
lek
lekt
lel
lem
lemp
len
lenk
lens
lent
lep
ler
lerp
les
less
let
leu
leuh
leus
leut
li
lie
lied
lieh
liek
lien
lies
liet
lig
lih
lii
liik
liin
liip
liir
liis
liit
lik
lil
lim
limp
lims
lin
lind
ling
link
lins
lint
lip
lir
lirt
lis
lish
lit
liu
liuk
lium
lius
liv
lo
lod
log
loh
loi
loih
loik
loil
loin
lois
loit
lok
lol
lom
lomp
lon
lonk
lont
loo
look
loop
loot
lop
lor
lorn
lorp
lort
los
lot
lou
louh
louk
lous
lout
lov
lu
lug
luh
lui
luik
luil
luis
luk
lul
lum
lump
lun
lunk
luns
lunt
luo
luok
luon
luos
luot
lup
lur
lus
lusk
lust
lut
luu
luuk
luul
luun
luup
luus
luut
ma
maa
maal
maam
maan
maar
maas
maat
mad
mag
mah
mai
maik
mail
main
mainst
mais
maist
mait
mak
makk
mal
malt
mam
man
mand
mang
mank
mans
mant
map
mar
mark
markk
mars
mart
mas
mat
mats
mau
mauk
maus
maut
me
mee
meel
meen
meet
meh
mei
meik
meil
meis
meit
mek
mel
mels
mem
memp
men
menk
menst
ment
mer
merk
mes
met
meu
meuh
meus
meut
mi
mie
miek
miel
mies
miet
mig
mii
miik
miil
miin
miis
miit
mik
miks
mil
mim
min
mink
mint
mir
mis
miss
mit
miu
mium
mius
miut
mo
mog
moh
moi
moil
moin
mois
moit
mok
mol
mols
mom
mon
monst
mont
moo
moon
moot
mop
mor
mord
mork
mors
mort
mos
mot
mots
mou
mouk
mour
mous
mu
mud
muh
mui
muik
muil
muis
muk
mul
mulk
muls
mum
mun
munk
munt
muo
muok
muon
muos
muot
mur
murk
murs
murt
mus
mut
muu
muun
muus
muut
na
naa
naak
naal
naan
naar
naat
nag
nah
nai
naig
naik
nail
nain
nais
nait
nak
nakks
nal
nam
nan
nans
nant
nap
nar
nark
nars
nart
nas
nat
nau
nauk
naus
naut
ne
nee
neel
neet
neg
neh
nei
neik
neil
neis
neit
nek
nel
nelk
nem
nen
nens
nent
nep
ner
nes
ness
nest
net
neu
neuk
neus
neut
nev
ni
nie
niek
niel
nier
niet
nih
nii
niik
niis
niit
nik
niks
nil
nilk
nim
nimp
nin
ning
nip
nir
nirk
nirs
nis
nit
niu
niuk
nium
niumk
nius
no
nog
noh
noi
noil
noin
noit
nok
nol
nom
non
nons
noo
noop
noot
nop
nor
nork
norp
nors
nort
nos
nost
not
nou
noug
nouh
nouk
nour
nous
nout
nov
nu
nuh
nui
nuil
nuin
nuit
nuk
nul
nulk
num
nun
nuo
nuok
nuol
nuor
nuot
nup
nur
nurk
nus
nut
nuu
nuuh
nuun
nuus
nuut
o
og
oh
ohh
oi
oik
ok
ol
om
omp
on
ongst
ont
oo
oop
oot
op
opst
opt
or
ork
ort
os
osk
ost
ot
ou
ouk
out
pa
paa
paah
paak
paal
paan
paap
paar
paas
paat
pah
pai
paid
paih
paik
pail
pain
pais
pait
pak
pakk
pal
palk
pall
palm
pals
palt
pam
pamh
pamp
pan
pank
panks
pans
pant
pap
par
park
pars
part
pas
pat
pau
pauk
paur
paus
paut
pe
pee
peek
peel
peen
peet
peg
peh
pei
peig
peik
peil
peip
peis
peit
pek
pekt
pel
pelk
pelt
pemp
pen
pend
penk
pens
pent
pep
per
perk
pers
pert
pes
pest
pet
peu
peuk
peus
peut
pi
pie
pieh
piek
pien
pier
pies
pig
pih
pii
piik
piil
piin
piip
piir
piis
piit
pik
pil
pilk
pils
pilt
pim
pimp
pin
ping
pink
pins
pint
pip
pir
pirk
pirs
pirt
pis
pist
pit
piu
piuk
pium
po
pod
pog
poh
poi
poik
poil
poin
point
pois
poit
pok
poks
pol
polk
pols
polt
pom
pomp
pon
pong
ponk
pons
pont
poo
pook
poor
poos
poot
pop
por
pork
pors
porsts
port
pos
post
pot
pou
pouh
pouk
pour
pous
pu
pud
pudd
pug
puh
pui
puik
puil
puin
puis
puk
pul
pulk
pull
pulp
puls
pult
pum
pump
pun
punk
puns
punt
puo
puok
puol
puor
puos
puot
pup
pur
purk
purp
purs
purt
pus
puss
put
puu
puuh
puuk
puun
puur
puus
puut
puv
ra
raa
raak
raal
raan
raap
raas
raat
rad
rag
rags
rah
rai
raih
raik
rail
rain
raip
rais
rait
rak
rakk
ral
rals
ram
ramp
ran
rank
rans
ransk
ransp
rant
rap
rar
ras
rat
rau
rauk
raus
raut
re
rê
ree
reel
reen
rees
reet
reg
reh
rei
reik
reil
rein
reip
reis
reit
rek
rekô
rel
rem
remp
ren
renk
renkh
rens
rent
rep
res
rest
ret
retk
reu
reuh
reus
reut
ri
rid
rie
riek
rien
riend
rient
ries
riet
rig
right
rih
rihh
rii
riih
riik
riin
riip
riis
riit
rik
ril
rim
rimp
rims
rin
ring
rink
rins
rint
rip
ris
rit
riu
riuh
rium
rius
riut
ro
rog
roh
roi
roik
roil
roin
rois
roit
rok
rokk
rol
rom
romp
roms
ron
ronk
rons
ront
roo
rook
roon
roop
root
rop
ros
ross
rot
rots
rott
rou
rouh
rouk
round
rous
rout
rov
ru
rug
ruh
rui
ruik
ruil
ruin
ruis
ruit
ruk
rul
rum
run
runk
runkh
runs
ruo
ruok
ruop
ruos
ruot
rup
rur
rus
rust
rut
ruu
ruuè
ruuh
ruuk
ruun
ruup
ruus
ruut
sa
saa
saak
saal
saan
saar
saas
saat
sad
sag
sah
sai
saih
saik
sail
sain
saint
saip
sais
sak
saks
sal
salk
salt
sam
samp
san
sand
sang
sank
sans
sansk
sant
sap
sar
sark
sas
sat
sau
sauk
saun
saus
saut
se
see
seel
seep
sees
seet
seg
seh
sei
seik
seil
sein
seis
seit
sek
seks
sel
selk
sels
sem
semp
sen
seng
senk
sens
sent
sep
ser
serk
sert
ses
set
seu
seus
seut
si
sie
siens
sient
siep
sies
sig
sight
sign
sih
sii
siik
siin
siip
siir
siis
siit
sik
sil
silk
silp
silt
sim
simp
sin
sing
sink
sint
sip
sir
sirk
sirp
sis
sit
siu
sium
sius
so
soh
soht
soi
soih
soik
soil
soin
sois
soit
sok
sol
solk
solt
som
somp
son
sonk
sont
soo
soot
sop
sor
sork
sorp
sors
sort
sos
sot
sou
soul
soun
sous
sout
sov
su
sug
suh
suhh
sui
suih
suik
suil
suip
suis
suit
suk
sukk
sul
sulp
sult
sum
sump
sun
sund
sunk
sunt
suo
suok
suol
suon
suop
suor
suos
suot
sup
sups
sur
surh
surk
sus
sut
suu
suud
suuk
suul
suun
suur
suus
suut
ta
taa
taak
taan
taap
taat
tag
tagh
tah
tai
taik
tail
tain
tais
tait
tak
taks
tal
talk
talt
tam
tamp
tan
tank
tans
tant
tap
tar
tark
tarp
tars
tart
tas
tast
tat
tats
tau
tauh
taus
taut
te
ted
tee
teek
teel
teen
tees
teet
teg
teh
tei
teik
teil
teip
teis
teit
tek
teks
tel
telk
telt
tem
temp
ten
tenk
tens
tent
tep
ter
tern
ters
tert
tes
tet
teu
teus
teut
ti
tie
ties
tig
tih
tii
tiik
tiin
tiis
tiit
tik
tikk
til
tilk
tim
tin
ting
tink
tint
tip
tir
tirs
tis
tit
tiu
tiuk
tium
tius
tiut
to
tog
toh
toi
toik
toil
toin
tois
toit
tok
tol
tolk
tolp
tols
tom
tomp
ton
tonk
tont
too
tool
toon
toop
top
tor
tork
torp
tors
tort
tos
tot
tou
touh
touk
tous
tout
tu
tuh
tui
tuik
tuil
tuim
tuin
tuis
tuit
tuk
tul
tulk
tulp
tuls
tum
tump
tun
tund
tung
tunk
tunt
tuo
tuoh
tuok
tuol
tuon
tuop
tuos
tuot
tup
tur
turk
turs
tus
tut
tuu
tuuk
tuul
tuun
tuup
tuur
tuus
tuut
u
ud
ug
uh
ui
uik
uin
uis
uit
uk
uks
ul
uls
um
ump
un
'un
uns
uo
uok
up
ur
urk
urt
us
ut
'ut
uu
uur
uut
va
vaa
vaah
vaak
vaal
vaan
vaap
vaar
vaat
vad
vah
vai
vaih
vaik
vail
vain
vaip
vais
vait
vak
val
valk
valp
vals
valt
vam
vamp
van
vank
vans
vant
vap
var
vark
varp
vars
vart
vas
vat
vau
vauh
vaus
vaut
ve
vee
veed
veel
veen
veet
veh
vei
veik
veil
veis
veiss
veit
vek
vel
velt
vem
ven
venk
vens
vent
vep
ver
verg
verk
vers
vert
ves
vet
vets
veu
veuh
veus
veut
vi
vie
vieh
viek
vien
vier
vies
viet
vig
vih
viht
vii
viih
viik
viil
viis
viit
vik
vikh
vil
vilk
vill
vilp
vils
vilt
vim
vin
ving
vink
vins
vint
vip
vir
virk
virs
virt
vis
vist
vit
vits
viu
viuh
vius
vo
vod
voh
voi
voih
voik
voil
voin
vois
voit
vok
vol
volh
volt
von
voo
vor
vorks
vorskh
vos
vot
vou
vouh
vouk
vous
vu
vui
vuk
vul
vun
vuo
vuok
vuol
vuot
vurs
vus
vut
vuu
vuuh
vuus
vuut
