!
N0010o !allegretto,
N0010o !cappuccino,
N0010o !diminuendo,
N0010ö !hedelmistö,
N0010ö !henkilöstö,
N0010ö !höyhenistö,
N0010o !intermezzo,
N0010o !irtaimisto,
N0010ö !köyhälistö,
N0010ö !sävelmistö,
N0010u !jänishousu,
N0010u !onnenpotku,
N0010u !peräprutku,
N0010u !suonikohju,
N0010u !vihtahousu,
N0010y !äly,
N0010y !baby,
N0010y !city,
N0010y !copy,
N0010y !siperianhusky,
N001Ao !keliaakikko,
N001Aö !kökkö,
N001Ao !pateetikko,
N001Aö !petäjikkö,
N001Aö !pökkö,
N001Ao !poleemikko,
N001Ao !poliitikko,
N001Ao !romantikko,
N001Aö !sönkkö,
N001Aö !yökkö,
N001Au !akku,
N001Au !arkku,
N001Au !hakku,
N001Au !punatulkku,
N001Au !tuliluikku,
N001Ay !höykky,
N001Ay !kyykky,
N001Ay !lykky,
N001Ay !myrkky,
N001Ay !tykky,
N001Bo !happo,
N001Bo !jippo,
N001Bo !kippo,
N001Bo !lappo,
N001Bo !lippo,
N001Bö !lörppö,
N001Bö !syöppö,
N001Bö !törppö,
N001Bu !heppu,
N001Bu !himphamppu,
N001Bu !hippu,
N001Bu !hoppu,
N001Bu !huppu,
N001By !hörppy,
N001By !hyppy,
N001By !näppy,
N001By !nyppy,
N001By !ryppy,
N001Co !aatto,
N001Co !altto,
N001Co !getto,
N001Cö !höttö,
N001Cö !jättö,
N001Cö !käyttö,
N001Cö !näyttö,
N001Co !otto,
N001Co !sukupuutto,
N001Cö !tyttö,
N001Cu !hattu,
N001Cu !huttu,
N001Cu !rakastettu,
N001Cu !valtuutettu,
N001Cu !viimemainittu,
N001Cy !käntty,
N001Cy !lätty,
N001Cy !mytty,
N001Cy !niitty,
N001Cy !pytty,
N001Do !hako,,haon +ha’on,,haolle +ha’olle,haotta +ha’otta,haot +ha’ot,,,,haoille +ha’oille,haoin +ha’oin
N001Do !jako,,jaon +ja’on,,jaolle +ja’olle,jaotta +ja’otta,jaot +ja’ot,,,,jaoille +ja’oille,jaoin +ja’oin
N001Dö !käkö,,käön +kä’ön,,käölle +kä’ölle,käöttä +kä’öttä,käöt +kä’öt,,,,käöille +kä’öille,käöin +kä’öin
N001Do !keko,,keon +ke’on,,keolle +ke’olle,keotta +ke’otta,keot +ke’ot,,,,keoille +ke’oille,keoin +ke’oin
N001Do !koko,,koon +ko’on,,koolle +ko’olle,kootta +ko’otta,koot +ko’ot,,,,kooille +ko’oille,kooin +ko’oin,kooitta +ko’oitta,,koon +ko’on,,koolle +ko’olle,kootta +ko’otta,koot +ko’ot,,,,kooille +ko’oille,kooin +ko’oin
N001Dö !mörkö,,mörön +mör’ön,,mörölle +mör’ölle,möröttä +mör’öttä,möröt +mör’öt,,,,möröille +mör’öille,möröin +mör’öin
N001Dö !näkö,,näön +nä’ön,,näölle +nä’ölle,näöttä +nä’öttä,näöt +nä’öt,,,,näöille +nä’öille,näöin +nä’öin
N001Do !pako,,paon +pa’on,,paolle +pa’olle,paotta +pa’otta,paot +pa’ot,,,,paoille +pa’oille,paoin +pa’oin
N001Du !alku,,alun +al’un,,alulle +al’ulle,alutta +al’utta,alut +al’ut,,,,aluille +al’uille,aluin +al’uin
N001Du !haiku,,haiun +hai’un+haikun,,haiulle +hai’ulle+haikulle,haiutta +hai’utta+haikutta,haiut +hai’ut+haikut,,,,haiuille +hai’uille+haikuille,haiuin +hai’uin+haikuin
N001Du !haku,,haun +ha’un,,haulle +ha’ulle,hautta +ha’utta,haut +ha’ut,,,,hauille +ha’uille,hauin +ha’uin
N001Du !hoku,,houn +ho’un,,houlle +ho’ulle,houtta +ho’utta,hout +ho’ut,,,,houille +ho’uille,houin +ho’uin
N001Du !maku,,maun +ma’un,,maulle +ma’ulle,mautta +ma’utta,maut +ma’ut,,,,mauille +ma’uille,mauin +ma’uin
N001Dy !hylky,,hylyn +hyl’yn+hylkyn,,hylylle +hyl’ylle+hylkylle,hylyttä +hyl’yttä+hylkyttä,hylyt +hyl’yt+hylkyt,,,,hylyille +hyl’yille+hylkyille,hylyin +hyl’yin+hylkyin
N001Dy !hyöky,,hyöyn +hyö’yn,,hyöylle +hyö’ylle,hyöyttä +hyö’yttä,hyöyt +hyö’yt,,,,hyöyille +hyö’yille,hyöyin +hyö’yin
N001Dy !näky,,näyn +nä’yn,,näylle +nä’ylle,näyttä +nä’yttä,näyt +nä’yt,,,,näyille +nä’yille,näyin +nä’yin
N001Dy !nylky,,nylyn +nyl’yn,,nylylle +nyl’ylle,nylyttä +nyl’yttä,nylyt +nyl’yt,,,,nylyille +nyl’yille,nylyin +nyl’yin
N001Dy !täky,,täyn +tä’yn,,täylle +tä’ylle,täyttä +tä’yttä,täyt +tä’yt,,,,täyille +tä’yille,täyin +tä’yin
N001Eo !hepo,
N001Eo !kupo,
N001Eo !lepo,
N001Eo !repo,
N001Eo !ropo,
N001Eu !apu,
N001Eu !kipu,
N001Eu !kupu,
N001Eu !papu,
N001Eu !rapu,
N001Ey !häpy,
N001Ey !käpy,
N001Ey !kylpy,
N001Fo !ehto,
N001Fö !häätö,
N001Fö !hyötö,
N001Fö !hyytö,
N001Fo !keto,
N001Fo !koto,,kodon +koton,,kodolle +kotolle,kodotta +kototta,kodot +kotot,,,,kodoille +kotoille,kodoin +kotoin
N001Fö !kytö,
N001Fo !maastaveto,
N001Fö !rytö,
N001Fo !sisäänveto,
N001Fu !etu,
N001Fu !hitu,
N001Fu !itu,
N001Fu !kutu,
N001Fu !utu,
N001Fy !hyöty,
N001Fy !jyty,
N001Fy !pöty,
N001Fy !vety,
N001Fy !yty,
N001Go !hanko,
N001Go !lanko,
N001Go !linko,
N001Go !pinko,
N001Go !ranko,
N001Gö !syvänkö,
N001Gö !ylänkö,
N001Gu !hinku,
N001Gu !tunku,
N001Gu !vinku,
N001Gy !sänky,
N001Hö !lämpö,
N001Ho !lempo,
N001Ho !sampo,
N001Hu !kumpu,
N001Hu !rumpu,
N001Hu !umpu,
N001Io !aalto,
N001Io !hiilto,
N001Io !huolto,
N001Io !malto,
N001Io !pelto,
N001Iö !sisältö,
N001Jö !ääntö,
N001Jö !kääntö,
N001Jö !kyntö,
N001Jo !laatikkoonkanto,
N001Jo !luukkuunkanto,
N001Jo !matalalento,
N001Jo !mielenkiinto,
N001Jö !pakkotäytäntö,
N001Jö !ryntö,
N001Jo !yksinlento,
N001Ju !huntu,
N001Ju !kontu,
N001Ju !lintu,
N001Ju !mantu,
N001Ju !pentu,
N001Jy !mänty,
N001Jy !synty,
N001Ko !kerto,
N001Ko !murto,
N001Ko !sorto,
N001Ko !uurto,
N001Ko !verto,
N001Mu !luku,
N001Mu !puku,
N001Mu !suku,
N001My !kyky,
N001My !myky,
N0020ö !jäädyttämö,,,,,,,jäädyttämöitä +jäädyttämöjä,jäädyttämöiden +jäädyttämöitten+jäädyttämöjen,,,
N0020ö !jäljentämö,,,,,,,jäljentämöitä +jäljentämöjä,jäljentämöiden +jäljentämöitten+jäljentämöjen,,,
N0020ö !kiinteistö,,,,,,,kiinteistöitä +kiinteistöjä,kiinteistöiden +kiinteistöitten+kiinteistöjen,,,
N0020o !kuivattamo,,,,,,,kuivattamoita +kuivattamoja,kuivattamoiden +kuivattamoitten+kuivattamojen,,,
N0020o !kunnostamo,,,,,,,kunnostamoita +kunnostamoja,kunnostamoiden +kunnostamoitten+kunnostamojen,,,
N0020o !kustantamo,,,,,,,kustantamoita +kustantamoja,kustantamoiden +kustantamoitten+kustantamojen,,,
N0020o !kuuluttamo,,,,,,,kuuluttamoita +kuuluttamoja,kuuluttamoiden +kuuluttamoitten+kuuluttamojen,,,
N0020ö !kyllästämö,,,,,,,kyllästämöitä +kyllästämöjä,kyllästämöiden +kyllästämöitten+kyllästämöjen,,,
N0020ö !kypsyttämö,,,,,,,kypsyttämöitä +kypsyttämöjä,kypsyttämöiden +kypsyttämöitten+kypsyttämöjen,,,
N0020o !mallastamo,,,,,,,mallastamoita +mallastamoja,mallastamoiden +mallastamoitten+mallastamojen,,,
N0020u !flirttailu,,,,,,,flirttailuita +flirttailuja,flirttailuiden +flirttailuitten+flirttailujen,,,
N0020u !hahmottelu,,,,,,,hahmotteluita +hahmotteluja,hahmotteluiden +hahmotteluitten+hahmottelujen,,,
N0020u !haihattelu,,,,,,,haihatteluita +haihatteluja,haihatteluiden +haihatteluitten+haihattelujen,,,
N0020u !harrastelu,,,,,,,harrasteluita +harrasteluja,harrasteluiden +harrasteluitten+harrastelujen,,,
N0020u !hassuttelu,,,,,,,hassutteluita +hassutteluja,hassutteluiden +hassutteluitten+hassuttelujen,,,
N0020y !hämmästely,,,,,,,hämmästelyitä +hämmästelyjä,hämmästelyiden +hämmästelyitten+hämmästelyjen,,,
N0020y !hännystely,,,,,,,hännystelyitä +hännystelyjä,hännystelyiden +hännystelyitten+hännystelyjen,,,
N0020y !herkistely,,,,,,,herkistelyitä +herkistelyjä,herkistelyiden +herkistelyitten+herkistelyjen,,,
N0020y !hiiviskely,,,,,,,hiiviskelyitä +hiiviskelyjä,hiiviskelyiden +hiiviskelyitten+hiiviskelyjen,,,
N0020y !hyssyttely,,,,,,,hyssyttelyitä +hyssyttelyjä,hyssyttelyiden +hyssyttelyitten+hyssyttelyjen,,,
N0030e !aaloe,,,,,,,,aaloeiden +aaloeitten,,,
N0030e !collie,,,,,,,,collieiden +collieitten,,,
N0030e !lassie,,,,,,,,lassieiden +lassieitten,,,
N0030e !oboe,,,,,,,,oboeiden +oboeitten,,,
N0030e !zombie,,,,,,,,zombieiden +zombieitten,,,
N0030o !abstraktio,,,,,,,,abstraktioiden +abstraktioitten,,,
N0030o !adaptaatio,,,,,,,,adaptaatioiden +adaptaatioitten,,,
N0030o !allokaatio,,,,,,,,allokaatioiden +allokaatioitten,,,
N0030o !amputaatio,,,,,,,,amputaatioiden +amputaatioitten,,,
N0030o !automaatio,,,,,,,,automaatioiden +automaatioitten,,,
N0030ö !ehiö,,,,,,,,ehiöiden +ehiöitten,,,
N0030ö !eliö,,,,,,,,eliöiden +eliöitten,,,
N0030ö !emiö,,,,,,,,emiöiden +emiöitten,,,
N0030ö !eriö,,,,,,,,eriöiden +eriöitten,,,
N0030ö !ministeriö,,,,,,,,ministeriöiden +ministeriöitten,,,
N004Ao !agnostikko,,,,,,,agnostikkoja +agnostikoita,agnostikkojen +agnostikoiden+agnostikoitten,agnostikkoihin +agnostikoihin,,
N004Ao !allergikko,,,,,,,allergikkoja +allergikoita,allergikkojen +allergikoiden+allergikoitten,allergikkoihin +allergikoihin,,
N004Aö !älykkö,,,,,,,älykköjä +älyköitä,älykköjen +älyköiden+älyköitten,älykköihin +älyköihin,,
N004Ao !asteenikko,,,,,,,asteenikkoja +asteenikoita,asteenikkojen +asteenikoiden+asteenikoitten,asteenikkoihin +asteenikoihin,,
N004Ao !atleetikko,,,,,,,atleetikkoja +atleetikoita,atleetikkojen +atleetikoiden+atleetikoitten,atleetikkoihin +atleetikoihin,,
N004Ao !botaanikko,,,,,,,botaanikkoja +botaanikoita,botaanikkojen +botaanikoiden+botaanikoitten,botaanikkoihin +botaanikoihin,,
N004Aö !kymmenikkö,,,,,,,kymmenikköjä +kymmeniköitä,kymmenikköjen +kymmeniköiden+kymmeniköitten,kymmenikköihin +kymmeniköihin,,
N004Aö !kynttelikkö,,,,,,,kynttelikköjä +kyntteliköitä,kynttelikköjen +kyntteliköiden+kyntteliköitten,kynttelikköihin +kyntteliköihin,,
N004Aö !sihteerikkö,,,,,,,sihteerikköjä +sihteeriköitä,sihteerikköjen +sihteeriköiden+sihteeriköitten,sihteerikköihin +sihteeriköihin,,
N004Aö !yhdeksikkö,,,,,,,yhdeksikköjä +yhdeksiköitä,yhdeksikköjen +yhdeksiköiden+yhdeksiköitten,yhdeksikköihin +yhdeksiköihin,,
N0050b !kebab,
N0050b !pub,
N0050c !aerobic,
N0050c !avec,
N0050c !chic,
N0050c !picnic,
N0050c !tic,
N0050d !chateaubriand,
N0050d !lied,
N0050d !polterabend,
N0050d !tweed,
N0050d !underground,
N0050f !golf,
N0050f !playoff,
N0050f !riff,
N0050g !bodybuilding,
N0050g !franchising,
N0050g !sightseeing,
N0050g !stretching,
N0050g !tag,
N0050h !ajatollah,
N0050h !brunch,
N0050h !kitsch,
N0050h !sandwich,
N0050h !squash,
N0050i !adjektiivi,
N0050i !adventismi,
N0050i !adventisti,
N0050i !allergeeni,
N0050i !amanuenssi,
N0050I !lyhki,
N0050k !amok,
N0050k !folk,
N0050k !look,
N0050k !vorschmack,
N0050k !wok,
N0050l !kajal,
N0050l !mosel,
N0050l !sial,
N0050l !sisal,
N0050l !soul,
N0050m !klimakterium,
N0050m !mainstream,
N0050m !parabellum,
N0050m !simsalabim,
N0050m !syankalium,
N0050n !charleston,
N0050n !fan,
N0050n !neon,
N0050n !rhododendron,
N0050n !zen,
N0050p !cup,
N0050p !pop,
N0050p !rap,
N0050p !shop,
N0050p !stop,
N0050r !cheerleader,
N0050r !denier,
N0050r !khmer,
N0050r !košer,
N0050r !par,
N0050S !aids,
N0050s !bänks,
N0050s !blues,
N0050š !borštš,
N0050s !chips,
N0050š !jiddiš,
N0050s !kuskus,x+kuskusia,kuskuksen +kuskusin,kuskukseen +kuskusiin,kuskukselle +kuskusille,kuskuksetta +kuskusitta,kuskukset +kuskusit,kuskuksia +kuskuseja,kuskuksien +kuskusten+kuskusien,kuskuksiin +kuskuseihin,kuskuksille +kuskuseille,kuskuksin +kuskusein
N0050s !rallicross,
N0050t !establishment,
N0050t !management,
N0050t !poltergeist,
N0050t !trenchcoat,
N0050t !universiadit,
N0050v !stroganov,
N0050w !bungalow,
N0050x !jukebox,
N0050x !lux,
N0050x !sioux,
N0050x !thorax,
N0050z !jazz,
N005Ai !ammoniakki,
N005Ai !armanjakki,
N005Ai !artoteekki,
N005Ai !bolsevikki,
N005Ai !bolševikki,
N005Bi !antilooppi,
N005Bi !endoskooppi,
N005Bi !gyroskooppi,
N005Bi !horoskooppi,
N005Bi !prinsiippi,
N005Ci !absoluutti,
N005Ci !adjutantti,
N005Ci !akrobaatti,
N005Ci !akvaviitti,
N005Ci !analgeetti,
N005Di !laki,x+lakia,laen +lain+la’in,lakeen +lakiin,laelle +laille+la’ille,laetta +laitta+la’itta,laet +lait+la’it,lakia +lakeja,,lakiin +lakeihin,laille +laeille+la’eille,lain +laein+la’ein,laitta +laeitta+la’eitta,lakea +lakia,laen +lain+la’in,lakeen +lakiin,laelle +laille+la’ille,laetta +laitta+la’itta,laet +lait+la’it,lakia +lakeja,,lakiin +lakeihin,laille +laeille+la’eille,lain +laein+la’ein,laitta +laeitta+la’eitta,lakea +lakia,laen +lain+la’in,lakeen +lakiin,laelle +laille+la’ille,laetta +laitta+la’itta,laet +lait+la’it,lakia +lakeja,,lakiin +lakeihin,laille +laeille+la’eille,lain +laein+la’ein,laitta +laeitta+la’eitta,lakea +lakia,laen +lain+la’in,lakeen +lakiin,laelle +laille+la’ille,laetta +laitta+la’itta,laet +lait+la’it,lakia +lakeja,,lakiin +lakeihin,laille +laeille+la’eille,lain +laein+la’ein
N005Ei !hupi,
N005Fi !ahti,
N005Fi !arkkitehti,
N005Fi !huti,
N005Fi !jänisjahti,
N005Fi !koti,
N005Gi !konki,
N005Gi !lejeerinki,
N005Gi !medaljonki,
N005Gi !paviljonki,
N005Gi !ranki,
N005Ii !pelti,
N005Ji !aatelointi,
N005Ji !abortointi,
N005Ji !adaptointi,
N005Ji !adoptointi,
N005Ji !ahkerointi,
N0060i !alabasteri,,,,,,,alabastereita +alabastereja,alabasterien +alabastereiden+alabastereitten,,,
N0060i !apteekkari,,,,,,,apteekkareita +apteekkareja,apteekkarien +apteekkareiden+apteekkareitten,,,
N0060i !dekantteri,,,,,,,dekanttereita +dekanttereja,dekantterien +dekanttereiden+dekanttereitten,,,
N0060i !ekvaattori,,,,,,,ekvaattoreita +ekvaattoreja,ekvaattorien +ekvaattoreiden+ekvaattoreitten,,,
N0060i !harvesteri,,,,,,,harvestereita +harvestereja,harvesterien +harvestereiden+harvestereitten,,,
N0060l !diesel,,,,,,,dieseleitä +dieselejä,dieselien +dieseleiden+dieseleitten,,,
N0060l !rial,,,,,,,rialeita +rialeja,rialien +rialeiden+rialeitten,,,
N0060m !ångström,,,,,,,ångströmeitä +ångströmejä,ångströmien +ångströmeiden+ångströmeitten,,,
N0060m !edam,,,,,,,edameita +edameja,edamien +edameiden+edameitten,,,
N0060m !liirumlaarum,,,,,,,liirumlaarumeita +liirumlaarumeja,liirumlaarumien +liirumlaarumeiden+liirumlaarumeitten,,,
N0060m !tandem,,,,,,,tandemeita +tandemeja,tandemien +tandemeiden+tandemeitten,,,
N0060n !backgammon,,,,,,,backgammoneita +backgammoneja,backgammonien +backgammoneiden+backgammoneitten,,,
N0060n !kaanon,,,,,,,kaanoneita +kaanoneja,kaanonien +kaanoneiden+kaanoneitten,,,
N0060n !lumen,,,,,,,lumeneita +lumeneja,lumenien +lumeneiden+lumeneitten,,,
N0060n !nylon,,,,,,,nyloneita +nyloneja,nylonien +nyloneiden+nyloneitten,,,
N0060n !pyton,,,,,,,pytoneita +pytoneja,pytonien +pytoneiden+pytoneitten,,,
N0060p !gallup,,,,,,,gallupeita +gallupeja,gallupien +gallupeiden+gallupeitten,,,
N0060r !approbatur,x+cum+eximia+lubenter+magna,approbaturin +cum+eximia+lubenter+magna,approbaturiin +cum+eximia+lubenter+magna,approbaturille +cum+eximia+lubenter+magna,approbaturitta +cum+eximia+lubenter+magna,approbaturit +cum+eximia+lubenter+magna,approbatureita +approbatureja+cum+eximia+lubenter+magna,approbaturien +approbatureiden+approbatureitten+cum+eximia+lubenter+magna,approbatureihin +cum+eximia+lubenter+magna,approbatureille +cum+eximia+lubenter+magna,approbaturein +cum+eximia+lubenter+magna
N0060r !babysitter,,,,,,,babysittereitä +babysitterejä,babysitterien +babysittereiden+babysittereitten,,,
N0060r !bestseller,,,,,,,bestsellereitä +bestsellerejä,bestsellerien +bestsellereiden+bestsellereitten,,,
N0060r !copywriter,,,,,,,copywritereitä +copywriterejä,copywriterien +copywritereiden+copywritereitten,,,
N0060r !freelancer,,,,,,,freelancereita +freelancereja,freelancerien +freelancereiden+freelancereitten,,,
N0070i !kivi,
N0070i !kymi,
N0070i !lovi,
N0070i !nimi,
N0070i !ovi,
N007Bi !appi,
N007Bi !happi,
N007Bi !sappi,
N007Bi !soppi,
N007Bi !tuppi,
N007Di !hiki,
N007Di !joki,
N007Di !käki,
N007Di !mäki,
N007Ei !alpi,x+alpia,alven +alpin,alpeen +alpiin,alvelle +alpille,alvetta +alpitta,alvet +alpit,alpia +alpeja,,alpiin +alpeihin,alville +alpeille,alvin +alpein
N007Ei !arpi,
N007Ei !helpi,x+helpiä,helven +helpin,helpeen +helpiin,helvelle +helpille,helvettä +helpittä,helvet +helpit,helpiä +helpejä,,helpiin +helpeihin,helville +helpeille,helvin +helpein
N007Ei !läpi,
N007Ei !rupi,
N007Fi !haahti,
N007Fi !lahti,x+lahtia,lahden +lahdin,lahteen +lahtiin,lahdelle +lahdille,lahdetta +lahditta,lahdet +lahdit,lahtia +lahteja,,lahtiin +lahteihin,lahdille +lahdeille,lahdin +lahdein
N007Fi !lehti,
N007Fi !tähti,
N007Gi !hanki,
N007Gi !henki,
N007Gi !kanki,
N007Gi !onki,
N007Gi !sänki,
N007Hi !impi,
N007Hi !kampi,
N007Hi !kimpi,
N007Hi !lampi,
N007Hi !umpi,
N007Li !arki,
N007Li !jälki,
N007Li !järki,
N007Li !kurki,
N007Li !olki,
N0080e !komedienne,,,,,,,,komediennein +komediennejen,,,
N0080e !mezzoforte,,,,,,,,mezzofortein +mezzofortejen,,,
N0080e !minestrone,,,,,,,,minestronein +minestronejen,,,
N0080e !striptease,,,,,,,,stripteasein +stripteasejen,,,
N0080e !vaudeville,,,,,,,,vaudevillein +vaudevillejen,,,
N008Ae !nukke,,,,,,,,nukkein +nukkejen,,,
N008Be !jeppe,,,,,,,,jeppein +jeppejen,,,
N008Ce !bourette,,,,,,,,bourettein +bourettejen,,,
N008Ce !ringette,,,,,,,,ringettein +ringettejen,,,
N008Ce !vinaigrette,,,,,,,,vinaigrettein +vinaigrettejen,,,
N0090a !chinchilla,,,,,,,,chinchillain +chinchillojen,,,
N0090a !diakonissa,,,,,,,,diakonissain +diakonissojen,,,
N0090a !granadilla,,,,,,,,granadillain +granadillojen,,,
N0090a !influenssa,,,,,,,,influenssain +influenssojen,,,
N0090ä !iskä,,,,,,,,iskäin +isköjen,,,
N0090a !keisarinna,,,,,,,,keisarinnain +keisarinnojen,,,
N0090ä !ympärystä,,,,,,,,ympärystäin +ympärystöjen,,,
N009Aa !akustiikka,,,,,,,,akustiikkain +akustiikkojen,,,
N009Aa !aseptiikka,,,,,,,,aseptiikkain +aseptiikkojen,,,
N009Aa !balalaikka,,,,,,,,balalaikkain +balalaikkojen,,,
N009Aa !botaniikka,,,,,,,,botaniikkain +botaniikkojen,,,
N009Aa !dynamiikka,,,,,,,,dynamiikkain +dynamiikkojen,,,
N009Ba !heppa,,,,,,,,heppain +heppojen,,,
N009Ba !hippa,,,,,,,,hippain +hippojen,,,
N009Ba !kappa,,,,,,,,kappain +kappojen,,,
N009Ba !lippa,,,,,,,,lippain +lippojen,,,
N009Ba !nappa,,,,,,,,nappain +nappojen,,,
N009Ca !apologeetta,,,,,,,,apologeettain +apologeettojen,,,
N009Ca !derivaatta,,,,,,,,derivaattain +derivaattojen,,,
N009Ca !geminaatta,,,,,,,,geminaattain +geminaattojen,,,
N009Ca !johanniitta,,,,,,,,johanniittain +johanniittojen,,,
N009Ca !ordinaatta,,,,,,,,ordinaattain +ordinaattojen,,,
N009Da !kuolinaika,,,,,,,,kuolinaikain +kuolinaikojen,,,
N009Da !otteluaika,,,,,,,,otteluaikain +otteluaikojen,,,
N009Da !puoliraaka,,,,,,,,puoliraakain +puoliraakojen,,puoliraaoille +puoliraa’oille,puoliraaoin +puoliraa’oin
N009Da !rykimäaika,,,,,,,,rykimäaikain +rykimäaikojen,,,
N009Da !talvisaika,,,,,,,,talvisaikain +talvisaikojen,,,
N009Ea !aapa,,,,,,,,aapain +aapojen,,,
N009Ea !arpa,,,,,,,,arpain +arpojen,,,
N009Ea !lapa,,,,,,,,lapain +lapojen,,,
N009Ea !napa,,,,,,,,napain +napojen,,,
N009Ea !rapa,,,,,,,,rapain +rapojen,,,
N009Fa !aita,,,,,,,,aitain +aitojen,,,
N009Fa !jata,,,,,,,,jatain +jatojen,,,
N009Fa !kita,,,,,,,,kitain +kitojen,,,
N009Fa !lata,,,,,,,,latain +latojen,,,
N009Fa !poikkiraita,,,,,,,,poikkiraitain +poikkiraitojen,,,
N009Ga !hanka,,,,,,,,hankain +hankojen,,,
N009Ga !jenka,,,,,,,,jenkain +jenkojen,,,
N009Ga !lanka,,,,,,,,lankain +lankojen,,,
N009Ga !ranka,,,,,,,,rankain +rankojen,,,
N009Ga !sanka,,,,,,,,sankain +sankojen,,,
N009Ha !kampa,,,,,,,,kampain +kampojen,,,
N009Ha !rampa,,,,,,,,rampain +rampojen,,,
N009Ia !ilta,,,,,,,,iltain +iltojen,,,
N009Ia !kelta,,,,,,,,keltain +keltojen,,,
N009Ia !kilta,,,,,,,,kiltain +kiltojen,,,
N009Ia !silta,,,,,,,,siltain +siltojen,,,
N009Ia !valta,,,,,,,,valtain +valtojen,,,
N009Ja !ahnehdinta,,,,,,,,ahnehdintain +ahnehdintojen,,,
N009Jä !ilmehdintä,,,,,,,,ilmehdintäin +ilmehdintöjen,,,
N009Jä !itsesytyntä,,,,,,,,itsesytyntäin +itsesytyntöjen,,,
N009Jä !liekehdintä,,,,,,,,liekehdintäin +liekehdintöjen,,,
N009Jä !liikehdintä,,,,,,,,liikehdintäin +liikehdintöjen,,,
N009Ja !marhaminta,,,,,,,,marhamintain +marhamintojen,,,
N009Ja !oudoksunta,,,,,,,,oudoksuntain +oudoksuntojen,,,
N009Ja !paheksunta,,,,,,,,paheksuntain +paheksuntojen,,,
N009Ja !perustanta,,,,,,,,perustantain +perustantojen,,,
N009Jä !töpeksintä,,,,,,,,töpeksintäin +töpeksintöjen,,,
N009Ka !kerta,,,,,,,,kertain +kertojen,,,
N009Ka !merta,,,,,,,,mertain +mertojen,,,
N009Ka !parta,,,,,,,,partain +partojen,,,
N009Ka !pirta,,,,,,,,pirtain +pirtojen,,,
N009Ka !virta,,,,,,,,virtain +virtojen,,,
N0100a !aiheuttaja,,,,,,,,aiheuttajien +aiheuttajain,,,
N0100a !arvostelma,,,,,,,,arvostelmien +arvostelmain,,,
N0100a !belladonna,,,,,,,,belladonnien +belladonnain,,,
N0100a !divisioona,,,,,,,,divisioonien +divisioonain,,,
N0100a !eskadroona,,,,,,,,eskadroonien +eskadroonain,,,
N0100ä !heikentymä,,,,,,,,heikentymien +heikentymäin,,,
N0100ä !herkistymä,,,,,,,,herkistymien +herkistymäin,,,
N0100ä !jähmettymä,,,,,,,,jähmettymien +jähmettymäin,,,
N0100ä !jäljitelmä,,,,,,,,jäljitelmien +jäljitelmäin,,,
N0100ä !jännittäjä,,,,,,,,jännittäjien +jännittäjäin,,,
N010Aa !fokka,,,,,,,,fokkien +fokkain,,,
N010Aä !häikkä,,,,,,,,häikkien +häikkäin,,,
N010Aä !hölkkä,,,,,,,,hölkkien +hölkkäin,,,
N010Aa !hukka,,,,,,,,hukkien +hukkain,,,
N010Aa !jukka,,,,,,,,jukkien +jukkain,,,
N010Aä !kerkkä,,,,,,,,kerkkien +kerkkäin,,,
N010Aa !konkkaronkka,,,,,,,,konkkaronkkien +konkkaronkkain,,,
N010Aa !laivatokka,,,,,,,,laivatokkien +laivatokkain,,,
N010Aä !mykkä,,,,,,,,mykkien +mykkäin,,,
N010Aä !ruisrääkkä,,,,,,,,ruisrääkkien +ruisrääkkäin,,,
N010Bä !häppä,,,,,,,,häppien +häppäin,,,
N010Bä !hömppä,,,,,,,,hömppien +hömppäin,,,
N010Ba !koppa,,,,,,,,koppien +koppain,,,
N010Ba !kuppa,,,,,,,,kuppien +kuppain,,,
N010Bä !läppä,,,,,,,,läppien +läppäin,,,
N010Bä !leppä,,lepän +leppän,,lepälle +leppälle,lepättä +leppättä,lepät +leppät,,leppien +leppäin+leppien+leppäin,,lepille +leppille,lepin +leppin
N010Ba !noppa,,,,,,,,noppien +noppain,,,
N010Bä !seppä,,,,,,,,seppien +seppäin,,,
N010Ba !soppa,,,,,,,,soppien +soppain,,,
N010Ba !suppa,,,,,,,,suppien +suppain,,,
N010Ca !hurtta,,,,,,,,hurttien +hurttain,,,
N010Cä !kenttä,,,,,,,,kenttien +kenttäin,,,
N010Cä !könttä,,,,,,,,könttien +könttäin,,,
N010Cä !kyttä,,,,,,,,kyttien +kyttäin,,,
N010Ca !lotta,,,,,,,,lottien +lottain,,,
N010Ca !potta,,,,,,,,pottien +pottain,,,
N010Ca !rotta,,,,,,,,rottien +rottain,,,
N010Ca !terrakotta,,,,,,,,terrakottien +terrakottain,,,
N010Dä !häkä,,hään +hä’än,,häälle +hä’älle,häättä +hä’ättä,häät +hä’ät,,häkien +häkäin,,,
N010Dä !ikä,,iän +i’än,,iälle +i’älle,iättä +i’ättä,iät +i’ät,,ikien +ikäin,,,
N010Da !loka,,loan +lo’an,,loalle +lo’alle,loatta +lo’atta,loat +lo’at,,lokien +lokain,,loille +lo’ille,loin +lo’in
N010Dä !mökä,,,,,,,,mökien +mökäin,,,
N010Da !oka,,oan +o’an,,oalle +o’alle,oatta +o’atta,oat +o’at,,okien +okain,,oille +o’ille,oin +o’in
N010Da !olka,,olan +oljan+ol’an,,olalle +oljalle+ol’alle,olatta +oljatta+ol’atta,olat +oljat+ol’at,,olkien +olkain,,olille +oljille+ol’ille,olin +oljin+ol’in
N010Dä !pykä,,pyän +py’än,,pyälle +py’älle,pyättä +py’ättä,pyät +py’ät,,pykien +pykäin,,,
N010Dä !räkä,,rään +rä’än,,räälle +rä’älle,räättä +rä’ättä,räät +rä’ät,,räkien +räkäin,,,
N010Da !suka,,suan +su’an,,sualle +su’alle,suatta +su’atta,suat +su’at,,sukien +sukain,,suille +su’ille,suin +su’in
N010Da !uhka,,,,,,,,uhkien +uhkain,,,
N010Ea !huopa,,,,,,,,huopien +huopain,,,
N010Ea !hupa,,,,,,,,hupien +hupain,,,
N010Eä !kääpä,,,,,,,,kääpien +kääpäin,,,
N010Eä !kyrpä,,,,,,,,kyrpien +kyrpäin,,,
N010Eä !leipä,,,,,,,,leipien +leipäin,,,
N010Ea !lupa,,,,,,,,lupien +lupain,,,
N010Ea !sopa,,,,,,,,sopien +sopain,,,
N010Eä !syöpä,,,,,,,,syöpien +syöpäin,,,
N010Ea !tupa,,,,,,,,tupien +tupain,,,
N010Fä !hätä,,,,,,,,hätien +hätäin,,,
N010Fä !itä,,,,,,,,itien +itäin,,,
N010Fa !kota,,,,,,,,kotien +kotain,,,
N010Fa !laivastotukikohta,,,,,,,,laivastotukikohtien +laivastotukikohtain,,,
N010Fä !mätä,,,,,,,,mätien +mätäin,,,
N010Fä !näätä,,,,,,,,näätien +näätäin,,,
N010Fa !ota,,,,,,,,otien +otain,,,
N010Fa !sarkainkohta,,,,,,,,sarkainkohtien +sarkainkohtain,,,
N010Fä !setä,,,,,,,,setien +setäin,,,
N010Fa !sotilastukikohta,,,,,,,,sotilastukikohtien +sotilastukikohtain,,,
N010Ga !honka,,,,,,,,honkien +honkain,,,
N010Gä !jänkä,,,,,,,,jänkien +jänkäin,,,
N010Gä !kenkä,,,,,,,,kenkien +kenkäin,,,
N010Ga !lonka,,,,,,,,lonkien +lonkain,,,
N010Ga !punka,,,,,,,,punkien +punkain,,,
N010Gä !tynkä,,,,,,,,tynkien +tynkäin,,,
N010Ha !kompa,,,,,,,,kompien +kompain,,,
N010Ha !sompa,,,,,,,,sompien +sompain,,,
N010Ia !multa,,,,,,,,multien +multain,,,
N010Iä !syltä,,,,,,,,syltien +syltäin,,,
N010Jä !emäntä,,,,,,,,emäntien +emäntäin,,,
N010Ja !halveksunta,,,,,,,,halveksuntien +halveksuntain,,,
N010Jä !häntä,,,,,,,,häntien +häntäin,,,
N010Jä !hyväksyntä,,,,,,,,hyväksyntien +hyväksyntäin,,,
N010Ja !kunta,,,,,,,,kuntien +kuntain,,,
N010Jä !mäntä,,,,,,,,mäntien +mäntäin,,,
N010Ja !punta,,,,,,,,puntien +puntain,,,
N010Jä !räntä,,,,,,,,räntien +räntäin,,,
N010Ja !sonta,,,,,,,,sontien +sontain,,,
N010Ja !suunta,,,,,,,,suuntien +suuntain,,,
N010Lä !ylkä,,,,,,,,ylkien +ylkäin,,,
N0110a !ahava,,,,,,,ahavia +ahavoita+ahavoja,ahavien +ahavain+ahavoiden+ahavoitten+ahavojen,ahaviin +ahavoihin,ahaville +ahavoille,ahavin +ahavoin
N0110a !apaja,,,,,,,apajia +apajoita+apajoja,apajien +apajain+apajoiden+apajoitten+apajojen,apajiin +apajoihin,apajille +apajoille,apajin +apajoin
N0110ä !äpärä,,,,,,,äpäriä +äpäröitä+äpäröjä,äpärien +äpäräin+äpäröiden+äpäröitten+äpäröjen,äpäriin +äpäröihin,äpärille +äpäröille,äpärin +äpäröin
N0110a !harava,,,,,,,haravia +haravoita+haravoja,haravien +haravain+haravoiden+haravoitten+haravojen,haraviin +haravoihin,haraville +haravoille,haravin +haravoin
N0110a !hekuma,,,,,,,hekumia +hekumoita+hekumoja,hekumien +hekumain+hekumoiden+hekumoitten+hekumojen,hekumiin +hekumoihin,hekumille +hekumoille,hekumin +hekumoin
N0110ä !käkkärä,,,,,,,käkkäriä +käkkäröitä+käkkäröjä,käkkärien +käkkäräin+käkkäröiden+käkkäröitten+käkkäröjen,käkkäriin +käkkäröihin,käkkärille +käkkäröille,käkkärin +käkkäröin
N0110ä !käpälä,,,,,,,käpäliä +käpälöitä+käpälöjä,käpälien +käpäläin+käpälöiden+käpälöitten+käpälöjen,käpäliin +käpälöihin,käpälille +käpälöille,käpälin +käpälöin
N0110ä !mäkärä,,,,,,,mäkäriä +mäkäröitä+mäkäröjä,mäkärien +mäkäräin+mäkäröiden+mäkäröitten+mäkäröjen,mäkäriin +mäkäröihin,mäkärille +mäkäröille,mäkärin +mäkäröin
N0110a !omena,,,,,,,omenia +omenoita+omenoja,omenien +omenain+omenoiden+omenoitten+omenojen,omeniin +omenoihin,omenille +omenoille,omenin +omenoin
N0110ä !täkänä,,,,,,,täkäniä +täkänöitä+täkänöjä,täkänien +täkänäin+täkänöiden+täkänöitten+täkänöjen,täkäniin +täkänöihin,täkänille +täkänöille,täkänin +täkänöin
N0120a !agorafobia,,,,,,,,agorafobiain +agorafobioiden+agorafobioitten,,,
N0120a !ajattelija,,,,,,,,ajattelijain +ajattelijoiden+ajattelijoitten,,,
N0120a !ambiofonia,,,,,,,,ambiofoniain +ambiofonioiden+ambiofonioitten,,,
N0120a !androgynia,,,,,,,,androgyniain +androgynioiden+androgynioitten,,,
N0120a !andrologia,,,,,,,,andrologiain +andrologioiden+andrologioitten,,,
N0120ä !erittelijä,,,,,,,,erittelijäin +erittelijöiden+erittelijöitten,erittelijiin +erittelijöihin,,
N0120ä !esittelijä,,,,,,,,esittelijäin +esittelijöiden+esittelijöitten,esittelijiin +esittelijöihin,,
N0120ä !häiritsijä,,,,,,,,häiritsijäin +häiritsijöiden+häiritsijöitten,häiritsijiin +häiritsijöihin,,
N0120ä !kiertelijä,,,,,,,,kiertelijäin +kiertelijöiden+kiertelijöitten,kiertelijiin +kiertelijöihin,,
N0120ä !kiipeilijä,,,,,,,,kiipeilijäin +kiipeilijöiden+kiipeilijöitten,kiipeilijiin +kiipeilijöihin,,
N0130a !aluna,,,,,,,alunoita +alunoja,alunain +alunoiden+alunoitten+alunojen,,,
N0130a !karakteristika,,,,,,,karakteristikoita +karakteristikoja,karakteristikain +karakteristikoiden+karakteristikoitten+karakteristikojen,,,
N0130ä !kärinä,,,,,,,kärinöitä +kärinöjä,kärinäin +kärinöiden+kärinöitten+kärinöjen,,,
N0130ä !läpyskä,,,,,,,läpysköitä +läpysköjä,läpyskäin +läpysköiden+läpysköitten+läpysköjen,,,
N0130ä !määkinä,,,,,,,määkinöitä +määkinöjä,määkinäin +määkinöiden+määkinöitten+määkinöjen,,,
N0130ä !mölinä,,,,,,,mölinöitä +mölinöjä,mölinäin +mölinöiden+mölinöitten+mölinöjen,,,
N0130ä !mörinä,,,,,,,mörinöitä +mörinöjä,mörinäin +mörinöiden+mörinöitten+mörinöjen,,,
N0130a !nomenklatuura,,,,,,,nomenklatuuroita +nomenklatuuroja,nomenklatuurain +nomenklatuuroiden+nomenklatuuroitten+nomenklatuurojen,,,
N0130a !psykofarmaka,,,,,,,psykofarmakoita +psykofarmakoja,psykofarmakain +psykofarmakoiden+psykofarmakoitten+psykofarmakojen,,,
N0130a !skandinaaviska,,,,,,,skandinaaviskoita +skandinaaviskoja,skandinaaviskain +skandinaaviskoiden+skandinaaviskoitten+skandinaaviskojen,,,
N014Aä !äläkkä,,,,,,,äläkköjä +äläköitä,äläkkäin +äläkköjen+äläköiden+äläköitten,äläkköihin +äläköihin,,
N014Aa !elukka,,,,,,,elukkoja +elukoita,elukkain +elukkojen+elukoiden+elukoitten,elukkoihin +elukoihin,,
N014Aa !estetiikka,,,,,,,estetiikkoja +estetiikoita,estetiikkain +estetiikkojen+estetiikoiden+estetiikoitten,estetiikkoihin +estetiikoihin,,
N014Aa !etikka,,,,,,,etikkoja +etikoita,etikkain +etikkojen+etikoiden+etikoitten,etikkoihin +etikoihin,,
N014Aä !hötäkkä,,,,,,,hötäkköjä +hötäköitä,hötäkkäin +hötäkköjen+hötäköiden+hötäköitten,hötäkköihin +hötäköihin,,
N014Aä !imikkä,,,,,,,imikköjä +imiköitä,imikkäin +imikköjen+imiköiden+imiköitten,imikköihin +imiköihin,,
N014Aä !jötikkä,,,,,,,jötikköjä +jötiköitä,jötikkäin +jötikköjen+jötiköiden+jötiköitten,jötikköihin +jötiköihin,,
N014Aa !plastiikka,,,,,,,plastiikkoja +plastiikoita,plastiikkain +plastiikkojen+plastiikoiden+plastiikoitten,plastiikkoihin +plastiikoihin,,
N014Aa !praktiikka,,,,,,,praktiikkoja +praktiikoita,praktiikkain +praktiikkojen+praktiikoiden+praktiikoitten,praktiikkoihin +praktiikoihin,,
N014Ba !ulappa,,,,,,,ulapoita +ulappoja,ulapoiden +ulapoitten+ulappain+ulappojen,ulapoihin +ulappoihin,,
N014Ca !navetta,,,,,,,navetoita +navettoja,navetoiden +navetoitten+navettain+navettojen,navetoihin +navettoihin,,
N014Ca !ometta,,,,,,,ometoita +omettoja,ometoiden +ometoitten+omettain+omettojen,ometoihin +omettoihin,,
N014Ca !pohatta,,,,,,,pohatoita +pohattoja,pohatoiden +pohatoitten+pohattain+pohattojen,pohatoihin +pohattoihin,,
N014Ca !savotta,,,,,,,savotoita +savottoja,savotoiden +savotoitten+savottain+savottojen,savotoihin +savottoihin,,
N0150a !aukea,,,,,,,,aukeiden +aukeitten+aukeain,aukeihin +aukeisiin,,
N0150ä !häpeä,,,,,,,,häpeiden +häpeitten+häpeäin,häpeihin +häpeisiin,,
N0150a !hopea,,,,,,,,hopeiden +hopeitten+hopeain,hopeihin +hopeisiin,,
N0150a !korea,,,,,,,,koreiden +koreitten+koreain,koreihin +koreisiin,,
N0150ä !lipeä,,,,,,,,lipeiden +lipeitten+lipeäin,lipeihin +lipeisiin,,
N0150a !oikea,,,,,,,,oikeiden +oikeitten+oikeain,oikeihin +oikeisiin,,
N0150a !vieraskorea,,,,,,,,vieraskoreiden +vieraskoreitten+vieraskoreain,vieraskoreihin +vieraskoreisiin,,
N0150ä !vihreä,,,,,,,,vihreiden +vihreitten+vihreäin,vihreihin +vihreisiin,,
N016Hi !vanhempi,,,,,,,,vanhempien +vanhempain,,,
N0170a !harmaa,,,,,,,,harmaiden +harmaitten,harmaihin +harmaisiin,,
N0170a !hurraa,,,,,,,,hurraiden +hurraitten,hurraihin +hurraisiin,,
N0170a !suklaa,,,,,,,,suklaiden +suklaitten,suklaihin +suklaisiin,,
N0170a !vainaa,,,,,,,,vainaiden +vainaitten,vainaihin +vainaisiin,,
N0170a !vapaa,,,,,,,,vapaiden +vapaitten,vapaihin +vapaisiin,,
N0170o !ehtoo,,,,,,,,ehtoiden +ehtoitten,ehtoihin +ehtoisiin,,
N0170o !haloo,,,,,,,,haloiden +haloitten,haloihin +haloisiin,,
N0170o !poppoo,,,,,,,,poppoiden +poppoitten,poppoihin +poppoisiin,,
N0170o !talkoo,,,,,,,,talkoiden +talkoitten,talkoihin +talkoisiin,,
N0170o !tienoo,,,,,,,,tienoiden +tienoitten,tienoihin +tienoisiin,,
N0170u !epuu,,,,,,,,epuiden +epuitten,epuihin +epuisiin,,
N0170u !keruu,,,,,,,,keruiden +keruitten,keruihin +keruisiin,,
N0170u !makuu,,,,,,,,makuiden +makuitten,makuihin +makuisiin,,
N0170u !paluu,,,,,,,,paluiden +paluitten,paluihin +paluisiin,,
N0170u !peluu,,,,,,,,peluiden +peluitten,peluihin +peluisiin,,
N0180a !huuhaa,,,,,,,,huuhaiden +huuhaitten,,,
N0180ä !jää,,,,,,,,jäiden +jäitten,,,
N0180a !maa,,,,,,,,maiden +maitten,,,
N0180ä !pää,,,,,,,,päiden +päitten,,,
N0180a !peeaa,,,,,,,,peeaiden +peeaitten,,,
N0180ä !sää,,,,,,,,säiden +säitten,,,
N0180e !frisbee,
N0180e !kanapee,
N0180e !pee,
N0180e !puusee,
N0180e !tee,
N0180i !hai,,,,,,,,haiden +haitten,,,
N0180i !koi,,,,,,,,koiden +koitten,,,
N0180i !lei,,,,,,,,leiden +leitten,,,
N0180i !pai,,,,,,,,paiden +paitten,,,,,,,,,,,,paiden +paitten,,,
N0180i !pii,,,,,,,,piiden +piitten,,,
N0180ö !jöö,,,,,,,,jöiden +jöitten,,,
N0180ö !köö,,,,,,,,köiden +köitten,,,
N0180o !rokokoo,,,,,,,,rokokoiden +rokokoitten,,,
N0180o !tenkkapoo,,,,,,,,tenkkapoiden +tenkkapoitten,,,
N0180u !homssantuu,,,,,,,,homssantuiden +homssantuitten,,,
N0180u !kuu,,,,,,,,kuiden +kuitten,,,
N0180u !luu,,,,,,,,luiden +luitten,,,
N0180u !puu,,,,,,,,puiden +puitten,,,
N0180u !suu,,,,,,,,suiden +suitten,,,
N0180y !kyy,,,,,,,,kyiden +kyitten,,,
N0180y !pyy,,,,,,,,pyiden +pyitten,,,
N0180y !syy,,,,,,,,syiden +syitten,,,
N0190e !tie,,,,,,,,teiden +teitten,,,
N0190o !suo,,,,,,,,soiden +soitten,,,
N0190ö !työ,,,,,,,,töiden +töitten,,,
N0190o !vuo,,,,,,,,voiden +voitten,,,
N0190ö !yö,,,,,,,,öiden +öitten,,,
N0200a !nugaa,,,nugaahan +nugaaseen,,,,,nugaiden +nugaitten,nugaihin +nugaisiin,,
N0200e !bebee,,,bebeehen +bebeeseen,,,,,bebeiden +bebeitten,bebeihin +bebeisiin,,
N0200e !bidee,,,bideehen +bideeseen,,,,,bideiden +bideitten,bideihin +bideisiin,,
N0200e !bukee,,,bukeehen +bukeeseen,,,,,bukeiden +bukeitten,bukeihin +bukeisiin,,
N0200e !essee,,,esseehen +esseeseen,,,,,esseiden +esseitten,esseihin +esseisiin,,
N0200e !filee,,,fileehen +fileeseen,,,,,fileiden +fileitten,fileihin +fileisiin,,
N0200ö !miljöö,,,,,,,,miljöiden +miljöitten,miljöihin +miljöisiin,,
N0200o !politbyroo,,,politbyroohin +politbyrooseen,,,,,politbyroiden +politbyroitten,politbyroihin +politbyroisiin,,
N0200o !sampoo,,,sampoohin +sampooseen,,,,,sampoiden +sampoitten,sampoihin +sampoisiin,,
N0200o !trikoo,,,trikoohin +trikooseen,,,,,trikoiden +trikoitten,trikoihin +trikoisiin,,
N0200o !voodoo,,,voodoohin +voodooseen,,,,,voodoiden +voodoitten,voodoihin +voodoisiin,,
N0200u !raguu,,,raguuhun +raguuseen,,,,,raguiden +raguitten,raguihin +raguisiin,,
N0200y !fondyy,,,fondyyhyn +fondyyseen,,,,,fondyiden +fondyitten,fondyihin +fondyisiin,,
N0200y !menyy,,,menyyhyn +menyyseen,,,,,menyiden +menyitten,menyihin +menyisiin,,
N0200y !revyy,,,revyyhyn +revyyseen,,,,,revyiden +revyitten,revyihin +revyisiin,,
N0210é !bébé,,,bébéhen +bébéseen,,,,,bébéiden +bébéitten,bébéihin +bébéisiin,,
N0210e !brasserie,x+brasserietä,,brasseriehen +brasseriehin,,brasserietta +brasseriettä,,brasserieita +brasserieitä,brasserieiden +brasserieitten,,,
N0210é !coupé,,,coupéhen +coupéseen,,,,,coupéiden +coupéitten,coupéihin +coupéisiin,,
N0210e !fondue,,,fonduehen +fondueseen,,,,,fondueiden +fondueitten,fondueihin +fondueisiin,,
N0210é !moiré,,,moiréhen +moiréseen,,,,,moiréiden +moiréitten,moiréihin +moiréisiin,,
N0210e !reggae,,,reggaehen +reggaeseen,,,,,reggaeiden +reggaeitten,reggaeihin +reggaeisiin,,
N0210é !rosé,,,roséhen +roséseen,,,,,roséiden +roséitten,roséihin +roséisiin,,
N0210u !clou,,,,,,,,clouiden +clouitten,,,
N0210u !menu,
N0210y !gay,x+gayta+gaytä,,gayhin +gayhyn,,gaytta +gayttä,,gayita +gayitä,gayiden +gayitten+gayjen,,,
N0220t !beignet,
N0220t !bouquet,
N0220t !buffet,
N0220t !gourmet,
N0220t !parfait,
N0230i !jouhi,
N0230i !lohi,
N0230i !riihi,
N0230i !tuli,
N0230i !uuhi,
N0240i !hiili,,,,,,,,hiilien +hiilten,,,
N0240i !kusi,,,,,,,,kusien +kusten,,,
N0240i !meri,,,,,,,,merien +merten,,,
N0240i !siperianlehtikuusi,,,,,,,,siperianlehtikuusien +siperianlehtikuusten,,,
N0240i !uni,,,,,,,,unien +unten,,,
N0250i !liemi,x+lientä,,,,,,,liemien +lienten,,,
N0250i !loimi,x+lointa,,,,,,,loimien +lointen,,,
N0250i !lumi,x+lunta,,,,,,,lumien +lunten,,,
N0250i !luomi,x+luonta,,,,,,,luomien +luonten,,,
N0250i !niemi,x+nientä,,,,,,,niemien +nienten,,,
N0260i !arrowjuuri,,,,,,,,arrowjuurien +arrowjuurten,,,
N0260i !pärskäjuuri,,,,,,,,pärskäjuurien +pärskäjuurten,,,
N0260i !piparjuuri,,,,,,,,piparjuurien +piparjuurten,,,
N0260i !purtojuuri,,,,,,,,purtojuurien +purtojuurten,,,
N0260i !virmajuuri,,,,,,,,virmajuurien +virmajuurten,,,
N0270i !käsi,,,,,,,,käsien +kätten,,,
N0270i !marraskesi,,,,,,,,marraskesien +marrasketten,,,
N0270i !mesi,,,,,,,,mesien +metten,,,
N0270i !susi,,,,,,,,susien +sutten,,,
N0270i !sysi,,,,,,,,sysien +sytten,,,
N0280i !hirsi,,,,,,,,hirsien +hirtten,,,
N0280i !kansi,,,,,,,,kansien +kantten,,,
N0280i !karsi,,,,,,,,karsien +kartten,,,
N0280i !kirsi,,,,,,,,kirsien +kirtten,,,
N0280i !orsi,,,,,,,,orsien +ortten,,,
N028Ii !jälsi,,,,,,,,jälsien +jältten,,,
N0290i !lapsi,,,,,,,,lapsien +lasten,,,
N0300i !peitsi,x+peitsiä,peitsen +peitsin,peitseen +peitsiin,peitselle +peitsille,peitsettä +peitsittä,peitset +peitsit,peitsiä +peitsejä,peisten +peitsien,peitsiin +peitseihin,peitsille +peitseille,peitsin +peitsein
N0300i !veitsi,,,,,,,,veisten +veitsien,,,
N0310i !haaksi,
N0320l !nivel,,,,,,,,nivelien +nivelten,,,
N0320l !sävel,,sävelen +säveleen,säveleen +säveleeseen,sävelelle +säveleelle,sävelettä +säveleettä,sävelet +säveleet,säveliä +säveleitä,sävelien +sävelten+säveleiden+säveleitten,säveliin +säveleihin+säveleisiin,sävelille +säveleille,sävelin +sävelein
N0320n !aamen,,,,,,,,aamenien +aamenten,,,
N0320n !ahven,,,,,,,,ahvenien +ahventen,,,
N0320n !hiven,,,,,,,,hivenien +hiventen,,,
N0320n !jäsen,,,,,,,,jäsenien +jäsenten,,,
N0320n !uumen,,,,,,,,uumenien +uumenten,,,
N0320r !sisar,,,,,,,,sisarien +sisarten,,,
N032Cr !espanjatar,,,,,,,,espanjatarien +espanjatarten,,,
N032Cr !haltijatar,,,,,,,,haltijatarien +haltijatarten,,,
N032Cr !herttuatar,,,,,,,,herttuatarien +herttuatarten,,,
N032Cr !hoitajatar,,,,,,,,hoitajatarien +hoitajatarten,,,
N032Cr !johtajatar,,,,,,,,johtajatarien +johtajatarten,,,
N032Dn !ien,,,,,,,,ienten +ikenien,,,
N0330n !astin,,,,,,,,astimien +astinten,,,
N0330n !avain,,,,,,,,avaimien +avainten,,,
N0330n !eläin,,,,,,,,eläimien +eläinten,,,
N0330n !elin,,,,,,,,elimien +elinten,,,
N0330n !käynnistin,,,,,,,,käynnistimien +käynnistinten,,,
N033Cn !asetin,,,,,,,,asetinten +asettimien,,,
N033Cn !emätin,,,,,,,,emätinten +emättimien,,,
N033Cn !hilavitkutin,,,,,,,,hilavitkutinten +hilavitkuttimien,,,
N033Cn !otin,,,,,,,,otinten +ottimien,,,
N033Cn !säteilytin,,,,,,,,säteilytinten +säteilyttimien,,,
N033Dn !puin,,,,,,,,puinten +pukimien,,,
N033Dn !pyyhin,,,,,,,,pyyhinten +pyyhkimien,,,
N033En !kaavin,,,,,,,,kaapimien +kaavinten,,,
N033En !raavin,,,,,,,,raapimien +raavinten,,,
N033En !särvin,,,,,,,,särpimien +särvinten,,,
N033Fn !ahdin,,,,,,,,ahdinten +ahtimien,,,
N033Fn !kudin,,,,,,,,kudinten +kutimien,,,
N033Fn !pidin,,,,,,,,pidinten +pitimien,,,
N033Fn !sadin,,,,,,,,sadinten +satimien,,,
N033Fn !ydin,,,,,,,,ydinten +ytimien,,,
N033In !askellin,,,,,,,,askellinten +askeltimien,,,
N033In !puhallin,,,,,,,,puhallinten +puhaltimien,,,
N033In !sivellin,,,,,,,,sivellinten +siveltimien,,,
N033Jn !käännin,,,,,,,,käänninten +kääntimien,,,
N033Jn !kannin,,,,,,,,kanninten +kantimien,,,
N033Jn !lennin,,,,,,,,lenninten +lentimien,,,
N033Jn !muunnin,,,,,,,,muunninten +muuntimien,,,
N033Jn !ponnin,,,,,,,,ponninten +pontimien,,,
N033Kn !avarrin,,,,,,,,avarrinten +avartimien,,,
N033Kn !hierrin,,,,,,,,hierrinten +hiertimien,,,
N033Kn !kerroin,,,,,,,,kerrointen +kertoimien,,,,,,,,,,,,kerrointen +kertoimien,,,
N033Kn !kierrin,,,,,,,,kierrinten +kiertimien,,,
N033Kn !piirrin,,,,,,,,piirrinten +piirtimien,,,
N033Ln !paljin,,,,,,,,paljinten +palkimien,,,
N033Ln !poljin,,,,,,,,poljinten +polkimien,,,
N033Ln !suljin,,,,,,,,suljinten +sulkimien,,,
N034Bn !hapan,x+happamaa,happaman +happamen,happamaan +happameen,happamalle +happamelle,happamatta +happametta,happamat +happamet,,hapanten +happamien,,,
N034Cn !kuolematon,,,,,,,,kuolematonten +kuolemattomien,,,
N034Cn !laiton,,,,,,,,laitonten +laittomien,,,
N034Cn !puolueeton,,,,,,,,puolueetonten +puolueettomien,,,
N034Cn !selkärangaton,,,,,,,,selkärangatonten +selkärangattomien,,,
N034Cn !tuntematon,,,,,,,,tuntematonten +tuntemattomien,,,
N0360n !lähin,x+lähintä,,,,,,,lähimpien +lähimpäin+lähinten,,,,,lähimpää +lähintä,,,,,,,lähimpien +lähimpäin+lähinten,,,
N0360n !sisin,x+sisintä,,,,,,,sisimpien +sisimpäin+sisinten,,,
N0370n !vasen,x+vasenta,,,,,,,vasempien +vasempain+vasenten,,,
N0380n !ainokainen,,,,,,,,ainokaisien +ainokaisten,,,
N0380n !ankeroinen,,,,,,,,ankeroisien +ankeroisten,,,
N0380n !arkullinen,,,,,,,,arkullisien +arkullisten,,,
N0380n !hankiainen,,,,,,,,hankiaisien +hankiaisten,,,
N0380n !helmiäinen,,,,,,,,helmiäisien +helmiäisten,,,
N0390s !brodeeraus,,,,,,,,brodeerauksien +brodeerausten,,,
N0390s !dinosaurus,,,,,,,,dinosauruksien +dinosaurusten,,,
N0390s !drapeeraus,,,,,,,,drapeerauksien +drapeerausten,,,
N0390s !eukalyptus,,,,,,,,eukalyptuksien +eukalyptusten,,,
N0390s !fikseeraus,,,,,,,,fikseerauksien +fikseerausten,,,
N0400s !aatelisuus,
N0400s !aistikkuus,
N0400s !ajallisuus,
N0400s !ajattomuus,
N0400s !ajettavuus,
N0410s !ansas,,,,,,,,ansaiden +ansaitten,ansaihin +ansaisiin,,
N0410s !eväs,,,,,,,,eväiden +eväitten,eväihin +eväisiin,,
N0410s !lähettiläs,,,,,,,,lähettiläiden +lähettiläitten,lähettiläihin +lähettiläisiin,,
N0410s !olas,,olaan +olaksen,olaaseen +olakseen,olaalle +olakselle,olaatta +olaksetta,olaat +olakset,olaita +olaksia,olaiden +olaitten+olaksien+olasten,olaihin +olaisiin+olaksiin,olaille +olaksille,olain +olaksin
N0410s !oras,,,,,,,,oraiden +oraitten,oraihin +oraisiin,,
N041As !hollannikas,,,,,,,,hollannikkaiden +hollannikkaitten,hollannikkaihin +hollannikkaisiin,,
N041As !kompleksikas,,,,,,,,kompleksikkaiden +kompleksikkaitten,kompleksikkaihin +kompleksikkaisiin,,
N041As !paatoksekas,,,,,,,,paatoksekkaiden +paatoksekkaitten,paatoksekkaihin +paatoksekkaisiin,,
N041As !rakas,,,,,,,,rakkaiden +rakkaitten,rakkaihin +rakkaisiin,,
N041As !sarvikuonokas,,,,,,,,sarvikuonokkaiden +sarvikuonokkaitten,sarvikuonokkaihin +sarvikuonokkaisiin,,
N041Bs !lipas,,,,,,,,lippaiden +lippaitten,lippaihin +lippaisiin,,
N041Bs !opas,,,,,,,,oppaiden +oppaitten,oppaihin +oppaisiin,,
N041Bs !rypäs,,,,,,,,ryppäiden +ryppäitten,ryppäihin +ryppäisiin,,
N041Bs !tupas,,,,,,,,tuppaiden +tuppaitten,tuppaihin +tuppaisiin,,
N041Bs !typäs,,,,,,,,typpäiden +typpäitten,typpäihin +typpäisiin,,
N041Cs !juutas,,,,,,,,juuttaiden +juuttaitten,juuttaihin +juuttaisiin,,
N041Cs !mätäs,,,,,,,,mättäiden +mättäitten,mättäihin +mättäisiin,,
N041Cs !ratas,,,,,,,,rattaiden +rattaitten,rattaihin +rattaisiin,,
N041Cs !vantus,,,,,,,,vanttuiden +vanttuitten,vanttuihin +vanttuisiin,,
N041Ds !äes,,,,,,,,äkeiden +äkeitten,äkeihin +äkeisiin,,
N041Ds !ies,,,,,,,,ikeiden +ikeitten,ikeihin +ikeisiin,,
N041Ds !kiuas,,,,,,,,kiukaiden +kiukaitten,kiukaihin +kiukaisiin,,
N041Ds !oas,,,,,,,,okaiden +okaitten,okaihin +okaisiin,,
N041Ds !ruis,,,,,,,,rukiiden +rukiitten,rukiihin +rukiisiin,,
N041Es !havas,,hapaan +havaksen,hapaaseen +havakseen,hapaalle +havakselle,hapaatta +havaksetta,hapaat +havakset,hapaita +havaksia,hapaiden +hapaitten+havaksien+havasten,hapaihin +hapaisiin+havaksiin,hapaille +havaksille,hapain +havaksin
N041Es !ryväs,,,,,,,,rypäiden +rypäitten,rypäihin +rypäisiin,,
N041Es !seiväs,,,,,,,,seipäiden +seipäitten,seipäihin +seipäisiin,,
N041Es !varvas,,,,,,,,varpaiden +varpaitten,varpaihin +varpaisiin,,
N041Fs !keidas,,,,,,,,keitaiden +keitaitten,keitaihin +keitaisiin,,
N041Fs !pudas,,,,,,,,putaiden +putaitten,putaihin +putaisiin,,
N041Fs !tahdas,,,,,,,,tahtaiden +tahtaitten,tahtaihin +tahtaisiin,,
N041Fs !tehdas,,,,,,,,tehtaiden +tehtaitten,tehtaihin +tehtaisiin,,
N041Gs !hiomakangas,,,,,,,,hiomakankaiden +hiomakankaitten,hiomakankaihin +hiomakankaisiin,,
N041Gs !kangas,,,,,,,,kankaiden +kankaitten,kankaihin +kankaisiin,,
N041Gs !lakanakangas,,,,,,,,lakanakankaiden +lakanakankaitten,lakanakankaihin +lakanakankaisiin,,
N041Gs !ommelkangas,,,,,,,,ommelkankaiden +ommelkankaitten,ommelkankaihin +ommelkankaisiin,,
N041Gs !ontelokangas,,,,,,,,ontelokankaiden +ontelokankaitten,ontelokankaihin +ontelokankaisiin,,
N041Hs !hammas,,,,,,,,hampaiden +hampaitten,hampaihin +hampaisiin,,
N041Hs !lammas,,,,,,,,lampaiden +lampaitten,lampaihin +lampaisiin,,
N041Is !allas,,,,,,,,altaiden +altaitten,altaihin +altaisiin,,
N041Is !kallas,,kaltaan +kallaksen,kaltaaseen +kallakseen,kaltaalle +kallakselle,kaltaatta +kallaksetta,kaltaat +kallakset,kaltaita +kallaksia,kaltaiden +kaltaitten+kallaksien+kallasten,kaltaihin +kaltaisiin+kallaksiin,kaltaille +kallaksille,kaltain +kallaksin
N041Is !mallas,,,,,,,,maltaiden +maltaitten,maltaihin +maltaisiin,,
N041Is !pallas,,paltaan +pallaksen,paltaaseen +pallakseen,paltaalle +pallakselle,paltaatta +pallaksetta,paltaat +pallakset,paltaita +pallaksia,paltaiden +paltaitten+pallaksien+pallasten,paltaihin +paltaisiin+pallaksiin,paltaille +pallaksille,paltain +pallaksin
N041Js !kinnas,,,,,,,,kintaiden +kintaitten,kintaihin +kintaisiin,,
N041Js !rynnäs,,,,,,,,ryntäiden +ryntäitten,ryntäihin +ryntäisiin,,
N041Js !vannas,,,,,,,,vantaiden +vantaitten,vantaihin +vantaisiin,,
N041Ks !parras,,,,,,,,partaiden +partaitten,partaihin +partaisiin,,
N041Ks !porras,,,,,,,,portaiden +portaitten,portaihin +portaisiin,,
N041Ks !varras,,,,,,,,vartaiden +vartaitten,vartaihin +vartaisiin,,
N0420s !mies,,,,,,,,miehien +miesten,,,
N0430t !airut,,,,,,,,airuiden +airuitten,airuihin +airuisiin,,
N0430t !kätkyt,,,,,,,,kätkyiden +kätkyitten,kätkyihin +kätkyisiin,,
N0430t !kytkyt,,,,,,,,kytkyiden +kytkyitten,kytkyihin +kytkyisiin,,
N0430t !olut,,,,,,,,oluiden +oluitten,oluihin +oluisiin,,
N0430t !tiehyt,,,,,,,,tiehyiden +tiehyitten,tiehyihin +tiehyisiin,,
N043Ht !immyt,,,,,,,,impyiden +impyitten,impyihin +impyisiin,,
N0440t !kevät,,,,,,,,keväiden +keväitten,keväihin +keväisiin,,
N0440t !venät,,,,,,,,venäiden +venäitten,venäihin +venäisiin,,
N0450s !kymmenes,,,,,,,,kymmeneksien +kymmenesten,,,
N0470t !helpottunut,,,,,,,,helpottuneiden +helpottuneitten,helpottuneihin +helpottuneisiin,,
N0470t !masentunut,,,,,,,,masentuneiden +masentuneitten,masentuneihin +masentuneisiin,,
N0470t !poismennyt,,,,,,,,poismenneiden +poismenneitten,poismenneihin +poismenneisiin,,
N0470t !sivistynyt,,,,,,,,sivistyneiden +sivistyneitten,sivistyneihin +sivistyneisiin,,
N0470t !sulkeutunut,,,,,,,,sulkeutuneiden +sulkeutuneitten,sulkeutuneihin +sulkeutuneisiin,,
N0480e !ane,,,,,,,,aneiden +aneitten,aneihin +aneisiin,,
N0480e !ase,,,,,,,,aseiden +aseitten,aseihin +aseisiin,,
N0480e !ele,,,,,,,,eleiden +eleitten,eleihin +eleisiin,,
N0480e !hie,,,,,,,,hieiden +hieitten,hieihin +hieisiin,,
N0480e !työntökytkye,,,,,,,,työntökytkyeiden +työntökytkyeitten,työntökytkyeihin +työntökytkyeisiin,,
N0480i !ori,x+oritta,orin +orien,oriin +orieseen,orille +orielle,oritta +orietta,orit +oriet,oreja +oriita,orien +oriiden+oriitten,oreihin +oriihin+oriisiin,oreille +oriille,orein +oriin
N0480u !kiiru,,,,,,,,kiiruiden +kiiruitten,kiiruihin +kiiruisiin,,
N048Ae !ajankuluke,,,,,,,,ajankulukkeiden +ajankulukkeitten,ajankulukkeihin +ajankulukkeisiin,,
N048Ae !hake,,,,,,,,hakkeiden +hakkeitten,hakkeihin +hakkeisiin,,
N048Ae !kahvinselvike,,,,,,,,kahvinselvikkeiden +kahvinselvikkeitten,kahvinselvikkeihin +kahvinselvikkeisiin,,
N048Ae !rike,,,,,,,,rikkeiden +rikkeitten,rikkeihin +rikkeisiin,,
N048Ae !tuoksusimake,,,,,,,,tuoksusimakkeiden +tuoksusimakkeitten,tuoksusimakkeihin +tuoksusimakkeisiin,,
N048Be !ape,,,,,,,,appeiden +appeitten,appeihin +appeisiin,,
N048Be !kampe,,,,,,,,kamppeiden +kamppeitten,kamppeihin +kamppeisiin,,
N048Be !lape,,,,,,,,lappeiden +lappeitten,lappeihin +lappeisiin,,
N048Be !raape,,,,,,,,raappeiden +raappeitten,raappeihin +raappeisiin,,
N048Be !ripe,,,,,,,,rippeiden +rippeitten,rippeihin +rippeisiin,,
N048Ce !aate,,,,,,,,aatteiden +aatteitten,aatteihin +aatteisiin,,
N048Ce !hete,,,,,,,,hetteiden +hetteitten,hetteihin +hetteisiin,,
N048Ce !jäte,,,,,,,,jätteiden +jätteitten,jätteihin +jätteisiin,,
N048Ce !ote,,,,,,,,otteiden +otteitten,otteihin +otteisiin,,
N048Ce !uute,,,,,,,,uutteiden +uutteitten,uutteihin +uutteisiin,,
N048De !aie,,,,,,,,aikeiden +aikeitten,aikeihin +aikeisiin,,
N048De !jae,,,,,,,,jakeiden +jakeitten,jakeihin +jakeisiin,,
N048De !koe,,,,,,,,kokeiden +kokeitten,kokeihin +kokeisiin,,
N048De !rae,,,,,,,,rakeiden +rakeitten,rakeihin +rakeisiin,,
N048De !säe,,,,,,,,säkeiden +säkeitten,säkeihin +säkeisiin,,
N048Ee !häive,,,,,,,,häiveiden +häiveitten,häiveihin +häiveisiin,,
N048Ee !helve,,,,,,,,helpeiden +helpeitten,helpeihin +helpeisiin,,
N048Ee !kuve,,kupeen +kuveen,kupeeseen +kuveeseen,kupeelle +kuveelle,kupeetta +kuveetta,kupeet +kuveet,kupeita +kuveita,kupeiden +kupeitten+kuveiden+kuveitten,kupeihin +kupeisiin+kuveihin+kuveisiin,kupeille +kuveille,kupein +kuvein
N048Ee !live,,,,,,,,lipeiden +lipeitten,lipeihin +lipeisiin,,,,,,,,,,,lipeiden +lipeitten,lipeihin +lipeisiin,,
N048Ee !rove,,,,,,,,ropeiden +ropeitten,ropeihin +ropeisiin,,
N048Fe !ahde,,,,,,,,ahteiden +ahteitten,ahdeisiin +ahteihin,,
N048Fe !hede,,,,,,,,heteiden +heteitten,heteihin +heteisiin,,
N048Fe !kide,,,,,,,,kiteiden +kiteitten,kiteihin +kiteisiin,,
N048Fe !kude,,,,,,,,kuteiden +kuteitten,kudeisiin +kuteihin,,
N048Fe !lude,,,,,,,,luteiden +luteitten,ludeisiin +luteihin,,
N048He !lumme,,,,,,,,lumpeiden +lumpeitten,lumpeihin +lumpeisiin,,
N048Ie !imelle,,,,,,,,imelteiden +imelteitten,imelteihin +imelteisiin,,
N048Ie !kiille,,,,,,,,kiilteiden +kiilteitten,kiilteihin +kiilteisiin,,
N048Ie !mielle,,,,,,,,mielteiden +mielteitten,mielteihin +mielteisiin,,
N048Ie !palle,,,,,,,,palteiden +palteitten,palteihin +palteisiin,,
N048Ie !viille,,,,,,,,viilteiden +viilteitten,viilteihin +viilteisiin,,
N048Je !enne,,,,,,,,enteiden +enteitten,enteihin +enteisiin,,
N048Je !jänne,,,,,,,,jänteiden +jänteitten,jänteihin +jänteisiin,,
N048Je !kanne,,,,,,,,kanteiden +kanteitten,kanteihin +kanteisiin,,
N048Je !lanne,,,,,,,,lanteiden +lanteitten,lanteihin +lanteisiin,,
N048Je !pinne,,,,,,,,pinteiden +pinteitten,pinteihin +pinteisiin,,
N048Ke !aarre,,,,,,,,aarteiden +aarteitten,aarteihin +aarteisiin,,
N048Ke !hierre,,,,,,,,hierteiden +hierteitten,hierteihin +hierteisiin,,
N048Ke !horre,,,,,,,,horteiden +horteitten,horteihin +horteisiin,,
N048Ke !murre,,,,,,,,murteiden +murteitten,murteihin +murteisiin,,
N048Ke !uurre,,,,,,,,uurteiden +uurteitten,uurteihin +uurteisiin,,
N048Le !elje,,,,,,,,elkeiden +elkeitten,elkeihin +elkeisiin,,
N048Le !hylje,,,,,,,,hylkeiden +hylkeitten,hylkeihin +hylkeisiin,,
N048Le !lahje,,,,,,,,lahkeiden +lahkeitten,lahkeihin +lahkeisiin,,
N048Le !palje,,,,,,,,palkeiden +palkeitten,palkeihin +palkeisiin,,
N048Le !pohje,,,,,,,,pohkeiden +pohkeitten,pohkeihin +pohkeisiin,,
N0490l !askel,,askelen +askeleen,askeleen +askeleeseen,askelelle +askeleelle,askeletta +askeleetta,askelet +askeleet,askelia +askeleita,askelien +askelten+askeleiden+askeleitten,askeliin +askeleihin+askeleisiin,askelille +askeleille,askelin +askelein
N0490l !kyynel,,kyynelen +kyyneleen,kyyneleen +kyyneleeseen,kyynelelle +kyyneleelle,kyynelettä +kyyneleettä,kyynelet +kyyneleet,kyyneliä +kyyneleitä,kyynelien +kyynelten+kyyneleiden+kyyneleitten,kyyneliin +kyyneleihin+kyyneleisiin,kyynelille +kyyneleille,kyynelin +kyynelein
N0490l !petkel,,petkelen +petkeleen,petkeleen +petkeleeseen,petkelelle +petkeleelle,petkelettä +petkeleettä,petkelet +petkeleet,petkeliä +petkeleitä,petkelien +petkelten+petkeleiden+petkeleitten,petkeliin +petkeleihin+petkeleisiin,petkelille +petkeleille,petkelin +petkelein
N0490l !sammal,,sammalen +sammaleen,sammaleen +sammaleeseen,sammalelle +sammaleelle,sammaletta +sammaleetta,sammalet +sammaleet,sammalia +sammaleita,sammalien +sammalten+sammaleiden+sammaleitten,sammaliin +sammaleihin+sammaleisiin,sammalille +sammaleille,sammalin +sammalein
N0490l !seppel,,seppelen +seppeleen,seppeleen +seppeleeseen,seppelelle +seppeleelle,seppelettä +seppeleettä,seppelet +seppeleet,seppeliä +seppeleitä,seppelien +seppelten+seppeleiden+seppeleitten,seppeliin +seppeleihin+seppeleisiin,seppelille +seppeleille,seppelin +seppelein
N0490n !muren,,murenen +mureneen,mureneen +mureneeseen,murenelle +mureneelle,murenetta +mureneetta,murenet +mureneet,murenia +mureneita,murenien +murenten+mureneiden+mureneitten,mureniin +mureneihin+mureneisiin,murenille +mureneille,murenin +murenein
N0490r !askar,,askaren +askareen,askareen +askareeseen,askarelle +askareelle,askaretta +askareetta,askaret +askareet,askaria +askareita,askarien +askarten+askareiden+askareitten,askariin +askareihin+askareisiin,askarille +askareille,askarin +askarein
N0490r !auer,,auteren +autereen,autereen +autereeseen,auterelle +autereelle,auteretta +autereetta,auteret +autereet,auteria +autereita,auerten +auterien+autereiden+autereitten,auteriin +autereihin+autereisiin,auterille +autereille,auterin +auterein
N0490r !huhmar,,huhmaren +huhmareen,huhmareen +huhmareeseen,huhmarelle +huhmareelle,huhmaretta +huhmareetta,huhmaret +huhmareet,huhmaria +huhmareita,huhmarien +huhmarten+huhmareiden+huhmareitten,huhmariin +huhmareihin+huhmareisiin,huhmarille +huhmareille,huhmarin +huhmarein
N0490r !saivar,,saivaren +saivareen,saivareen +saivareeseen,saivarelle +saivareelle,saivaretta +saivareetta,saivaret +saivareet,saivaria +saivareita,saivarien +saivarten+saivareiden+saivareitten,saivariin +saivareihin+saivareisiin,saivarille +saivareille,saivarin +saivarein
N049Dn !säen,,säkenen +säkeneen,säkeneen +säkeneeseen,säkenelle +säkeneelle,säkenettä +säkeneettä,säkenet +säkeneet,säkeniä +säkeneitä,säenten +säkenien+säkeneitten+säneneiden,säkeniin +säkeneihin+säkeneisiin,säkenille +säkeneille,säkenin +säkenein
N049El !taival,,taipalen +taipaleen,taipaleen +taipaleeseen,taipalelle +taipaleelle,taipaletta +taipaleetta,taipalet +taipaleet,taipalia +taipaleita,taipalien +taipaleiden+taipaleitten+taivalten,taipaleihin +taipaleisiin+taipeliin,taipalille +taipaleille,taipalin +taipalein
N049Fr !udar,,utaren +utareen,utareen +utareeseen,utarelle +utareelle,utaretta +utareetta,utaret +utareet,utaria +utareita,udarten +utarien+utareiden+utareitten,utariin +utareihin+utareisiin,utarille +utareille,utarin +utarein
N049Gr !penger,,penkeren +penkereen,penkereen +penkereeseen,penkerelle +penkereelle,penkerettä +penkereettä,penkeret +penkereet,penkeriä +penkereitä,pengerten +penkerien+penkereiden+penkereitten,penkeriin +penkereihin+penkereisiin,penkerille +penkereille,penkerin +penkerein
N049Hl !ommel,,ompelen +ompeleen,ompeleen +ompeleeseen,ompelelle +ompeleelle,ompeletta +ompeleetta,ompelet +ompeleet,ompelia +ompeleita,ommelten +ompelien+ompeleiden+ompeleitten,ompeliin +ompeleihin+ompeleisiin,ompelille +ompeleille,ompelin +ompelein
N049Hl !vemmel,,vempelen +vempeleen,vempeleen +vempeleeseen,vempelelle +vempeleelle,vempelettä +vempeleettä,vempelet +vempeleet,vempeliä +vempeleitä,vemmelten +vempelien+vempeleiden+vempeleitten,vempeliin +vempeleihin+vempeleisiin,vempelille +vempeleille,vempelin +vempelein
N049Jl !kannel,,kantelen +kanteleen,kanteleen +kanteleeseen,kantelelle +kanteleelle,kanteletta +kanteleetta,kantelet +kanteleet,kantelia +kanteleita,kannelten +kantelien+kanteleiden+kanteleitten,kanteliin +kanteleihin+kanteleisiin,kantelille +kanteleille,kantelin +kantelein
N049Jr !kinner,,kinteren +kintereen,kintereen +kintereeseen,kinterelle +kintereelle,kinterettä +kintereettä,kinteret +kintereet,kinteriä +kintereitä,kinnerten +kinterien+kintereiden+kintereitten,kinteriin +kintereihin+kintereisiin,kinterille +kintereille,kinterin +kinterein
N049Jr !manner,,manteren +mantereen,mantereen +mantereeseen,manterelle +mantereelle,manteretta +mantereetta,manteret +mantereet,manteria +mantereita,mannerten +manterien+mantereiden+mantereitten,manteriin +mantereihin+mantereisiin,manterille +mantereille,manterin +manterein
N049Jr !piennar,,pientaren +pientareen,pientareen +pientareeseen,pientarelle +pientareelle,pientaretta +pientareetta,pientaret +pientareet,pientaria +pientareita,piennarten +pientarien+pientareiden+pientareitten,pientariin +pientareihin+pientareisiin,pientarille +pientareille,pientarin +pientarein
N049Jr !tanner,,tanteren +tantereen,tantereen +tantereeseen,tanterelle +tantereelle,tanteretta +tantereetta,tanteret +tantereet,tanteria +tantereita,tannerten +tanterien+tantereiden+tantereitten,tanteriin +tantereihin+tantereisiin,tanterille +tantereille,tanterin +tanterein
N0500ä !kippurahäntä,
N0500a !matalatorjunta,
N0500e !matalajännite,
N0500e !matalapaine,
N0500e !matalasuhdanne,
N0500i !harmaakaihi,
N0500i !kevytjogurtti,
N0500i !puoliväli,
N0500i !täysiveli,
N0500n !täysisukulainen,
N0500o !täysihoito,
N0500r !täysisisar,
N0500s !matalakirkollisuus,
N0500s !matalamielisyys,
N0500s !täysisukulaisuus,
N0500u !täysiserkku,
N0500y !käkkärämänty,
N0500y !taajahylly,
N0510a !omakuva,
N0510o !omatunto,
N0510s !vierasmies,
N058Da !hakea,
N0670a !panna,
N0690a !kaita,
N073Da !taata,
N0990a !aika,
N0990a !haava,
N0990a !hela,
N0990ä !käsikynkkä,
N0990a !kera,
N0990a !kohta,
N0990ä !tenä,
N0990e !kyse,
N0990e !toiste,
N0990i !kuti,
N0990i !modernisti,
N0990i !tai,
N0990i !voi,
N0990n !eukkonen,
N0990n !höykänen,
N0990n !velinen,
N0990o !luo,
N0990o !moro,
N0990o !tokko,
N0990P !vip,
N0990s !miss,
N0990V !hiv,
