?.,*.,?..,*.t,?n,?,*t,?,?,?,?.n,
?.,*.,?..,*.t,?.n,?.,*.t,?.,?.,?.,?.n,
?a,*a,?aa,*et,?an,?,*et,?a,?a,?a,?an,
?a,*a,?aa,*et,?an,?-s,*et,?a,?a,?a,?an,
?a,*a,?aa,*et,?an,?-s,*et,?a,?a,?a,?an,
?a,*a,?aa,*et,?an,?o,*et,?a,?a,?a,?an,
?a,*a,?aa,*et,?an,?o,*et,?a,?a,?a,?an,
?e,*e,?ee,*et,?en,?,*et,?i,?,?e,?en,
?e,*e,?ee,*et,?en,?-s,*et,?i,?,?e,?en,
?e,*e,?ee,*et,?en,?,*et,?i,?,?e,?en,
?i,*i,?ii,*it,?in,?,*it,?i,?,?i,?in,
?d,?,?,?d,?n,?-,?,?d,?-,?,?n,
?d,?,?,?d,?n,?-,?,?d,?-,?,?n,
?d,?,?,?d,?n,*-,?,?d,*-,?,?n,
?d,?,?,?d,?n,?-v,?,?d,?-v,?,?n,
?f
?d,?,?,?d,?n,?-,?,?d,?-,?,?n,
?t,?tse,?tsee,?t,?nn,?ts,?t,?t,?ts,?t,?nn,
?st,?kse,?ksee,?st,?ss,?ks,?s,?st,?ks,?s,?ss,
?hd,?e,?kee,?hd,?hn,?k,?h,?hd,?k,?h,?hn,
?t,*ne,*nee,?t,?nn,*n,?t,?t,*n,?t,?nn,
?t,*a,*a,?t,?nn,*s,?t,?t,*,?t,?nn,
?t,*a,*aa,?t,?nn,*s,?t,?t,*a,?t,?nn,
?t,*a,*aa,?t,?nn,*s,?t,?t,*a,?t,?nn,
?a,*a,?aa,*et,?an,?-s,*et,?a,?a,?a,?-nn,
?a,?#Sg1+,?aa,?#ConNeg+,?#ConNen,?,?#ConNeg,?#Ins,?a,?#Pl,?#,
?a,?#Sg1+,?aa,?#ConNeg+,?#ConNen,?#Sg3+,?#ConNeg,?#Ins,?a,?#P,
