09,,,,,n,,,,,,,nn,
51,,,,,n,,,,,,,nn,
52,*,*,**,*t,*n,*,*t,*,*,*,*n,
53,a,a,aa,et,an,,,et,a,a,a,an,
54,a,a,aa,et,an,-s,-s,et,a,a,a,an,
55,a,a,aa,et,an,-s,-s,et,a,a,a,an,
56,a,a,aa,et,an,o,o,et,a,a,a,an,
57,a,a,aa,et,an,-s,-s,et,a,a,a,an,
58,e,e,ee,et,en,,,et,i,,e,en,
59,e,e,ee,et,en,-s,-s,et,i,,e,en,
60,e,e,ee,et,en,-s,--ks,et,i,,e,e,en,
61,i,i,ii,it,in,,,it,i,,i,in,
62,oid,i,i,id,in,,,i,id,,i,in,
63,d,,,d,n,-,-,,d,-,,n,
64,od,,,d,n,--*,--*,,d,--*,,n,
65,ud,u,u,ud,un,v,v,u,ud,v,u,un,
66,t,se,see,st,ss,s,s,s,st,s,s,ss, "vikan tavun tavuraja vaihtuu"
67,ll,#e,#ee,##,##,#,#,#,##,#,#,##,"purrapanna eri luokkiin? " 
68,oid,oitse,oitsee,oid,oin,oits,oi,oi,oid,oits,oi,oin,
69,it,tse,tsee,t,nn,ts,ts,t,t,ts,t,nn,
70,st,kse,ksee,st,ss,ks,ks,s,st,ks,s,ss,
71,hd,e,kee,hd,hn,k,k,h,hd,k,h,hn,ke
72,xxt,ne,nee,t,nn,n,,t,t,n,t,
73,t,aa,aa,at,ann,as,as,at,at,a,at,ann,
74,t,a,aa,t,nn,s,s,t,t,a,t,nn,
75,t,a,aa,t,nn,s,s,t,t,a,t,nn,
76,a,a,aa,et,an,-s,-s,et,a,a,a,an,
77,aja,Z,ajaa,Z,Z,aj,aj,Z,Z,aja,Z,Z,
78,a,Z+,aa,Z,Z,Z,Z,Z,Z,a,Z,Z,
62,*id,*i,*i,*id,*in,*,*,*i,*id,*,*i,*in,
61,,,i,t,n,-,-,-,t,,,,n,
62,*id,*i,*i,*id,*in,*,*,*i
,*id,*,*i,*in,
62,oid,oi,oi,oid,oin,o,o,oi,oid,o,oi,oin,
68,oid,oi,oi,oid,oin,o,o,oi,oid,o,oi,oin,
