==monikko/moni-#kko N Abbr Nom Sg/monikko N Nom Sg monikko
==kolmikko/kolmi-#kko N Abbr Nom Sg/kolmikko N Nom Sg kolmikko
==monikko/moni-#kko N Abbr Nom Sg/monikko N Nom Sg monikko
==suure/suu#re N/suure N Nom Sg suure
==hallakko/halla#kko N Abbr Nom Sg/hallakko N Nom Sg hallakko
==nelikko/neli#kko N Abbr Nom Sg/neli-#kko N Abbr Nom Sg/nelikko N Nom Sg nelikko
==kolmikko/kolmi-#kko N Abbr Nom Sg/kolmikko N Nom Sg kolmikko
==toinen/toinen N Nom Sg/toinen Num Ord Nom Sg/toinen Ord#/toinen Pron Nom Sg toinen
==toinen/toinen N Nom Sg/toinen Num Ord Nom Sg/toinen Ord#/toinen Pron Nom Sg toinen
==nolla/nolla N Nom Sg/nolla Num Nom Sg/nolla#/nollas N nolla
==nolla/nolla N Nom Sg/nolla Num Nom Sg/nolla#/nollas N nolla
==kasautua/kasa#utu N Par Sg/kasautua V Inf1 Lat kasautua
==maksimi/maksi#mi N/maksi-#mi N/maksimi N Nom Sg maksimi
==minimi/mini#mi N/mini-#mi N/minimi N Nom Sg minimi
==minimi/mini#mi N/mini-#mi N/minimi N Nom Sg minimi
==maksimi/maksi#mi N/maksi-#mi N/maksimi N Nom Sg maksimi
==maksimi/maksi#mi N/maksi-#mi N/maksimi N Nom Sg maksimi
==minimi/mini#mi N/mini-#mi N/minimi N Nom Sg minimi
==maksimi/maksi#mi N/maksi-#mi N/maksimi N Nom Sg maksimi
==minimi/mini#mi N/mini-#mi N/minimi N Nom Sg minimi
==avioitua/avio#itu N Par Sg/avioitua V Inf1 Lat avioitua
==bitti/bit#ti N/bitti N Nom Sg bitti
==matala/mata#la N/matala A Pos Nom Sg matala
==puoliso/puoli#so N/puoliso N Nom Sg puoliso
==puoliso/puoli#so N/puoliso N Nom Sg puoliso
==palsami/palsa#mi N/palsami N Nom Sg palsami
==suomi/suo#mi N/suomi N Nom Sg/suomia V Impv Act Sg2/suomia V Prs Act ConNeg/suomia V Pst Act Sg3 suomi
==suure/suu#re N/suure N Nom Sg suure
==kermakko/kerma#kko N Abbr Nom Sg/kermakko N Nom Sg kermakko
==suola/suo#la N/suola N Nom Sg suola
==suola/suo#la N/suola N Nom Sg suola
==suola/suo#la N/suola N Nom Sg suola
==tauti/tau#ti N/tauti N Nom Sg tauti
==vesikko/vesi#kko N Abbr Nom Sg/vesikko N Nom Sg vesikko
==toinen/toinen N Nom Sg/toinen Num Ord Nom Sg/toinen Ord#/toinen Pron Nom Sg toinen
==toinen/toinen N Nom Sg/toinen Num Ord Nom Sg/toinen Ord#/toinen Pron Nom Sg toinen
==toinen/toinen N Nom Sg/toinen Num Ord Nom Sg/toinen Ord#/toinen Pron Nom Sg toinen
==sijainti/sija#ti N/sijainti N Nom Sg sijainti
==suomustaa/suo#musta A Pos Par Sg/suo#musta N Par Sg/suomustaa V Inf1 Lat/suomustaa V Prs Act Sg3 suomustaa
==kanala/kana#la N/kanala N Nom Sg kanala
==matala/mata#la N/matala A Pos Nom Sg matala
==seiti/sei#ti N/seiti N Nom Sg seiti
==suomi/suo#mi N/suomi N Nom Sg/suomia V Impv Act Sg2/suomia V Prs Act ConNeg/suomia V Pst Act Sg3 suomi
==suomi/suo#mi N/suomi N Nom Sg/suomia V Impv Act Sg2/suomia V Prs Act ConNeg/suomia V Pst Act Sg3 suomi
==homofonia/homo#foni N Par Sg/homofoni N Par Sg/homofonia N Nom Sg homofonia
==homonyymi/homo#nyy#mi N/homonyymi N Nom Sg homonyymi
==aikaisintaan/aika#isi#taka N Gen Sg/aikainen A Superl Par Sg Px3/aikaisintaan aikaisintaan
==aikaisin/aika#isi N Gen Sg/aika#isä N Ins Pl/aikainen A Pos Ins Pl/aikainen A Superl Nom Sg/aikaisin Adv aikaisin
==suure/suu#re N/suure N Nom Sg suure
==kahvila/kahvi#la N/kahvila N Nom Sg kahvila
==risukko/risu#kko N Abbr Nom Sg/risukko N Nom Sg risukko
==ommella/ommel#la N/ommella V Inf1 Lat/ommella V Prs Pass ConNeg ommella
==kosla/kos#la N/kosla N Nom Sg kosla
==trimaraani/tri Abbr#mara N Ill Sg PxSg1/tri Abbr#mara N Par Sg PxSg1/tri-#mara N Ill Sg PxSg1/tri-#mara N Par Sg PxSg1/trimaraani N Nom Sg trimaraani
==sijainti/sija#ti N/sijainti N Nom Sg sijainti
==risukko/risu#kko N Abbr Nom Sg/risukko N Nom Sg risukko
==suomi/suo#mi N/suomi N Nom Sg/suomia V Impv Act Sg2/suomia V Prs Act ConNeg/suomia V Pst Act Sg3 suomi
==suomi/suo#mi N/suomi N Nom Sg/suomia V Impv Act Sg2/suomia V Prs Act ConNeg/suomia V Pst Act Sg3 suomi
==suomi/suo#mi N/suomi N Nom Sg/suomia V Impv Act Sg2/suomia V Prs Act ConNeg/suomia V Pst Act Sg3 suomi
==suomi/suo#mi N/suomi N Nom Sg/suomia V Impv Act Sg2/suomia V Prs Act ConNeg/suomia V Pst Act Sg3 suomi
==suomi/suo#mi N/suomi N Nom Sg/suomia V Impv Act Sg2/suomia V Prs Act ConNeg/suomia V Pst Act Sg3 suomi
==suomi/suo#mi N/suomi N Nom Sg/suomia V Impv Act Sg2/suomia V Prs Act ConNeg/suomia V Pst Act Sg3 suomi
==paperikko/paperi#kko N Abbr Nom Sg/paperikko N Nom Sg paperikko
==taide/tai#de N Prop/taide N Nom Sg taide
==vuode/vuo#de N Prop/vuode N Nom Sg vuode
==monikko/moni-#kko N Abbr Nom Sg/monikko N Nom Sg monikko
==fuusioitua/fuusio#itu N Par Sg/fuusioida PrfPrc Pass Pos Par Sg/fuusioitua V Inf1 Lat fuusioitua
==taimi/tai#mi N/taimi N Nom Sg/taimia V Impv Act Sg2/taimia V Prs Act ConNeg/taimia V Pst Act Sg3 taimi
==suomi/suo#mi N/suomi N Nom Sg/suomia V Impv Act Sg2/suomia V Prs Act ConNeg/suomia V Pst Act Sg3 suomi
==suomi/suo#mi N/suomi N Nom Sg/suomia V Impv Act Sg2/suomia V Prs Act ConNeg/suomia V Pst Act Sg3 suomi
==suomi/suo#mi N/suomi N Nom Sg/suomia V Impv Act Sg2/suomia V Prs Act ConNeg/suomia V Pst Act Sg3 suomi
==kattila/katti#la N/kattila N Nom Sg kattila
==monikko/moni-#kko N Abbr Nom Sg/monikko N Nom Sg monikko
==matala/mata#la N/matala A Pos Nom Sg matala
==matala/mata#la N/matala A Pos Nom Sg matala
==kopula/kopu#la N/kopula N Nom Sg kopula
==minimi/mini#mi N/mini-#mi N/minimi N Nom Sg minimi
==suukko/suu#kko N Abbr Nom Sg/suukko A Pos Nom Sg suukko
==valaisin/vala#isi N Gen Sg/vala#isä N Ins Pl/valaa V Cond Act Sg1/valaisin N Nom Sg/valaista V Pst Act Sg1 valaisin
==tiede/tie#de N Prop/tiede N Nom Sg tiede
==taide/tai#de N Prop/taide N Nom Sg taide
==taide/tai#de N Prop/taide N Nom Sg taide
==parhaillaan/par#hai N Ade Pl Px3/par#hai N Ade Sg Px3/paras A Pos Ade Pl Px3/parhaillaan Adv parhaillaan
==kolikko/koli#kko N Abbr Nom Sg/kolikko N Nom Sg kolikko
==maljakko/malja#kko N Abbr Nom Sg/maljakko N Nom Sg maljakko
==maljakko/malja#kko N Abbr Nom Sg/maljakko N Nom Sg maljakko
==suola/suo#la N/suola N Nom Sg suola
==suola/suo#la N/suola N Nom Sg suola
==juustola/juusto#la N/juustola N Nom Sg juustola
==myynti/myy#ti N/myynti N Nom Sg myynti
==toinen/toinen N Nom Sg/toinen Num Ord Nom Sg/toinen Ord#/toinen Pron Nom Sg toinen
==muusikko/muusi#kko N Abbr Nom Sg/muusikko N Nom Sg muusikko
==puoliso/puoli#so N/puoliso N Nom Sg puoliso
==avioitua/avio#itu N Par Sg/avioitua V Inf1 Lat avioitua
==kauppala/kauppa#la N/kauppala N Nom Sg kauppala
==viisumi/viisu#mi N/viisumi N Nom Sg viisumi
==alati/ala#ti N/ala-#ti N/alati Adv alati
==aamuisin/aamu#isi N Gen Sg/aamu#isä N Ins Pl/aamuinen A Pos Ins Pl/aamuinen A Superl Nom Sg/aamuisin Adv aamuisin
==ratsukko/ratsu#kko N Abbr Nom Sg/ratsukko N Nom Sg ratsukko
==yhdessä/yhdessä Adv/yksi Ine#/yksi Num Ine Sg yhdessä
==nolla/nolla N Nom Sg/nolla Num Nom Sg/nolla#/nollas N nolla
==kolikko/koli#kko N Abbr Nom Sg/kolikko N Nom Sg kolikko
==antonyymi/anto#nyy#mi N/antonyymi N Nom Sg antonyymi
==homonyymi/homo#nyy#mi N/homonyymi N Nom Sg homonyymi
==sikala/sika#la N/sika-#la N/sikala N Nom Sg sikala
==kanala/kana#la N/kanala N Nom Sg kanala
==yksin/yksi Ins#/yksi Num Ins Pl/yksin Adv yksin
==suukko/suu#kko N Abbr Nom Sg/suukko A Pos Nom Sg suukko
==testi/tes#ti N/testi N Nom Sg testi
==puoliso/puoli#so N/puoliso N Nom Sg puoliso
==luode/luo#de N Prop/luode N Nom Sg luode
==luode/luo#de N Prop/luode N Nom Sg luode
==luode/luo#de N Prop/luode N Nom Sg luode
==luode/luo#de N Prop/luode N Nom Sg luode
==luode/luo#de N Prop/luode N Nom Sg luode
==luode/luo#de N Prop/luode N Nom Sg luode
==luode/luo#de N Prop/luode N Nom Sg luode
==luode/luo#de N Prop/luode N Nom Sg luode
==tuhoutua/tuho#utu N Par Sg/tuhoutua V Inf1 Lat tuhoutua
==rikkoutua/rikko#utu N Par Sg/rikkoutua V Inf1 Lat rikkoutua
==melankolia/mela#kola N Par Pl/mela#koli N Par Sg/melankolia N Nom Sg melankolia
==suomi/suo#mi N/suomi N Nom Sg/suomia V Impv Act Sg2/suomia V Prs Act ConNeg/suomia V Pst Act Sg3 suomi
==aikaisin/aika#isi N Gen Sg/aika#isä N Ins Pl/aikainen A Pos Ins Pl/aikainen A Superl Nom Sg/aikaisin Adv aikaisin
==uimala/uima-#la N/uimala N Nom Sg uimala
==peräisin/-peräinen A Pos Ins Pl/-peräinen A Superl Nom Sg/perä#isi N Gen Sg/perä#isä N Ins Pl/peräisin Adp Po/peräisin Adp Pr/perätä V Cond Act Sg1 peräisin
==parhain/par#hai N Gen Sg/par#hai N Ins Pl/paras A Pos Ins Pl/parhain/parhain A Pos Nom Sg parhain
==yhdessä/yhdessä Adv/yksi Ine#/yksi Num Ine Sg yhdessä
==bitti/bit#ti N/bitti N Nom Sg bitti
==bitti/bit#ti N/bitti N Nom Sg bitti
==jalkaisin/-jalkainen A Pos Ins Pl/-jalkainen A Superl Nom Sg/jalka#isi N Gen Sg/jalka#isä N Ins Pl/jalkaisin Adv jalkaisin
==jalkaisin/-jalkainen A Pos Ins Pl/-jalkainen A Superl Nom Sg/jalka#isi N Gen Sg/jalka#isä N Ins Pl/jalkaisin Adv jalkaisin
==sekaisin/seka-#isi N Gen Sg/seka-#isä N Ins Pl/sekainen A Pos Ins Pl/sekainen A Superl Nom Sg/sekaisin Adv sekaisin
==suomi/suo#mi N/suomi N Nom Sg/suomia V Impv Act Sg2/suomia V Prs Act ConNeg/suomia V Pst Act Sg3 suomi
==lupautua/lupa#utu N Par Sg/lupautua V Inf1 Lat lupautua
==tiede/tie#de N Prop/tiede N Nom Sg tiede
==limakko/lima#kko N Abbr Nom Sg/limakko N Nom Sg limakko
==vammautua/vamma#utu N Par Sg/vammautua V Inf1 Lat vammautua
==puoliso/puoli#so N/puoliso N Nom Sg puoliso
==puoliso/puoli#so N/puoliso N Nom Sg puoliso
==aikaisin/aika#isi N Gen Sg/aika#isä N Ins Pl/aikainen A Pos Ins Pl/aikainen A Superl Nom Sg/aikaisin Adv aikaisin
==taide/tai#de N Prop/taide N Nom Sg taide
==muusikko/muusi#kko N Abbr Nom Sg/muusikko N Nom Sg muusikko
==vointi/voi#ti N/vointi N Nom Sg vointi
==aikaisin/aika#isi N Gen Sg/aika#isä N Ins Pl/aikainen A Pos Ins Pl/aikainen A Superl Nom Sg/aikaisin Adv aikaisin
==polyfonia/poly-#foni N Par Sg/polyfoni N Par Sg/polyfonia N Nom Sg polyfonia
==bitti/bit#ti N/bitti N Nom Sg bitti
==keittola/keitto#la N/keittola N Nom Sg keittola
==keittola/keitto#la N/keittola N Nom Sg keittola
==krapula/krapu#la N/krapula N Nom Sg krapula
==valaisin/vala#isi N Gen Sg/vala#isä N Ins Pl/valaa V Cond Act Sg1/valaisin N Nom Sg/valaista V Pst Act Sg1 valaisin
==matala/mata#la N/matala A Pos Nom Sg matala
==lapakko/lapa#kko N Abbr Nom Sg/lapakko N Nom Sg lapakko
==karjala/karja#la N/karjala N Nom Sg karjala
==karjala/karja#la N/karjala N Nom Sg karjala
==verhoutua/verho#utu N Par Sg/verhoutua V Inf1 Lat verhoutua
==kamala/kama#la N/kamala A Pos Nom Sg kamala
==toinen/toinen N Nom Sg/toinen Num Ord Nom Sg/toinen Ord#/toinen Pron Nom Sg toinen
==suomi/suo#mi N/suomi N Nom Sg/suomia V Impv Act Sg2/suomia V Prs Act ConNeg/suomia V Pst Act Sg3 suomi
==kuuroutua/kuuro#utu N Par Sg/kuuroutua V Inf1 Lat kuuroutua
==perusta/per-#uksi N Par Sg/peru N Ela Sg/perus N Par Sg/perusta N Nom Sg/perustaa V Impv Act Sg2/perustaa V Prs Act ConNeg perusta
==perusta/per-#uksi N Par Sg/peru N Ela Sg/perus N Par Sg/perusta N Nom Sg/perustaa V Impv Act Sg2/perustaa V Prs Act ConNeg perusta
==toinen/toinen N Nom Sg/toinen Num Ord Nom Sg/toinen Ord#/toinen Pron Nom Sg toinen
==tauti/tau#ti N/tauti N Nom Sg tauti
==yhteensä/yhde N Gen Sg Px3/yhde N Nom Pl Px3/yhde N Nom Sg Px3/yhteensä Adv/yksi Ill Px3#/yksi Num Ill Sg Px3 yhteensä
==peräti/perä#ti N/peräti peräti
==toinen/toinen N Nom Sg/toinen Num Ord Nom Sg/toinen Ord#/toinen Pron Nom Sg toinen
==hankala/hanka#la N/hankala A Pos Nom Sg hankala
==kolikko/koli#kko N Abbr Nom Sg/kolikko N Nom Sg kolikko
==toinen/toinen N Nom Sg/toinen Num Ord Nom Sg/toinen Ord#/toinen Pron Nom Sg toinen
==toinen/toinen N Nom Sg/toinen Num Ord Nom Sg/toinen Ord#/toinen Pron Nom Sg toinen
==tiede/tie#de N Prop/tiede N Nom Sg tiede
==takaisin/taata V Cond Act Sg1/taka#isi N Gen Sg/taka#isä N Ins Pl/taka-#isi N Gen Sg/taka-#isä N Ins Pl/takainen A Pos Ins Pl/takainen A Superl Nom Sg/takaisin Adv takaisin
==likimain/liki#maa N Ins Pl/likimain Adv likimain
==aikaisin/aika#isi N Gen Sg/aika#isä N Ins Pl/aikainen A Pos Ins Pl/aikainen A Superl Nom Sg/aikaisin Adv aikaisin
==voide/voi#de N Prop/voide N Nom Sg voide
==paradoksi/para#do N Tra Sg/paradoksi N Nom Sg paradoksi
==puuhailla/puu#hai N Ade Pl/puu#hai N Ade Sg/puuhailla V Inf1 Lat/puuhailla V Prs Pass ConNeg puuhailla
==puuhailla/puu#hai N Ade Pl/puu#hai N Ade Sg/puuhailla V Inf1 Lat/puuhailla V Prs Pass ConNeg puuhailla
==toinen/toinen N Nom Sg/toinen Num Ord Nom Sg/toinen Ord#/toinen Pron Nom Sg toinen
==toinen/toinen N Nom Sg/toinen Num Ord Nom Sg/toinen Ord#/toinen Pron Nom Sg toinen
==matala/mata#la N/matala A Pos Nom Sg matala
==kolikko/koli#kko N Abbr Nom Sg/kolikko N Nom Sg kolikko
==luomi/luo#mi N/luomi N Nom Sg luomi
==puinti/puin#ti N/puinti N Nom Sg/pukimet#ti N puinti
==kolikko/koli#kko N Abbr Nom Sg/kolikko N Nom Sg kolikko
==nesteytyä/neste#yty N Par Sg/nesteytyä V Inf1 Lat nesteytyä
==sikala/sika#la N/sika-#la N/sikala N Nom Sg sikala
==kampela/kampe#la N/kampela N Nom Sg/kamppeet#la N kampela
==keraamikko/keraami#kko N Abbr Nom Sg/keraamikko N Nom Sg keraamikko
==toinen/toinen N Nom Sg/toinen Num Ord Nom Sg/toinen Ord#/toinen Pron Nom Sg toinen
==shoppailla/shop#pai N Ade Pl/shop#pai N Ade Sg/shoppailla V Inf1 Lat/shoppailla V Prs Pass ConNeg shoppailla
==matala/mata#la N/matala A Pos Nom Sg matala
==matala/mata#la N/matala A Pos Nom Sg matala
==matala/mata#la N/matala A Pos Nom Sg matala
==vaurioitua/vaurio#itu N Par Sg/vaurioitua V Inf1 Lat vaurioitua
==mielissään/mieli N Ine Pl Px3/mielinen#säkä N Gen Sg/mielinen#sää N Gen Sg/mielissään Adv mielissään
==kantautua/kanta#utu N Par Sg/kantautua V Inf1 Lat kantautua
==bitti/bit#ti N/bitti N Nom Sg bitti
==muusikko/muusi#kko N Abbr Nom Sg/muusikko N Nom Sg muusikko
==parhaillaan/par#hai N Ade Pl Px3/par#hai N Ade Sg Px3/paras A Pos Ade Pl Px3/parhaillaan Adv parhaillaan
==vapautua/vapa#utu N Par Sg/vapautua V Inf1 Lat vapautua
==perusta/per-#uksi N Par Sg/peru N Ela Sg/perus N Par Sg/perusta N Nom Sg/perustaa V Impv Act Sg2/perustaa V Prs Act ConNeg perusta
==hankala/hanka#la N/hankala A Pos Nom Sg hankala
==piiloutua/piilo#utu N Par Sg/piiloutua V Inf1 Lat piiloutua
==piiloutua/piilo#utu N Par Sg/piiloutua V Inf1 Lat piiloutua
==piilottaa/pii#lotta N Par Sg/piilottaa V Inf1 Lat/piilottaa V Prs Act Sg3 piilottaa
==suomi/suo#mi N/suomi N Nom Sg/suomia V Impv Act Sg2/suomia V Prs Act ConNeg/suomia V Pst Act Sg3 suomi
==suomi/suo#mi N/suomi N Nom Sg/suomia V Impv Act Sg2/suomia V Prs Act ConNeg/suomia V Pst Act Sg3 suomi
==suomi/suo#mi N/suomi N Nom Sg/suomia V Impv Act Sg2/suomia V Prs Act ConNeg/suomia V Pst Act Sg3 suomi
==hakeutua/hake#utu N Par Sg/hakeutua V Inf1 Lat hakeutua
==tukeutua/tuke#utu N Par Sg/tukeutua V Inf1 Lat tukeutua
==sijainti/sija#ti N/sijainti N Nom Sg sijainti
==paikko/pai#kko N Abbr Nom Sg/paikko N Nom Sg paikko
==tauti/tau#ti N/tauti N Nom Sg tauti
==piilottaa/pii#lotta N Par Sg/piilottaa V Inf1 Lat/piilottaa V Prs Act Sg3 piilottaa
==piiloutua/piilo#utu N Par Sg/piiloutua V Inf1 Lat piiloutua
==ilmaisin/ilma#isi N Gen Sg/ilma#isä N Ins Pl/ilmainen A Pos Ins Pl/ilmainen A Superl Nom Sg/ilmaisin N Nom Sg/ilmaista V Pst Act Sg1/ilmata V Cond Act Sg1 ilmaisin
==aateliton/aate#lito N Gen Sg/aateliton A Pos Nom Sg aateliton
==perusteeton/perus#teetto N Gen Sg/perus-#teetto N Gen Sg/perusteeton A Pos Nom Sg perusteeton
==matala/mata#la N/matala A Pos Nom Sg matala
==matala/mata#la N/matala A Pos Nom Sg matala
==matala/mata#la N/matala A Pos Nom Sg matala
==matala/mata#la N/matala A Pos Nom Sg matala
==jouhikko/jouhi#kko N Abbr Nom Sg/jouhikko N Nom Sg jouhikko
==matala/mata#la N/matala A Pos Nom Sg matala
==suola/suo#la N/suola N Nom Sg suola
==vuode/vuo#de N Prop/vuode N Nom Sg vuode
==vuode/vuo#de N Prop/vuode N Nom Sg vuode
==tupakointi/tupa#koi#ti N/tupakointi N Nom Sg tupakointi
==muusikko/muusi#kko N Abbr Nom Sg/muusikko N Nom Sg muusikko
==vapautua/vapa#utu N Par Sg/vapautua V Inf1 Lat vapautua
==kuitenkaan/kui#tenka N Ill Sg/kuitenkaan Adv kuitenkaan
==voimala/voima#la N/voimala N Nom Sg voimala
==suure/suu#re N/suure N Nom Sg suure
==funktionalismi/funktio#alinen#mi N/funktionalismi N Nom Sg funktionalismi
==tiede/tie#de N Prop/tiede N Nom Sg tiede
==tiede/tie#de N Prop/tiede N Nom Sg tiede
==tupakointi/tupa#koi#ti N/tupakointi N Nom Sg tupakointi
==keittola/keitto#la N/keittola N Nom Sg keittola
==keittola/keitto#la N/keittola N Nom Sg keittola
==karikko/kari#kko N Abbr Nom Sg/karikko N Nom Sg karikko
==taide/tai#de N Prop/taide N Nom Sg taide
==taide/tai#de N Prop/taide N Nom Sg taide
==muusikko/muusi#kko N Abbr Nom Sg/muusikko N Nom Sg muusikko
==taide/tai#de N Prop/taide N Nom Sg taide
==tiede/tie#de N Prop/tiede N Nom Sg tiede
==manala/mana#la N/manala N Nom Sg manala
==vammautua/vamma#utu N Par Sg/vammautua V Inf1 Lat vammautua
==vammautua/vamma#utu N Par Sg/vammautua V Inf1 Lat vammautua
==piilottaa/pii#lotta N Par Sg/piilottaa V Inf1 Lat/piilottaa V Prs Act Sg3 piilottaa
==hautautua/hauta#utu N Par Sg/hautautua V Inf1 Lat hautautua
==matala/mata#la N/matala A Pos Nom Sg matala
==luode/luo#de N Prop/luode N Nom Sg luode
==monikko/moni-#kko N Abbr Nom Sg/monikko N Nom Sg monikko
==vuode/vuo#de N Prop/vuode N Nom Sg vuode
==myynti/myy#ti N/myynti N Nom Sg myynti
==sikala/sika#la N/sika-#la N/sikala N Nom Sg sikala
==sikala/sika#la N/sika-#la N/sikala N Nom Sg sikala
==tauti/tau#ti N/tauti N Nom Sg tauti
==porttola/portto#la N/porttola N Nom Sg porttola
==kanala/kana#la N/kanala N Nom Sg kanala
==tiede/tie#de N Prop/tiede N Nom Sg tiede
==taide/tai#de N Prop/taide N Nom Sg taide
==palsami/palsa#mi N/palsami N Nom Sg palsami
==palsami/palsa#mi N/palsami N Nom Sg palsami
==testi/tes#ti N/testi N Nom Sg testi
==luoti/luo#ti N/luoti N Nom Sg luoti
==vankila/vanki#la N/vankila N Nom Sg vankila
==tiede/tie#de N Prop/tiede N Nom Sg tiede
==tiede/tie#de N Prop/tiede N Nom Sg tiede
==tiede/tie#de N Prop/tiede N Nom Sg tiede
==parila/pari#la N/parila N Nom Sg parila
==parila/pari#la N/parila N Nom Sg parila
==yksin/yksi Ins#/yksi Num Ins Pl/yksin Adv yksin
==skitsofreenikko/skitsofreeni#kko N Abbr Nom Sg/skitsofreenikko N Nom Sg skitsofreenikko
==suure/suu#re N/suure N Nom Sg suure
==taide/tai#de N Prop/taide N Nom Sg taide
==taimi/tai#mi N/taimi N Nom Sg/taimia V Impv Act Sg2/taimia V Prs Act ConNeg/taimia V Pst Act Sg3 taimi
==valaisin/vala#isi N Gen Sg/vala#isä N Ins Pl/valaa V Cond Act Sg1/valaisin N Nom Sg/valaista V Pst Act Sg1 valaisin
==valaisin/vala#isi N Gen Sg/vala#isä N Ins Pl/valaa V Cond Act Sg1/valaisin N Nom Sg/valaista V Pst Act Sg1 valaisin
==puukko/puu#kko N Abbr Nom Sg/puukko N Nom Sg puukko
==pappila/pappi#la N/pappila N Nom Sg pappila
==parhaillaan/par#hai N Ade Pl Px3/par#hai N Ade Sg Px3/paras A Pos Ade Pl Px3/parhaillaan Adv parhaillaan
==nuoriso/nuori#so N/nuoriso N Nom Sg nuoriso
==nolla/nolla N Nom Sg/nolla Num Nom Sg/nolla#/nollas N nolla
==kariutua/kari#utu N Par Sg/kariutua V Inf1 Lat kariutua
==voide/voi#de N Prop/voide N Nom Sg voide
==puoliso/puoli#so N/puoliso N Nom Sg puoliso
==biopsia/bi-#ops N Par Sg/biopsia N Nom Sg biopsia
==testi/tes#ti N/testi N Nom Sg testi
==kahvila/kahvi#la N/kahvila N Nom Sg kahvila
==unikko/uni#kko N Abbr Nom Sg/unikko N Nom Sg unikko
==katkaisin/katka#isi N Gen Sg/katka#isä N Ins Pl/katkaisin N Nom Sg/katkaista V Pst Act Sg1 katkaisin
==aromi/aro#mi N/aromi N Nom Sg aromi
==priimi/prii#mi N/priimi N Nom Sg priimi
==pianola/piano#la N/pianola N Nom Sg pianola
==nykyisin/nyky-#isi N Gen Sg/nyky-#isä N Ins Pl/nykyinen A Pos Ins Pl/nykyinen A Superl Nom Sg/nykyisin Adv nykyisin
==unhola/unho#la N/unhola N Nom Sg unhola
==luoti/luo#ti N/luoti N Nom Sg luoti
==vapautua/vapa#utu N Par Sg/vapautua V Inf1 Lat vapautua
==tiede/tie#de N Prop/tiede N Nom Sg tiede
==taide/tai#de N Prop/taide N Nom Sg taide
==rapakko/rapa#kko N Abbr Nom Sg/rapakko N Nom Sg rapakko
==polyfonia/poly-#foni N Par Sg/polyfoni N Par Sg/polyfonia N Nom Sg polyfonia
==monikko/moni-#kko N Abbr Nom Sg/monikko N Nom Sg monikko
==takaisin/taata V Cond Act Sg1/taka#isi N Gen Sg/taka#isä N Ins Pl/taka-#isi N Gen Sg/taka-#isä N Ins Pl/takainen A Pos Ins Pl/takainen A Superl Nom Sg/takaisin Adv takaisin
==hankala/hanka#la N/hankala A Pos Nom Sg hankala
==nurmikko/nurmi#kko N Abbr Nom Sg/nurmikko N Nom Sg nurmikko
==rapautua/rapa#utu N Par Sg/rapautua V Inf1 Lat rapautua
==puukko/puu#kko N Abbr Nom Sg/puukko N Nom Sg puukko
==paikko/pai#kko N Abbr Nom Sg/paikko N Nom Sg paikko
==paikko/pai#kko N Abbr Nom Sg/paikko N Nom Sg paikko
==homonyymi/homo#nyy#mi N/homonyymi N Nom Sg homonyymi
==heteronyymi/hetero#nyy#mi N/heteronyymi N Nom Sg heteronyymi
==antonyymi/anto#nyy#mi N/antonyymi N Nom Sg antonyymi
==antonyymi/anto#nyy#mi N/antonyymi N Nom Sg antonyymi
==antonyymi/anto#nyy#mi N/antonyymi N Nom Sg antonyymi
==homonyymi/homo#nyy#mi N/homonyymi N Nom Sg homonyymi
==antonyymi/anto#nyy#mi N/antonyymi N Nom Sg antonyymi
==homonyymi/homo#nyy#mi N/homonyymi N Nom Sg homonyymi
==antonyymi/anto#nyy#mi N/antonyymi N Nom Sg antonyymi
==homonyymi/homo#nyy#mi N/homonyymi N Nom Sg homonyymi
==antonyymi/anto#nyy#mi N/antonyymi N Nom Sg antonyymi
==homonyymi/homo#nyy#mi N/homonyymi N Nom Sg homonyymi
==tukeutua/tuke#utu N Par Sg/tukeutua V Inf1 Lat tukeutua
==rapautua/rapa#utu N Par Sg/rapautua V Inf1 Lat rapautua
==ratsukko/ratsu#kko N Abbr Nom Sg/ratsukko N Nom Sg ratsukko
==perso/per-#so N/perso A Pos Nom Sg perso
==huvila/huvi#la N/huvila N Nom Sg huvila
==huvila/huvi#la N/huvila N Nom Sg huvila
==lantala/lanta#la N/lantala N Nom Sg lantala
==karjala/karja#la N/karjala N Nom Sg karjala
==karjala/karja#la N/karjala N Nom Sg karjala
==karjala/karja#la N/karjala N Nom Sg karjala
==haulikko/hauli#kko N Abbr Nom Sg/haulikko N Nom Sg haulikko
==luomi/luo#mi N/luomi N Nom Sg luomi
==nurmikko/nurmi#kko N Abbr Nom Sg/nurmikko N Nom Sg nurmikko
==manala/mana#la N/manala N Nom Sg manala
==satula/satu#la N/satula N Nom Sg satula
==kolikko/koli#kko N Abbr Nom Sg/kolikko N Nom Sg kolikko
==nolla/nolla N Nom Sg/nolla Num Nom Sg/nolla#/nollas N nolla
==kuula/kuu#la N/kuula N Nom Sg kuula
==toisinaan/toinen N Ess Pl Px3/toinen Num Ord Ess Pl Px3/toinen Ord Ess Px3#/toinen Pron Ess Pl Px3/toisinaan Adv toisinaan
==suure/suu#re N/suure N Nom Sg suure
==krapula/krapu#la N/krapula N Nom Sg krapula
==biomi/bio#mi N/biomi N Nom Sg biomi
==sijainti/sija#ti N/sijainti N Nom Sg sijainti
==maagikko/maagi#kko N Abbr Nom Sg/maagikko N Nom Sg maagikko
==kattila/katti#la N/kattila N Nom Sg kattila
==tesla/tes#la N/tesla N Nom Sg tesla
==paikantaa/pai#kanta N Par Sg/paikantaa V Inf1 Lat/paikantaa V Prs Act Sg3 paikantaa
==unikko/uni#kko N Abbr Nom Sg/unikko N Nom Sg unikko
==formula/formu#la N/formula N Nom Sg formula
==voimala/voima#la N/voimala N Nom Sg voimala
==antonyymi/anto#nyy#mi N/antonyymi N Nom Sg antonyymi
==homonyymi/homo#nyy#mi N/homonyymi N Nom Sg homonyymi
==antonyymi/anto#nyy#mi N/antonyymi N Nom Sg antonyymi
==homonyymi/homo#nyy#mi N/homonyymi N Nom Sg homonyymi
==kosla/kos#la N/kosla N Nom Sg kosla
==valaisin/vala#isi N Gen Sg/vala#isä N Ins Pl/valaa V Cond Act Sg1/valaisin N Nom Sg/valaista V Pst Act Sg1 valaisin
==pariutua/pari#utu N Par Sg/pariutua V Inf1 Lat pariutua
==pariutua/pari#utu N Par Sg/pariutua V Inf1 Lat pariutua
==tiimi/tii#mi N/tiimi N Nom Sg tiimi
==puukko/puu#kko N Abbr Nom Sg/puukko N Nom Sg puukko
==puukko/puu#kko N Abbr Nom Sg/puukko N Nom Sg puukko
==aromi/aro#mi N/aromi N Nom Sg aromi
==avioitua/avio#itu N Par Sg/avioitua V Inf1 Lat avioitua
==avioton/avi#oto N Gen Sg/avi#otto N Gen Sg/avioton A Pos Nom Sg avioton
==verkostoitua/verkosto#itu N Par Sg/verkostoida PrfPrc Pass Pos Par Sg/verkostoitua V Inf1 Lat verkostoitua
==tiede/tie#de N Prop/tiede N Nom Sg tiede
==kutsumanimi/kutsu#mani#mi N/kutsumanimi N Nom Sg kutsumanimi
==tiede/tie#de N Prop/tiede N Nom Sg tiede
==tiede/tie#de N Prop/tiede N Nom Sg tiede
==tiede/tie#de N Prop/tiede N Nom Sg tiede
==kakkula/kakku#la N/kakkula N Nom Sg kakkula
==taide/tai#de N Prop/taide N Nom Sg taide
==kampela/kampe#la N/kampela N Nom Sg/kamppeet#la N kampela
==haarautua/haara#utu N Par Sg/haara-#utu N Par Sg/haarautua V Inf1 Lat haarautua
==hankala/hanka#la N/hankala A Pos Nom Sg hankala
==suola/suo#la N/suola N Nom Sg suola
==taimi/tai#mi N/taimi N Nom Sg/taimia V Impv Act Sg2/taimia V Prs Act ConNeg/taimia V Pst Act Sg3 taimi
==kolikko/koli#kko N Abbr Nom Sg/kolikko N Nom Sg kolikko
==dopamiini/do#pam N Ill Sg PxSg1/dopamiini N Nom Sg dopamiini
==luode/luo#de N Prop/luode N Nom Sg luode
==krapula/krapu#la N/krapula N Nom Sg krapula
==manala/mana#la N/manala N Nom Sg manala
==vainajala/vainaja#la N/vainajala N Nom Sg vainajala
==matala/mata#la N/matala A Pos Nom Sg matala
==matala/mata#la N/matala A Pos Nom Sg matala
==parila/pari#la N/parila N Nom Sg parila
==kattila/katti#la N/kattila N Nom Sg kattila
==luoti/luo#ti N/luoti N Nom Sg luoti
==skitsofreenikko/skitsofreeni#kko N Abbr Nom Sg/skitsofreenikko N Nom Sg skitsofreenikko
==tupakointi/tupa#koi#ti N/tupakointi N Nom Sg tupakointi
==monarkia/mon#arki N Par Pl/monarkia N Nom Sg monarkia
==ilmaisin/ilma#isi N Gen Sg/ilma#isä N Ins Pl/ilmainen A Pos Ins Pl/ilmainen A Superl Nom Sg/ilmaisin N Nom Sg/ilmaista V Pst Act Sg1/ilmata V Cond Act Sg1 ilmaisin
==fakkiutua/fakki#utu N Par Sg/fakkiutua V Inf1 Lat fakkiutua
==sikala/sika#la N/sika-#la N/sikala N Nom Sg sikala
==maljakko/malja#kko N Abbr Nom Sg/maljakko N Nom Sg maljakko
==yhdessä/yhdessä Adv/yksi Ine#/yksi Num Ine Sg yhdessä
==suomi/suo#mi N/suomi N Nom Sg/suomia V Impv Act Sg2/suomia V Prs Act ConNeg/suomia V Pst Act Sg3 suomi
==suola/suo#la N/suola N Nom Sg suola
==vankila/vanki#la N/vankila N Nom Sg vankila
==valaisin/vala#isi N Gen Sg/vala#isä N Ins Pl/valaa V Cond Act Sg1/valaisin N Nom Sg/valaista V Pst Act Sg1 valaisin
==yhdessä/yhdessä Adv/yksi Ine#/yksi Num Ine Sg yhdessä
==myynti/myy#ti N/myynti N Nom Sg myynti
==kokkare/kokka#re N/kokkare N Nom Sg kokkare
==tiede/tie#de N Prop/tiede N Nom Sg tiede
==paikantaa/pai#kanta N Par Sg/paikantaa V Inf1 Lat/paikantaa V Prs Act Sg3 paikantaa
==ruokala/ruoka#la N/ruokala N Nom Sg ruokala
==suola/suo#la N/suola N Nom Sg suola
==tiede/tie#de N Prop/tiede N Nom Sg tiede
==suhtautua/suhta#utu N Par Sg/suhtautua V Inf1 Lat suhtautua
==vesakko/vesa#kko N Abbr Nom Sg/vesakko N Nom Sg vesakko
==voide/voi#de N Prop/voide N Nom Sg voide
==karjala/karja#la N/karjala N Nom Sg karjala
==perso/per-#so N/perso A Pos Nom Sg perso
==monarkia/mon#arki N Par Pl/monarkia N Nom Sg monarkia
==suhtautua/suhta#utu N Par Sg/suhtautua V Inf1 Lat suhtautua
==liinakko/liina#kko N Abbr Nom Sg/liinakko A Pos Nom Sg liinakko
==aromi/aro#mi N/aromi N Nom Sg aromi
==matala/mata#la N/matala A Pos Nom Sg matala
==suola/suo#la N/suola N Nom Sg suola
==suola/suo#la N/suola N Nom Sg suola
==suola/suo#la N/suola N Nom Sg suola
==suomi/suo#mi N/suomi N Nom Sg/suomia V Impv Act Sg2/suomia V Prs Act ConNeg/suomia V Pst Act Sg3 suomi
==suola/suo#la N/suola N Nom Sg suola
==pyynti/pyy#ti N/pyynti N Nom Sg pyynti
==jouhikko/jouhi#kko N Abbr Nom Sg/jouhikko N Nom Sg jouhikko
==pyynti/pyy#ti N/pyynti N Nom Sg pyynti
==vuode/vuo#de N Prop/vuode N Nom Sg vuode
==vuode/vuo#de N Prop/vuode N Nom Sg vuode
==piiloutua/piilo#utu N Par Sg/piiloutua V Inf1 Lat piiloutua
==liinakko/liina#kko N Abbr Nom Sg/liinakko A Pos Nom Sg liinakko
==kahvila/kahvi#la N/kahvila N Nom Sg kahvila
==likimain/liki#maa N Ins Pl/likimain Adv likimain
==osapuilleen/osa#puu N All Pl Px3/osapuilleen Adv osapuilleen
==likimäärin/liki#määrä N Ins Pl/likimäärin Adv likimäärin
==osapuilleen/osa#puu N All Pl Px3/osapuilleen Adv osapuilleen
==likimäärin/liki#määrä N Ins Pl/likimäärin Adv likimäärin
==osapuilleen/osa#puu N All Pl Px3/osapuilleen Adv osapuilleen
==likimäärin/liki#määrä N Ins Pl/likimäärin Adv likimäärin
==pilkkumi/pilkku#mi N/pilkkumi N Nom Sg pilkkumi
==kakkula/kakku#la N/kakkula N Nom Sg kakkula
==taula/tau#la N/taula N Nom Sg taula
==taimi/tai#mi N/taimi N Nom Sg/taimia V Impv Act Sg2/taimia V Prs Act ConNeg/taimia V Pst Act Sg3 taimi
==monarkia/mon#arki N Par Pl/monarkia N Nom Sg monarkia
==monarkia/mon#arki N Par Pl/monarkia N Nom Sg monarkia
==aromi/aro#mi N/aromi N Nom Sg aromi
==kopula/kopu#la N/kopula N Nom Sg kopula
==seiti/sei#ti N/seiti N Nom Sg seiti
==suure/suu#re N/suure N Nom Sg suure
==seimi/sei#mi N/seimi N Nom Sg seimi
==vuode/vuo#de N Prop/vuode N Nom Sg vuode
==monikko/moni-#kko N Abbr Nom Sg/monikko N Nom Sg monikko
==määräytyä/määrä#yty N Par Sg/määrä-#yty N Par Sg/määräytyä V Inf1 Lat määräytyä
==sijainti/sija#ti N/sijainti N Nom Sg sijainti
==sijainti/sija#ti N/sijainti N Nom Sg sijainti
==vuode/vuo#de N Prop/vuode N Nom Sg vuode
==nykyisin/nyky-#isi N Gen Sg/nyky-#isä N Ins Pl/nykyinen A Pos Ins Pl/nykyinen A Superl Nom Sg/nykyisin Adv nykyisin
==levoton/lev#oto N Gen Sg/lev#otto N Gen Sg/levoton A Pos Nom Sg levoton
==vuode/vuo#de N Prop/vuode N Nom Sg vuode
==puukko/puu#kko N Abbr Nom Sg/puukko N Nom Sg puukko
==manala/mana#la N/manala N Nom Sg manala
==rikkoutua/rikko#utu N Par Sg/rikkoutua V Inf1 Lat rikkoutua
==tiede/tie#de N Prop/tiede N Nom Sg tiede
==tiede/tie#de N Prop/tiede N Nom Sg tiede
==tupakointi/tupa#koi#ti N/tupakointi N Nom Sg tupakointi
==luode/luo#de N Prop/luode N Nom Sg luode
==puoliso/puoli#so N/puoliso N Nom Sg puoliso
==suomi/suo#mi N/suomi N Nom Sg/suomia V Impv Act Sg2/suomia V Prs Act ConNeg/suomia V Pst Act Sg3 suomi
==monarkia/mon#arki N Par Pl/monarkia N Nom Sg monarkia
==varvikko/varvi#kko N Abbr Nom Sg/varvikko N Nom Sg varvikko
==ratsukko/ratsu#kko N Abbr Nom Sg/ratsukko N Nom Sg ratsukko
==lumikko/lumi#kko N Abbr Nom Sg/lumikko N Nom Sg lumikko
==suola/suo#la N/suola N Nom Sg suola
==rikkoutua/rikko#utu N Par Sg/rikkoutua V Inf1 Lat rikkoutua
==suure/suu#re N/suure N Nom Sg suure
==kriisiytyä/kriisi#yty N Par Sg/kriisiytyä V Inf1 Lat kriisiytyä
==sekaisin/seka-#isi N Gen Sg/seka-#isä N Ins Pl/sekainen A Pos Ins Pl/sekainen A Superl Nom Sg/sekaisin Adv sekaisin
==piiloutua/piilo#utu N Par Sg/piiloutua V Inf1 Lat piiloutua
==hankala/hanka#la N/hankala A Pos Nom Sg hankala
==suomi/suo#mi N/suomi N Nom Sg/suomia V Impv Act Sg2/suomia V Prs Act ConNeg/suomia V Pst Act Sg3 suomi
==suure/suu#re N/suure N Nom Sg suure
==krapula/krapu#la N/krapula N Nom Sg krapula
==suvaitsematon/suva#itse-#matto N Gen Sg/suvaita NegPrc Pos Nom Sg/suvaitsematon A Pos Nom Sg suvaitsematon
==paradoksi/para#do N Tra Sg/paradoksi N Nom Sg paradoksi
==yhdessä/yhdessä Adv/yksi Ine#/yksi Num Ine Sg yhdessä
==yksin/yksi Ins#/yksi Num Ins Pl/yksin Adv yksin
==peräti/perä#ti N/peräti peräti
==savikko/savi#kko N Abbr Nom Sg/savikko N Nom Sg savikko
==salami/sala#mi N/sala-#mi N/salami N Nom Sg salami
==kolikko/koli#kko N Abbr Nom Sg/kolikko N Nom Sg kolikko
==leimasin/lei#masi N Gen Sg/leimasin N Nom Sg/leimata V Pst Act Sg1 leimasin
==jumiutua/jumi#utu N Par Sg/jumiutua V Inf1 Lat jumiutua
==parhaillaan/par#hai N Ade Pl Px3/par#hai N Ade Sg Px3/paras A Pos Ade Pl Px3/parhaillaan Adv parhaillaan
==pohjautua/pohja#utu N Par Sg/pohjautua V Inf1 Lat pohjautua
==suomi/suo#mi N/suomi N Nom Sg/suomia V Impv Act Sg2/suomia V Prs Act ConNeg/suomia V Pst Act Sg3 suomi
==suomi/suo#mi N/suomi N Nom Sg/suomia V Impv Act Sg2/suomia V Prs Act ConNeg/suomia V Pst Act Sg3 suomi
==vesakko/vesa#kko N Abbr Nom Sg/vesakko N Nom Sg vesakko
==yksinään/yksi Ess Px3#/yksi Num Ess Pl Px3/yksinään Adv yksinään
==kuusikko/kuusi#kko N Abbr Nom Sg/kuusikko N Nom Sg kuusikko
==tiede/tie#de N Prop/tiede N Nom Sg tiede
==kasautua/kasa#utu N Par Sg/kasautua V Inf1 Lat kasautua
==luoti/luo#ti N/luoti N Nom Sg luoti
==toinen/toinen N Nom Sg/toinen Num Ord Nom Sg/toinen Ord#/toinen Pron Nom Sg toinen
==toisin/toinen N Ins Pl/toinen Num Ord Ins Pl/toinen Ord Ins#/toinen Pron Ins Pl/toisin Adv/tuoda V Cond Act Sg1 toisin
==kuvautua/kuva#utu N Par Sg/kuvautua V Inf1 Lat kuvautua
==taide/tai#de N Prop/taide N Nom Sg taide
==suhtautua/suhta#utu N Par Sg/suhtautua V Inf1 Lat suhtautua
==suola/suo#la N/suola N Nom Sg suola
==määräytyä/määrä#yty N Par Sg/määrä-#yty N Par Sg/määräytyä V Inf1 Lat määräytyä
==talikko/tali#kko N Abbr Nom Sg/talikko N Nom Sg talikko
==avioitua/avio#itu N Par Sg/avioitua V Inf1 Lat avioitua
==yhdessä/yhdessä Adv/yksi Ine#/yksi Num Ine Sg yhdessä
==suuntautua/suunta#utu N Par Sg/suuntautua V Inf1 Lat suuntautua
==yhdessä/yhdessä Adv/yksi Ine#/yksi Num Ine Sg yhdessä
==katkaisin/katka#isi N Gen Sg/katka#isä N Ins Pl/katkaisin N Nom Sg/katkaista V Pst Act Sg1 katkaisin
==tiede/tie#de N Prop/tiede N Nom Sg tiede
==graafikko/graafi#kko N Abbr Nom Sg/graafikko N Nom Sg graafikko
==nurmikko/nurmi#kko N Abbr Nom Sg/nurmikko N Nom Sg nurmikko
==nurmikko/nurmi#kko N Abbr Nom Sg/nurmikko N Nom Sg nurmikko
==nurmikko/nurmi#kko N Abbr Nom Sg/nurmikko N Nom Sg nurmikko
==kokkare/kokka#re N/kokkare N Nom Sg kokkare
==puinti/puin#ti N/puinti N Nom Sg/pukimet#ti N puinti
==taide/tai#de N Prop/taide N Nom Sg taide
==kesäisin/kesä#isi N Gen Sg/kesä#isä N Ins Pl/kesäinen A Pos Ins Pl/kesäinen A Superl Nom Sg/kesäisin Adv kesäisin
==syksyisin/syksy#isi N Gen Sg/syksy#isä N Ins Pl/syksy-#isi N Gen Sg/syksy-#isä N Ins Pl/syksyinen A Pos Ins Pl/syksyinen A Superl Nom Sg/syksyisin Adv syksyisin
==suure/suu#re N/suure N Nom Sg suure
==taide/tai#de N Prop/taide N Nom Sg taide
==iltaisin/ilta#isi N Gen Sg/ilta#isä N Ins Pl/iltainen A Pos Ins Pl/iltainen A Superl Nom Sg/iltaisin Adv iltaisin
==kyyti/kyy#ti N/kyyti N Nom Sg/kyytiä V Pst Act Sg3 kyyti
==kyyti/kyy#ti N/kyyti N Nom Sg/kyytiä V Pst Act Sg3 kyyti
==taide/tai#de N Prop/taide N Nom Sg taide
==kuula/kuu#la N/kuula N Nom Sg kuula
==taide/tai#de N Prop/taide N Nom Sg taide
==tiede/tie#de N Prop/tiede N Nom Sg tiede
==taide/tai#de N Prop/taide N Nom Sg taide
==manila/mani#la N/manila N Nom Sg manila
==manila/mani#la N/manila N Nom Sg manila
==manila/mani#la N/manila N Nom Sg manila
==painoton/pai#oto N Gen Sg/pai#otto N Gen Sg/painoton A Pos Nom Sg painoton
==machoilla/mac#hoka N Ade Pl/macho N Ade Pl/machoilla V Inf1 Lat/machoilla V Prs Pass ConNeg machoilla
==voimala/voima#la N/voimala N Nom Sg voimala
==ommella/ommel#la N/ommella V Inf1 Lat/ommella V Prs Pass ConNeg ommella
==perusteeton/perus#teetto N Gen Sg/perus-#teetto N Gen Sg/perusteeton A Pos Nom Sg perusteeton
==aateliton/aate#lito N Gen Sg/aateliton A Pos Nom Sg aateliton
==manila/mani#la N/manila N Nom Sg manila
==pesula/pesu#la N/pesula N Nom Sg pesula
==pesula/pesu#la N/pesula N Nom Sg pesula
==suola/suo#la N/suola N Nom Sg suola
==ruokala/ruoka#la N/ruokala N Nom Sg ruokala
==keittola/keitto#la N/keittola N Nom Sg keittola
==ruokala/ruoka#la N/ruokala N Nom Sg ruokala
==varautua/vara#utu N Par Sg/vara-#utu N Par Sg/varautua V Inf1 Lat varautua
==latautua/lata#utu N Par Sg/latautua V Inf1 Lat latautua
==seimi/sei#mi N/seimi N Nom Sg seimi
==ratsukko/ratsu#kko N Abbr Nom Sg/ratsukko N Nom Sg ratsukko
==ratsukko/ratsu#kko N Abbr Nom Sg/ratsukko N Nom Sg ratsukko
==sekaisin/seka-#isi N Gen Sg/seka-#isä N Ins Pl/sekainen A Pos Ins Pl/sekainen A Superl Nom Sg/sekaisin Adv sekaisin
==kolmikko/kolmi-#kko N Abbr Nom Sg/kolmikko N Nom Sg kolmikko
==nelikko/neli#kko N Abbr Nom Sg/neli-#kko N Abbr Nom Sg/nelikko N Nom Sg nelikko
==kuusikko/kuusi#kko N Abbr Nom Sg/kuusikko N Nom Sg kuusikko
==monikko/moni-#kko N Abbr Nom Sg/monikko N Nom Sg monikko
==kolikko/koli#kko N Abbr Nom Sg/kolikko N Nom Sg kolikko
==kolikko/koli#kko N Abbr Nom Sg/kolikko N Nom Sg kolikko
==biomi/bio#mi N/biomi N Nom Sg biomi
==levällään/lev#ällä N Ill Sg/levä N Ade Sg Px3/levällään Adv levällään
==vankila/vanki#la N/vankila N Nom Sg vankila
==syntyisin/-syntyinen A Pos Ins Pl/-syntyinen A Superl Nom Sg/synty#isi N Gen Sg/synty#isä N Ins Pl/syntyisin Adp Po/syntyisin Adp Pr/syntyä V Cond Act Sg1 syntyisin
==takaisin/taata V Cond Act Sg1/taka#isi N Gen Sg/taka#isä N Ins Pl/taka-#isi N Gen Sg/taka-#isä N Ins Pl/takainen A Pos Ins Pl/takainen A Superl Nom Sg/takaisin Adv takaisin
==hankala/hanka#la N/hankala A Pos Nom Sg hankala
==suomi/suo#mi N/suomi N Nom Sg/suomia V Impv Act Sg2/suomia V Prs Act ConNeg/suomia V Pst Act Sg3 suomi
==perusteeton/perus#teetto N Gen Sg/perus-#teetto N Gen Sg/perusteeton A Pos Nom Sg perusteeton
==perusteeton/perus#teetto N Gen Sg/perus-#teetto N Gen Sg/perusteeton A Pos Nom Sg perusteeton
==puoliso/puoli#so N/puoliso N Nom Sg puoliso
==lamautua/lama#utu N Par Sg/lamautua V Inf1 Lat lamautua
==rikkoutua/rikko#utu N Par Sg/rikkoutua V Inf1 Lat rikkoutua
==nelikko/neli#kko N Abbr Nom Sg/neli-#kko N Abbr Nom Sg/nelikko N Nom Sg nelikko
==nelikko/neli#kko N Abbr Nom Sg/neli-#kko N Abbr Nom Sg/nelikko N Nom Sg nelikko
==suvaitsematon/suva#itse-#matto N Gen Sg/suvaita NegPrc Pos Nom Sg/suvaitsematon A Pos Nom Sg suvaitsematon
==myynti/myy#ti N/myynti N Nom Sg myynti
==mummola/mummo#la N/mummola N Nom Sg mummola
==suomi/suo#mi N/suomi N Nom Sg/suomia V Impv Act Sg2/suomia V Prs Act ConNeg/suomia V Pst Act Sg3 suomi
==pariutua/pari#utu N Par Sg/pariutua V Inf1 Lat pariutua
==likimain/liki#maa N Ins Pl/likimain Adv likimain
==likimäärin/liki#määrä N Ins Pl/likimäärin Adv likimäärin
==lähtöisin/-lähtöinen A Pos Ins Pl/-lähtöinen A Superl Nom Sg/lähtö#isi N Gen Sg/lähtö#isä N Ins Pl/lähtöinen A Pos Ins Pl/lähtöinen A Superl Nom Sg/lähtöisin Adp Po/lähtöisin Adp Pr lähtöisin
==kolmikko/kolmi-#kko N Abbr Nom Sg/kolmikko N Nom Sg kolmikko
==matala/mata#la N/matala A Pos Nom Sg matala
==leimasin/lei#masi N Gen Sg/leimasin N Nom Sg/leimata V Pst Act Sg1 leimasin
==ruokala/ruoka#la N/ruokala N Nom Sg ruokala
==määräytyä/määrä#yty N Par Sg/määrä-#yty N Par Sg/määräytyä V Inf1 Lat määräytyä
==vaurioitua/vaurio#itu N Par Sg/vaurioitua V Inf1 Lat vaurioitua
==kuula/kuu#la N/kuula N Nom Sg kuula
==luoti/luo#ti N/luoti N Nom Sg luoti
==kannella/kannel#la N/kannella V Inf1 Lat/kannella V Prs Pass ConNeg/kansi N Ade Sg kannella
==parhaillaan/par#hai N Ade Pl Px3/par#hai N Ade Sg Px3/paras A Pos Ade Pl Px3/parhaillaan Adv parhaillaan
==naamioitua/naamio#itu N Par Sg/naamioida PrfPrc Pass Pos Par Sg/naamioitu A Pos Par Sg/naamioitua V Inf1 Lat naamioitua
==ommella/ommel#la N/ommella V Inf1 Lat/ommella V Prs Pass ConNeg ommella
==ommella/ommel#la N/ommella V Inf1 Lat/ommella V Prs Pass ConNeg ommella
==hankala/hanka#la N/hankala A Pos Nom Sg hankala
==kolikko/koli#kko N Abbr Nom Sg/kolikko N Nom Sg kolikko
==kolmikko/kolmi-#kko N Abbr Nom Sg/kolmikko N Nom Sg kolmikko
==voide/voi#de N Prop/voide N Nom Sg voide
==voide/voi#de N Prop/voide N Nom Sg voide
==suomi/suo#mi N/suomi N Nom Sg/suomia V Impv Act Sg2/suomia V Prs Act ConNeg/suomia V Pst Act Sg3 suomi
==kivikko/kivi#kko N Abbr Nom Sg/kivikko N Nom Sg kivikko
==tupakointi/tupa#koi#ti N/tupakointi N Nom Sg tupakointi
==suola/suo#la N/suola N Nom Sg suola
==salami/sala#mi N/sala-#mi N/salami N Nom Sg salami
==seimi/sei#mi N/seimi N Nom Sg seimi
==maagikko/maagi#kko N Abbr Nom Sg/maagikko N Nom Sg maagikko
==matami/mata#mi N/matami N Nom Sg matami
==tiede/tie#de N Prop/tiede N Nom Sg tiede
==penisilliini/peni#silli N Ill Sg PxSg1/penisilliini N Nom Sg penisilliini
==sekti/sek#ti N/sekti N Nom Sg sekti
==vankila/vanki#la N/vankila N Nom Sg vankila
==haavikko/haavi#kko N Abbr Nom Sg/haavikko N Nom Sg haavikko
==haavikko/haavi#kko N Abbr Nom Sg/haavikko N Nom Sg haavikko
==kamala/kama#la N/kamala A Pos Nom Sg kamala
==vuode/vuo#de N Prop/vuode N Nom Sg vuode
==funktionalismi/funktio#alinen#mi N/funktionalismi N Nom Sg funktionalismi
==voimala/voima#la N/voimala N Nom Sg voimala
==tallautua/talla#utu N Par Sg/tallautua V Inf1 Lat tallautua
==tallautua/talla#utu N Par Sg/tallautua V Inf1 Lat tallautua
==satula/satu#la N/satula N Nom Sg satula
==satula/satu#la N/satula N Nom Sg satula
==satula/satu#la N/satula N Nom Sg satula
==valaisin/vala#isi N Gen Sg/vala#isä N Ins Pl/valaa V Cond Act Sg1/valaisin N Nom Sg/valaista V Pst Act Sg1 valaisin
==unhola/unho#la N/unhola N Nom Sg unhola
==marketti/market#ti N/marketti N Nom Sg marketti
==pilkkumi/pilkku#mi N/pilkkumi N Nom Sg pilkkumi
==barbaria/bar#bar N Par Sg/barbaria N Nom Sg barbaria
==hankala/hanka#la N/hankala A Pos Nom Sg hankala
==tiede/tie#de N Prop/tiede N Nom Sg tiede
==manila/mani#la N/manila N Nom Sg manila
==mutualismi/mutu#alinen#mi N/mutualismi N Nom Sg mutualismi
==mutualismi/mutu#alinen#mi N/mutualismi N Nom Sg mutualismi
==kuula/kuu#la N/kuula N Nom Sg kuula
==hairahtua/hai#rahtu N Par Sg/hairahtua V Inf1 Lat hairahtua
==hairahtua/hai#rahtu N Par Sg/hairahtua V Inf1 Lat hairahtua
==karjakko/karja#kko N Abbr Nom Sg/karjakko N Nom Sg karjakko
==suomi/suo#mi N/suomi N Nom Sg/suomia V Impv Act Sg2/suomia V Prs Act ConNeg/suomia V Pst Act Sg3 suomi
==sokerikko/sokeri#kko N Abbr Nom Sg/sokerikko N Nom Sg sokerikko
==kermakko/kerma#kko N Abbr Nom Sg/kermakko N Nom Sg kermakko
==anoppila/anoppi#la N/anoppila N Nom Sg anoppila
==vointi/voi#ti N/vointi N Nom Sg vointi
==piilottaa/pii#lotta N Par Sg/piilottaa V Inf1 Lat/piilottaa V Prs Act Sg3 piilottaa
==paikoillaan/pai#koi N Ade Pl Px3/pai#koi N Ade Sg Px3/pai#koka N Ade Pl Px3/paikka N Ade Pl Px3/paikko N Ade Pl Px3/paikoillaan Adv paikoillaan
==pseudonyymi/pseudo-#nyy#mi N/pseudonyymi N Nom Sg pseudonyymi
==voide/voi#de N Prop/voide N Nom Sg voide
==voide/voi#de N Prop/voide N Nom Sg voide
==haulikko/hauli#kko N Abbr Nom Sg/haulikko N Nom Sg haulikko
==ommella/ommel#la N/ommella V Inf1 Lat/ommella V Prs Pass ConNeg ommella
==vuode/vuo#de N Prop/vuode N Nom Sg vuode
==suvaitsematon/suva#itse-#matto N Gen Sg/suvaita NegPrc Pos Nom Sg/suvaitsematon A Pos Nom Sg suvaitsematon
==seiti/sei#ti N/seiti N Nom Sg seiti
==manala/mana#la N/manala N Nom Sg manala
==manala/mana#la N/manala N Nom Sg manala
==vankila/vanki#la N/vankila N Nom Sg vankila
==allikko/alli#kko N Abbr Nom Sg/allikko N Nom Sg allikko
==suuntautua/suunta#utu N Par Sg/suuntautua V Inf1 Lat suuntautua
==matala/mata#la N/matala A Pos Nom Sg matala
==toinen/toinen N Nom Sg/toinen Num Ord Nom Sg/toinen Ord#/toinen Pron Nom Sg toinen
==tiimi/tii#mi N/tiimi N Nom Sg tiimi
==ruokala/ruoka#la N/ruokala N Nom Sg ruokala
==yksin/yksi Ins#/yksi Num Ins Pl/yksin Adv yksin
==haavakko/haava#kko N Abbr Nom Sg/haavakko N Nom Sg haavakko
==haavautua/haava#utu N Par Sg/haavautua V Inf1 Lat haavautua
==luola/luo#la N/luola N Nom Sg luola
==kattila/katti#la N/kattila N Nom Sg kattila
==kavala/kava#la N/kavala A Pos Nom Sg kavala
==naulakko/naula#kko N Abbr Nom Sg/naulakko N Nom Sg naulakko
==koteloitua/kotelo#itu N Par Sg/koteloida PrfPrc Pass Pos Par Sg/koteloitu A Pos Par Sg/koteloitua V Inf1 Lat koteloitua
==pakkautua/pakka#utu N Par Sg/pakkautua V Inf1 Lat pakkautua
==satula/satu#la N/satula N Nom Sg satula
==puukko/puu#kko N Abbr Nom Sg/puukko N Nom Sg puukko
==ruokala/ruoka#la N/ruokala N Nom Sg ruokala
==sikala/sika#la N/sika-#la N/sikala N Nom Sg sikala
==rikkoutua/rikko#utu N Par Sg/rikkoutua V Inf1 Lat rikkoutua
==testi/tes#ti N/testi N Nom Sg testi
==puinti/puin#ti N/puinti N Nom Sg/pukimet#ti N puinti
==krapula/krapu#la N/krapula N Nom Sg krapula
==satula/satu#la N/satula N Nom Sg satula
==perässäpäin/per-#ässä#pää N Ins Pl/perässäpäin Adv perässäpäin
==puoliso/puoli#so N/puoliso N Nom Sg puoliso
==tauti/tau#ti N/tauti N Nom Sg tauti
==narkoleptikko/narkolepti#kko N Abbr Nom Sg/narkoleptikko N Nom Sg narkoleptikko
==karjala/karja#la N/karjala N Nom Sg karjala
==taivaltaa/tai#valta N Par Sg/taivaltaa V Inf1 Lat/taivaltaa V Prs Act Sg3 taivaltaa
==yksin/yksi Ins#/yksi Num Ins Pl/yksin Adv yksin
==vankila/vanki#la N/vankila N Nom Sg vankila
==kauppala/kauppa#la N/kauppala N Nom Sg kauppala
==suola/suo#la N/suola N Nom Sg suola
==valaisin/vala#isi N Gen Sg/vala#isä N Ins Pl/valaa V Cond Act Sg1/valaisin N Nom Sg/valaista V Pst Act Sg1 valaisin
==puoliso/puoli#so N/puoliso N Nom Sg puoliso
==tiede/tie#de N Prop/tiede N Nom Sg tiede
==rampautua/rampa#utu N Par Sg/rampautua V Inf1 Lat rampautua
==rampautua/rampa#utu N Par Sg/rampautua V Inf1 Lat rampautua
==kopula/kopu#la N/kopula N Nom Sg kopula
==suola/suo#la N/suola N Nom Sg suola
==jalkaisin/-jalkainen A Pos Ins Pl/-jalkainen A Superl Nom Sg/jalka#isi N Gen Sg/jalka#isä N Ins Pl/jalkaisin Adv jalkaisin
==tupakoimaton/tupa#koi#matto N Gen Sg/tupakoida NegPrc Pos Nom Sg/tupakoimaton A Pos Nom Sg tupakoimaton
==hupakko/hupa#kko N Abbr Nom Sg/hupakko N Nom Sg hupakko
==pussikko/pussi#kko N Abbr Nom Sg/pussikko N Nom Sg pussikko
==voide/voi#de N Prop/voide N Nom Sg voide
==yhtenään/yhtenään Adv/yksi Ess Px3#/yksi Num Ess Sg Px3 yhtenään
==luode/luo#de N Prop/luode N Nom Sg luode
==vuokko/vuo#kko N Abbr Nom Sg/vuokko N Nom Sg vuokko
==buffetti/buffet#ti N/buffetti N Nom Sg buffetti
==buffetti/buffet#ti N/buffetti N Nom Sg buffetti
==lierikko/lieri#kko N Abbr Nom Sg/lierikko N Nom Sg lierikko
==kampela/kampe#la N/kampela N Nom Sg/kamppeet#la N kampela
==antonyymi/anto#nyy#mi N/antonyymi N Nom Sg antonyymi
==perusta/per-#uksi N Par Sg/peru N Ela Sg/perus N Par Sg/perusta N Nom Sg/perustaa V Impv Act Sg2/perustaa V Prs Act ConNeg perusta
==trimaraani/tri Abbr#mara N Ill Sg PxSg1/tri Abbr#mara N Par Sg PxSg1/tri-#mara N Ill Sg PxSg1/tri-#mara N Par Sg PxSg1/trimaraani N Nom Sg trimaraani
==taide/tai#de N Prop/taide N Nom Sg taide
==sinkoutua/sinko#utu N Par Sg/sinkoutua V Inf1 Lat sinkoutua
==loppumaton/loppu#matto N Gen Sg/loppua NegPrc Pos Nom Sg/loppumaton A Pos Nom Sg loppumaton
==huolimaton/huoli#matto N Gen Sg/huolia NegPrc Pos Nom Sg/huolimaton A Pos Nom Sg huolimaton
==suure/suu#re N/suure N Nom Sg suure
==lasikko/lasi#kko N Abbr Nom Sg/lasikko N Nom Sg lasikko
==suomi/suo#mi N/suomi N Nom Sg/suomia V Impv Act Sg2/suomia V Prs Act ConNeg/suomia V Pst Act Sg3 suomi
==tiede/tie#de N Prop/tiede N Nom Sg tiede
==kolikko/koli#kko N Abbr Nom Sg/kolikko N Nom Sg kolikko
==kolikko/koli#kko N Abbr Nom Sg/kolikko N Nom Sg kolikko
==kolikko/koli#kko N Abbr Nom Sg/kolikko N Nom Sg kolikko
==leimasin/lei#masi N Gen Sg/leimasin N Nom Sg/leimata V Pst Act Sg1 leimasin
==leimasin/lei#masi N Gen Sg/leimasin N Nom Sg/leimata V Pst Act Sg1 leimasin
==suomustaa/suo#musta A Pos Par Sg/suo#musta N Par Sg/suomustaa V Inf1 Lat/suomustaa V Prs Act Sg3 suomustaa
==suomustin/suo#musta A Pos Ins Pl/suo#musta A Superl Nom Sg/suo#musta N Ins Pl/suomustaa V Pst Act Sg1/suomustin N Nom Sg suomustin
==tauti/tau#ti N/tauti N Nom Sg tauti
==marketti/market#ti N/marketti N Nom Sg marketti
==ruokala/ruoka#la N/ruokala N Nom Sg ruokala
==leimasin/lei#masi N Gen Sg/leimasin N Nom Sg/leimata V Pst Act Sg1 leimasin
==leimasin/lei#masi N Gen Sg/leimasin N Nom Sg/leimata V Pst Act Sg1 leimasin
==suola/suo#la N/suola N Nom Sg suola
==tupakointi/tupa#koi#ti N/tupakointi N Nom Sg tupakointi
==tupakointi/tupa#koi#ti N/tupakointi N Nom Sg tupakointi
==suola/suo#la N/suola N Nom Sg suola
==salami/sala#mi N/sala-#mi N/salami N Nom Sg salami
==dopamiini/do#pam N Ill Sg PxSg1/dopamiini N Nom Sg dopamiini
==tiede/tie#de N Prop/tiede N Nom Sg tiede
==taide/tai#de N Prop/taide N Nom Sg taide
==suure/suu#re N/suure N Nom Sg suure
==likimäärin/liki#määrä N Ins Pl/likimäärin Adv likimäärin
==vesakko/vesa#kko N Abbr Nom Sg/vesakko N Nom Sg vesakko
==suula/suu#la N/suula N Nom Sg suula
==kattila/katti#la N/kattila N Nom Sg kattila
==kattila/katti#la N/kattila N Nom Sg kattila
==kokkare/kokka#re N/kokkare N Nom Sg kokkare
==kauppala/kauppa#la N/kauppala N Nom Sg kauppala
==yhtenään/yhtenään Adv/yksi Ess Px3#/yksi Num Ess Sg Px3 yhtenään
==taimi/tai#mi N/taimi N Nom Sg/taimia V Impv Act Sg2/taimia V Prs Act ConNeg/taimia V Pst Act Sg3 taimi
==peräti/perä#ti N/peräti peräti
==toisinaan/toinen N Ess Pl Px3/toinen Num Ord Ess Pl Px3/toinen Ord Ess Px3#/toinen Pron Ess Pl Px3/toisinaan Adv toisinaan
==tiede/tie#de N Prop/tiede N Nom Sg tiede
==maastoutua/maasto#utu N Par Sg/maastoutua V Inf1 Lat maastoutua
==taula/tau#la N/taula N Nom Sg taula
==taula/tau#la N/taula N Nom Sg taula
==taula/tau#la N/taula N Nom Sg taula
==sijainti/sija#ti N/sijainti N Nom Sg sijainti
==tiede/tie#de N Prop/tiede N Nom Sg tiede
==sompailla/som#pai N Ade Pl/som#pai N Ade Sg/sompailla V Inf1 Lat/sompailla V Prs Pass ConNeg sompailla
==naulakko/naula#kko N Abbr Nom Sg/naulakko N Nom Sg naulakko
==krapula/krapu#la N/krapula N Nom Sg krapula
==puinti/puin#ti N/puinti N Nom Sg/pukimet#ti N puinti
==risukko/risu#kko N Abbr Nom Sg/risukko N Nom Sg risukko
==kuusikko/kuusi#kko N Abbr Nom Sg/kuusikko N Nom Sg kuusikko
==haavikko/haavi#kko N Abbr Nom Sg/haavikko N Nom Sg haavikko
==haulikko/hauli#kko N Abbr Nom Sg/haulikko N Nom Sg haulikko
==haulikko/hauli#kko N Abbr Nom Sg/haulikko N Nom Sg haulikko
==haulikko/hauli#kko N Abbr Nom Sg/haulikko N Nom Sg haulikko
==kuula/kuu#la N/kuula N Nom Sg kuula
==biopsia/bi-#ops N Par Sg/biopsia N Nom Sg biopsia
==tiede/tie#de N Prop/tiede N Nom Sg tiede
==kokkare/kokka#re N/kokkare N Nom Sg kokkare
==toinen/toinen N Nom Sg/toinen Num Ord Nom Sg/toinen Ord#/toinen Pron Nom Sg toinen
==suure/suu#re N/suure N Nom Sg suure
==luode/luo#de N Prop/luode N Nom Sg luode
==kanala/kana#la N/kanala N Nom Sg kanala
==sikala/sika#la N/sika-#la N/sikala N Nom Sg sikala
==suukko/suu#kko N Abbr Nom Sg/suukko A Pos Nom Sg suukko
==suola/suo#la N/suola N Nom Sg suola
==ruusukko/ruusu#kko N Abbr Nom Sg/ruusukko N Nom Sg ruusukko
==salami/sala#mi N/sala-#mi N/salami N Nom Sg salami
==katetri/kate#tri N Abbr Nom Sg/katetri N Nom Sg katetri
==katetri/kate#tri N Abbr Nom Sg/katetri N Nom Sg katetri
==katetri/kate#tri N Abbr Nom Sg/katetri N Nom Sg katetri
==ristikko/risti#kko N Abbr Nom Sg/ristikko N Nom Sg ristikko
==luoti/luo#ti N/luoti N Nom Sg luoti
==monarkia/mon#arki N Par Pl/monarkia N Nom Sg monarkia
==kattila/katti#la N/kattila N Nom Sg kattila
==kermakko/kerma#kko N Abbr Nom Sg/kermakko N Nom Sg kermakko
==mirhami/mirha#mi N/mirhami N Nom Sg mirhami
==koiso/koi#so N/koiso N Nom Sg koiso
==perusteeton/perus#teetto N Gen Sg/perus-#teetto N Gen Sg/perusteeton A Pos Nom Sg perusteeton
==tupakointi/tupa#koi#ti N/tupakointi N Nom Sg tupakointi
==luomi/luo#mi N/luomi N Nom Sg luomi
==luokaton/luo#katto N Gen Sg/luokaton A Pos Nom Sg luokaton
==mirhami/mirha#mi N/mirhami N Nom Sg mirhami
==ruusukko/ruusu#kko N Abbr Nom Sg/ruusukko N Nom Sg ruusukko
==parvorokko/par#voro#kko N Abbr Nom Sg/parvorokko N Nom Sg parvorokko
==puukko/puu#kko N Abbr Nom Sg/puukko N Nom Sg puukko
==höyläytyä/höylä#yty N Par Sg/höyläytyä V Inf1 Lat höyläytyä
==vammautua/vamma#utu N Par Sg/vammautua V Inf1 Lat vammautua
==rampautua/rampa#utu N Par Sg/rampautua V Inf1 Lat rampautua
==hankala/hanka#la N/hankala A Pos Nom Sg hankala
==vankila/vanki#la N/vankila N Nom Sg vankila
==nelikko/neli#kko N Abbr Nom Sg/neli-#kko N Abbr Nom Sg/nelikko N Nom Sg nelikko
==yhteensä/yhde N Gen Sg Px3/yhde N Nom Pl Px3/yhde N Nom Sg Px3/yhteensä Adv/yksi Ill Px3#/yksi Num Ill Sg Px3 yhteensä
==nurmikko/nurmi#kko N Abbr Nom Sg/nurmikko N Nom Sg nurmikko
==ruokala/ruoka#la N/ruokala N Nom Sg ruokala
==talikko/tali#kko N Abbr Nom Sg/talikko N Nom Sg talikko
==luodikko/luo#di-#kko N Abbr Nom Sg/luodikko N Nom Sg luodikko
==kivikko/kivi#kko N Abbr Nom Sg/kivikko N Nom Sg kivikko
==tiede/tie#de N Prop/tiede N Nom Sg tiede
==antonyymi/anto#nyy#mi N/antonyymi N Nom Sg antonyymi
==pyynti/pyy#ti N/pyynti N Nom Sg pyynti
==priimi/prii#mi N/priimi N Nom Sg priimi
==aikaisin/aika#isi N Gen Sg/aika#isä N Ins Pl/aikainen A Pos Ins Pl/aikainen A Superl Nom Sg/aikaisin Adv aikaisin
==kavala/kava#la N/kavala A Pos Nom Sg kavala
==ilmaisin/ilma#isi N Gen Sg/ilma#isä N Ins Pl/ilmainen A Pos Ins Pl/ilmainen A Superl Nom Sg/ilmaisin N Nom Sg/ilmaista V Pst Act Sg1/ilmata V Cond Act Sg1 ilmaisin
==ilmaisin/ilma#isi N Gen Sg/ilma#isä N Ins Pl/ilmainen A Pos Ins Pl/ilmainen A Superl Nom Sg/ilmaisin N Nom Sg/ilmaista V Pst Act Sg1/ilmata V Cond Act Sg1 ilmaisin
==kolikko/koli#kko N Abbr Nom Sg/kolikko N Nom Sg kolikko
==taula/tau#la N/taula N Nom Sg taula
==taula/tau#la N/taula N Nom Sg taula
==luoti/luo#ti N/luoti N Nom Sg luoti
==haarautua/haara#utu N Par Sg/haara-#utu N Par Sg/haarautua V Inf1 Lat haarautua
==haarautua/haara#utu N Par Sg/haara-#utu N Par Sg/haarautua V Inf1 Lat haarautua
==haarautua/haara#utu N Par Sg/haara-#utu N Par Sg/haarautua V Inf1 Lat haarautua
==haarautua/haara#utu N Par Sg/haara-#utu N Par Sg/haarautua V Inf1 Lat haarautua
==kosla/kos#la N/kosla N Nom Sg kosla
==vilukko/vilu#kko N Abbr Nom Sg/vilukko N Nom Sg vilukko
==krapula/krapu#la N/krapula N Nom Sg krapula
==krapula/krapu#la N/krapula N Nom Sg krapula
==karjakko/karja#kko N Abbr Nom Sg/karjakko N Nom Sg karjakko
==varikko/vari#kko N Abbr Nom Sg/varikko N Nom Sg varikko
==jalkaisin/-jalkainen A Pos Ins Pl/-jalkainen A Superl Nom Sg/jalka#isi N Gen Sg/jalka#isä N Ins Pl/jalkaisin Adv jalkaisin
==jalkaisin/-jalkainen A Pos Ins Pl/-jalkainen A Superl Nom Sg/jalka#isi N Gen Sg/jalka#isä N Ins Pl/jalkaisin Adv jalkaisin
==jouhikko/jouhi#kko N Abbr Nom Sg/jouhikko N Nom Sg jouhikko
==likimain/liki#maa N Ins Pl/likimain Adv likimain
==likimäärin/liki#määrä N Ins Pl/likimäärin Adv likimäärin
==luode/luo#de N Prop/luode N Nom Sg luode
==luode/luo#de N Prop/luode N Nom Sg luode
==tiede/tie#de N Prop/tiede N Nom Sg tiede
==taide/tai#de N Prop/taide N Nom Sg taide
==seiti/sei#ti N/seiti N Nom Sg seiti
==suojautua/suoja#utu N Par Sg/suojautua V Inf1 Lat suojautua
==suomi/suo#mi N/suomi N Nom Sg/suomia V Impv Act Sg2/suomia V Prs Act ConNeg/suomia V Pst Act Sg3 suomi
==sijainti/sija#ti N/sijainti N Nom Sg sijainti
==sijainti/sija#ti N/sijainti N Nom Sg sijainti
==meridiaani/meri#dia N Ill Sg PxSg1/meri#dia N Par Sg PxSg1/meridiaani N Nom Sg meridiaani
==meridiaani/meri#dia N Ill Sg PxSg1/meri#dia N Par Sg PxSg1/meridiaani N Nom Sg meridiaani
==meridiaani/meri#dia N Ill Sg PxSg1/meri#dia N Par Sg PxSg1/meridiaani N Nom Sg meridiaani
==meridiaani/meri#dia N Ill Sg PxSg1/meri#dia N Par Sg PxSg1/meridiaani N Nom Sg meridiaani
==meridiaani/meri#dia N Ill Sg PxSg1/meri#dia N Par Sg PxSg1/meridiaani N Nom Sg meridiaani
==vankila/vanki#la N/vankila N Nom Sg vankila
==suola/suo#la N/suola N Nom Sg suola
==suola/suo#la N/suola N Nom Sg suola
==suure/suu#re N/suure N Nom Sg suure
==kuula/kuu#la N/kuula N Nom Sg kuula
==taide/tai#de N Prop/taide N Nom Sg taide
==kolikko/koli#kko N Abbr Nom Sg/kolikko N Nom Sg kolikko
==trikinoosi/tri Abbr#kino N Ill Sg PxSg2/tri-#kino N Ill Sg PxSg2/trikinoosi N Nom Sg trikinoosi
==trikinoosi/tri Abbr#kino N Ill Sg PxSg2/tri-#kino N Ill Sg PxSg2/trikinoosi N Nom Sg trikinoosi
==trikinoosi/tri Abbr#kino N Ill Sg PxSg2/tri-#kino N Ill Sg PxSg2/trikinoosi N Nom Sg trikinoosi
==taide/tai#de N Prop/taide N Nom Sg taide
==vesikko/vesi#kko N Abbr Nom Sg/vesikko N Nom Sg vesikko
==suomi/suo#mi N/suomi N Nom Sg/suomia V Impv Act Sg2/suomia V Prs Act ConNeg/suomia V Pst Act Sg3 suomi
==vesikko/vesi#kko N Abbr Nom Sg/vesikko N Nom Sg vesikko
==suomi/suo#mi N/suomi N Nom Sg/suomia V Impv Act Sg2/suomia V Prs Act ConNeg/suomia V Pst Act Sg3 suomi
==suomi/suo#mi N/suomi N Nom Sg/suomia V Impv Act Sg2/suomia V Prs Act ConNeg/suomia V Pst Act Sg3 suomi
==esikko/esi-#kko N Abbr Nom Sg/esikko N Nom Sg esikko
==naulakko/naula#kko N Abbr Nom Sg/naulakko N Nom Sg naulakko
==pariutua/pari#utu N Par Sg/pariutua V Inf1 Lat pariutua
==toinen/toinen N Nom Sg/toinen Num Ord Nom Sg/toinen Ord#/toinen Pron Nom Sg toinen
==valaisin/vala#isi N Gen Sg/vala#isä N Ins Pl/valaa V Cond Act Sg1/valaisin N Nom Sg/valaista V Pst Act Sg1 valaisin
==taide/tai#de N Prop/taide N Nom Sg taide
==suure/suu#re N/suure N Nom Sg suure
==luomi/luo#mi N/luomi N Nom Sg luomi
==ristikko/risti#kko N Abbr Nom Sg/ristikko N Nom Sg ristikko
==puoliso/puoli#so N/puoliso N Nom Sg puoliso
==puoliso/puoli#so N/puoliso N Nom Sg puoliso
==suola/suo#la N/suola N Nom Sg suola
==ilmaisin/ilma#isi N Gen Sg/ilma#isä N Ins Pl/ilmainen A Pos Ins Pl/ilmainen A Superl Nom Sg/ilmaisin N Nom Sg/ilmaista V Pst Act Sg1/ilmata V Cond Act Sg1 ilmaisin
==kanala/kana#la N/kanala N Nom Sg kanala
==suula/suu#la N/suula N Nom Sg suula
==tinami/tina#mi N/tinami N Nom Sg tinami
==suola/suo#la N/suola N Nom Sg suola
==suola/suo#la N/suola N Nom Sg suola
==suvaitsematon/suva#itse-#matto N Gen Sg/suvaita NegPrc Pos Nom Sg/suvaitsematon A Pos Nom Sg suvaitsematon
==suhtautua/suhta#utu N Par Sg/suhtautua V Inf1 Lat suhtautua
==suvaitsematon/suva#itse-#matto N Gen Sg/suvaita NegPrc Pos Nom Sg/suvaitsematon A Pos Nom Sg suvaitsematon
==suola/suo#la N/suola N Nom Sg suola
==suola/suo#la N/suola N Nom Sg suola
==suola/suo#la N/suola N Nom Sg suola
==suola/suo#la N/suola N Nom Sg suola
==suola/suo#la N/suola N Nom Sg suola
==suola/suo#la N/suola N Nom Sg suola
==suola/suo#la N/suola N Nom Sg suola
==suola/suo#la N/suola N Nom Sg suola
==suola/suo#la N/suola N Nom Sg suola
==suola/suo#la N/suola N Nom Sg suola
==latautua/lata#utu N Par Sg/latautua V Inf1 Lat latautua
==suola/suo#la N/suola N Nom Sg suola
==painoton/pai#oto N Gen Sg/pai#otto N Gen Sg/painoton A Pos Nom Sg painoton
==suola/suo#la N/suola N Nom Sg suola
==suola/suo#la N/suola N Nom Sg suola
==avioitua/avio#itu N Par Sg/avioitua V Inf1 Lat avioitua
==valaisin/vala#isi N Gen Sg/vala#isä N Ins Pl/valaa V Cond Act Sg1/valaisin N Nom Sg/valaista V Pst Act Sg1 valaisin
==huvila/huvi#la N/huvila N Nom Sg huvila
==tauti/tau#ti N/tauti N Nom Sg tauti
==taide/tai#de N Prop/taide N Nom Sg taide
==taide/tai#de N Prop/taide N Nom Sg taide
==pseudonyymi/pseudo-#nyy#mi N/pseudonyymi N Nom Sg pseudonyymi
==antonyymi/anto#nyy#mi N/antonyymi N Nom Sg antonyymi
==testi/tes#ti N/testi N Nom Sg testi
==pyynti/pyy#ti N/pyynti N Nom Sg pyynti
==kyyti/kyy#ti N/kyyti N Nom Sg/kyytiä V Pst Act Sg3 kyyti
==pahasti/pahanen#ti N/pahasti Adv pahasti
==muumioitua/muumio#itu N Par Sg/muumioida PrfPrc Pass Pos Par Sg/muumioitua V Inf1 Lat muumioitua
==suola/suo#la N/suola N Nom Sg suola
==suola/suo#la N/suola N Nom Sg suola
==suure/suu#re N/suure N Nom Sg suure
==suure/suu#re N/suure N Nom Sg suure
==fakkiutua/fakki#utu N Par Sg/fakkiutua V Inf1 Lat fakkiutua
==fakkiutua/fakki#utu N Par Sg/fakkiutua V Inf1 Lat fakkiutua
==tiede/tie#de N Prop/tiede N Nom Sg tiede
==huolimaton/huoli#matto N Gen Sg/huolia NegPrc Pos Nom Sg/huolimaton A Pos Nom Sg huolimaton
==määräytyä/määrä#yty N Par Sg/määrä-#yty N Par Sg/määräytyä V Inf1 Lat määräytyä
==vankila/vanki#la N/vankila N Nom Sg vankila
==pappila/pappi#la N/pappila N Nom Sg pappila
==toinen/toinen N Nom Sg/toinen Num Ord Nom Sg/toinen Ord#/toinen Pron Nom Sg toinen
==publikaani/pub#lika N Ill Sg PxSg1/pub#lika N Par Sg PxSg1/publikaani N Nom Sg publikaani
==sakkautua/sakka#utu N Par Sg/sakkautua V Inf1 Lat sakkautua
==kasautua/kasa#utu N Par Sg/kasautua V Inf1 Lat kasautua
==salpautua/salpa#utu N Par Sg/salpat#utu N Par Sg/salpautua V Inf1 Lat salpautua
==salpautua/salpa#utu N Par Sg/salpat#utu N Par Sg/salpautua V Inf1 Lat salpautua
==kasautua/kasa#utu N Par Sg/kasautua V Inf1 Lat kasautua
==dialekti/dia#lek#ti N/dialekti N Nom Sg dialekti
==dialektikko/dialekti#kko N Abbr Nom Sg/dialektikko N Nom Sg dialektikko
==biopsia/bi-#ops N Par Sg/biopsia N Nom Sg biopsia
==suure/suu#re N/suure N Nom Sg suure
==tiede/tie#de N Prop/tiede N Nom Sg tiede
==tiede/tie#de N Prop/tiede N Nom Sg tiede
==tiede/tie#de N Prop/tiede N Nom Sg tiede
==tiede/tie#de N Prop/tiede N Nom Sg tiede
==haulikko/hauli#kko N Abbr Nom Sg/haulikko N Nom Sg haulikko
==puoliso/puoli#so N/puoliso N Nom Sg puoliso
==meridiaani/meri#dia N Ill Sg PxSg1/meri#dia N Par Sg PxSg1/meridiaani N Nom Sg meridiaani
==kesäisin/kesä#isi N Gen Sg/kesä#isä N Ins Pl/kesäinen A Pos Ins Pl/kesäinen A Superl Nom Sg/kesäisin Adv kesäisin
==hetula/hetu#la N/hetula N Nom Sg hetula
==penisilliini/peni#silli N Ill Sg PxSg1/penisilliini N Nom Sg penisilliini
==perusta/per-#uksi N Par Sg/peru N Ela Sg/perus N Par Sg/perusta N Nom Sg/perustaa V Impv Act Sg2/perustaa V Prs Act ConNeg perusta
==hankala/hanka#la N/hankala A Pos Nom Sg hankala
==kuusikko/kuusi#kko N Abbr Nom Sg/kuusikko N Nom Sg kuusikko
==haavikko/haavi#kko N Abbr Nom Sg/haavikko N Nom Sg haavikko
==talikko/tali#kko N Abbr Nom Sg/talikko N Nom Sg talikko
==lantala/lanta#la N/lantala N Nom Sg lantala
==tiede/tie#de N Prop/tiede N Nom Sg tiede
==tiede/tie#de N Prop/tiede N Nom Sg tiede
==ristikko/risti#kko N Abbr Nom Sg/ristikko N Nom Sg ristikko
==rantautua/ranta#utu N Par Sg/rantautua V Inf1 Lat rantautua
==myynti/myy#ti N/myynti N Nom Sg myynti
==kirjautua/kirja#utu N Par Sg/kirjautua V Inf1 Lat kirjautua
==puoliso/puoli#so N/puoliso N Nom Sg puoliso
==voide/voi#de N Prop/voide N Nom Sg voide
==naulakko/naula#kko N Abbr Nom Sg/naulakko N Nom Sg naulakko
==matala/mata#la N/matala A Pos Nom Sg matala
==tiede/tie#de N Prop/tiede N Nom Sg tiede
==toinen/toinen N Nom Sg/toinen Num Ord Nom Sg/toinen Ord#/toinen Pron Nom Sg toinen
==peräisin/-peräinen A Pos Ins Pl/-peräinen A Superl Nom Sg/perä#isi N Gen Sg/perä#isä N Ins Pl/peräisin Adp Po/peräisin Adp Pr/perätä V Cond Act Sg1 peräisin
==pyynti/pyy#ti N/pyynti N Nom Sg pyynti
==puoliso/puoli#so N/puoliso N Nom Sg puoliso
==tarrautua/tarra#utu N Par Sg/tarrautua V Inf1 Lat tarrautua
==luode/luo#de N Prop/luode N Nom Sg luode
==luode/luo#de N Prop/luode N Nom Sg luode
==suure/suu#re N/suure N Nom Sg suure
==suure/suu#re N/suure N Nom Sg suure
==diakonissa/dia#koni N Ine Sg/diakoni N Ine Sg/diakonissa N Nom Sg diakonissa
==diakonia/dia#koni N Par Sg/diakoni N Par Sg/diakonia N Nom Sg diakonia
==yhdessä/yhdessä Adv/yksi Ine#/yksi Num Ine Sg yhdessä
==kolikko/koli#kko N Abbr Nom Sg/kolikko N Nom Sg kolikko
==satula/satu#la N/satula N Nom Sg satula
==aromi/aro#mi N/aromi N Nom Sg aromi
==puukko/puu#kko N Abbr Nom Sg/puukko N Nom Sg puukko
==tupakointi/tupa#koi#ti N/tupakointi N Nom Sg tupakointi
==skaalautua/skaala#utu N Par Sg/skaalautua V Inf1 Lat skaalautua
==tupakointi/tupa#koi#ti N/tupakointi N Nom Sg tupakointi
==tauti/tau#ti N/tauti N Nom Sg tauti
==kermakko/kerma#kko N Abbr Nom Sg/kermakko N Nom Sg kermakko
==graafikko/graafi#kko N Abbr Nom Sg/graafikko N Nom Sg graafikko
==luode/luo#de N Prop/luode N Nom Sg luode
==visautua/visa#utu N Par Sg/visautua V Inf1 Lat visautua
==haavikko/haavi#kko N Abbr Nom Sg/haavikko N Nom Sg haavikko
==kuusikko/kuusi#kko N Abbr Nom Sg/kuusikko N Nom Sg kuusikko
==pajukko/paju#kko N Abbr Nom Sg/pajukko N Nom Sg pajukko
==taivaltaa/tai#valta N Par Sg/taivaltaa V Inf1 Lat/taivaltaa V Prs Act Sg3 taivaltaa
==vesakko/vesa#kko N Abbr Nom Sg/vesakko N Nom Sg vesakko
==vesakko/vesa#kko N Abbr Nom Sg/vesakko N Nom Sg vesakko
==vankila/vanki#la N/vankila N Nom Sg vankila
==suude/suu#de N Prop/suude N Nom Sg suude
==taimi/tai#mi N/taimi N Nom Sg/taimia V Impv Act Sg2/taimia V Prs Act ConNeg/taimia V Pst Act Sg3 taimi
==paikoilleen/pai#koi N All Pl Px3/pai#koi N All Sg Px3/pai#koka N All Pl Px3/paikka N All Pl Px3/paikko N All Pl Px3/paikoilleen Adv paikoilleen
==vuode/vuo#de N Prop/vuode N Nom Sg vuode
==nolla/nolla N Nom Sg/nolla Num Nom Sg/nolla#/nollas N nolla
==taimi/tai#mi N/taimi N Nom Sg/taimia V Impv Act Sg2/taimia V Prs Act ConNeg/taimia V Pst Act Sg3 taimi
==puukko/puu#kko N Abbr Nom Sg/puukko N Nom Sg puukko
==kuusikko/kuusi#kko N Abbr Nom Sg/kuusikko N Nom Sg kuusikko
==tylppysolukko/tylppysolu#kko N Abbr Nom Sg/tylppysolukko N Nom Sg tylppysolukko
==nolla/nolla N Nom Sg/nolla Num Nom Sg/nolla#/nollas N nolla
==tiede/tie#de N Prop/tiede N Nom Sg tiede
==taivasalla/tai#vasa N Ade Sg/taivasalla Adv taivasalla
==taivasalla/tai#vasa N Ade Sg/taivasalla Adv taivasalla
==puoliso/puoli#so N/puoliso N Nom Sg puoliso
==muusikko/muusi#kko N Abbr Nom Sg/muusikko N Nom Sg muusikko
==kolmikko/kolmi-#kko N Abbr Nom Sg/kolmikko N Nom Sg kolmikko
==kolmikko/kolmi-#kko N Abbr Nom Sg/kolmikko N Nom Sg kolmikko
==monikko/moni-#kko N Abbr Nom Sg/monikko N Nom Sg monikko
==kuula/kuu#la N/kuula N Nom Sg kuula
==trisomia/tri Abbr#som N Par Sg/tri Abbr#soma A Pos Par Pl/tri Abbr#soma N Par Pl/tri-#som N Par Sg/tri-#soma A Pos Par Pl/tri-#soma N Par Pl/trisomia N Nom Sg trisomia
==trisomia/tri Abbr#som N Par Sg/tri Abbr#soma A Pos Par Pl/tri Abbr#soma N Par Pl/tri-#som N Par Sg/tri-#soma A Pos Par Pl/tri-#soma N Par Pl/trisomia N Nom Sg trisomia
==trisomia/tri Abbr#som N Par Sg/tri Abbr#soma A Pos Par Pl/tri Abbr#soma N Par Pl/tri-#som N Par Sg/tri-#soma A Pos Par Pl/tri-#soma N Par Pl/trisomia N Nom Sg trisomia
==biomi/bio#mi N/biomi N Nom Sg biomi
==avioton/avi#oto N Gen Sg/avi#otto N Gen Sg/avioton A Pos Nom Sg avioton
==voide/voi#de N Prop/voide N Nom Sg voide
==bassetti/basset#ti N/bassetti N Nom Sg bassetti
==bassetti/basset#ti N/bassetti N Nom Sg bassetti
==voide/voi#de N Prop/voide N Nom Sg voide
==ilmaisin/ilma#isi N Gen Sg/ilma#isä N Ins Pl/ilmainen A Pos Ins Pl/ilmainen A Superl Nom Sg/ilmaisin N Nom Sg/ilmaista V Pst Act Sg1/ilmata V Cond Act Sg1 ilmaisin
==likimailla/liki#maa N Ade Pl/likimailla Adv likimailla
==likimain/liki#maa N Ins Pl/likimain Adv likimain
==likimäärin/liki#määrä N Ins Pl/likimäärin Adv likimäärin
==diakonia/dia#koni N Par Sg/diakoni N Par Sg/diakonia N Nom Sg diakonia
==painoton/pai#oto N Gen Sg/pai#otto N Gen Sg/painoton A Pos Nom Sg painoton
==funktionalismi/funktio#alinen#mi N/funktionalismi N Nom Sg funktionalismi
==puukko/puu#kko N Abbr Nom Sg/puukko N Nom Sg puukko
==luomi/luo#mi N/luomi N Nom Sg luomi
==haukkumanimi/haukku#mani#mi N/haukkumanimi N Nom Sg haukkumanimi
==haarautua/haara#utu N Par Sg/haara-#utu N Par Sg/haarautua V Inf1 Lat haarautua
==huvila/huvi#la N/huvila N Nom Sg huvila
==suure/suu#re N/suure N Nom Sg suure
==suure/suu#re N/suure N Nom Sg suure
==perusteeton/perus#teetto N Gen Sg/perus-#teetto N Gen Sg/perusteeton A Pos Nom Sg perusteeton
==taide/tai#de N Prop/taide N Nom Sg taide
==rikkomaton/rikko#matto N Gen Sg/rikkoa NegPrc Pos Nom Sg/rikkomaton A Pos Nom Sg rikkomaton
==suvaitsematon/suva#itse-#matto N Gen Sg/suvaita NegPrc Pos Nom Sg/suvaitsematon A Pos Nom Sg suvaitsematon
==tauoton/tau#oto N Gen Sg/tau#otto N Gen Sg/tauoton A Pos Nom Sg tauoton
==tupakoimaton/tupa#koi#matto N Gen Sg/tupakoida NegPrc Pos Nom Sg/tupakoimaton A Pos Nom Sg tupakoimaton
==huolimaton/huoli#matto N Gen Sg/huolia NegPrc Pos Nom Sg/huolimaton A Pos Nom Sg huolimaton
==levoton/lev#oto N Gen Sg/lev#otto N Gen Sg/levoton A Pos Nom Sg levoton
==luokaton/luo#katto N Gen Sg/luokaton A Pos Nom Sg luokaton
==luonteeton/luo#teetto N Gen Sg/luonteeton A Pos Nom Sg luonteeton
==painoton/pai#oto N Gen Sg/pai#otto N Gen Sg/painoton A Pos Nom Sg painoton
==perusteeton/perus#teetto N Gen Sg/perus-#teetto N Gen Sg/perusteeton A Pos Nom Sg perusteeton
==kavala/kava#la N/kavala A Pos Nom Sg kavala
==puuroutua/puuro#utu N Par Sg/puuroutua V Inf1 Lat puuroutua
==puuroutua/puuro#utu N Par Sg/puuroutua V Inf1 Lat puuroutua
==varautua/vara#utu N Par Sg/vara-#utu N Par Sg/varautua V Inf1 Lat varautua
==muusikko/muusi#kko N Abbr Nom Sg/muusikko N Nom Sg muusikko
==hankala/hanka#la N/hankala A Pos Nom Sg hankala
==kamala/kama#la N/kamala A Pos Nom Sg kamala
==kavala/kava#la N/kavala A Pos Nom Sg kavala
==matala/mata#la N/matala A Pos Nom Sg matala
==myynti/myy#ti N/myynti N Nom Sg myynti
==kriisiytyä/kriisi#yty N Par Sg/kriisiytyä V Inf1 Lat kriisiytyä
==kuula/kuu#la N/kuula N Nom Sg kuula
==matala/mata#la N/matala A Pos Nom Sg matala
==tiede/tie#de N Prop/tiede N Nom Sg tiede
==tupakoimaton/tupa#koi#matto N Gen Sg/tupakoida NegPrc Pos Nom Sg/tupakoimaton A Pos Nom Sg tupakoimaton
==tupakoimaton/tupa#koi#matto N Gen Sg/tupakoida NegPrc Pos Nom Sg/tupakoimaton A Pos Nom Sg tupakoimaton
==maalaamaton/maa#lata NegPrc Pos Nom Sg/maalaamaton A Pos Nom Sg maalaamaton
==maalattu/maa#lata PrfPrc Pass Pos Nom Sg/maa#lata V Pst Pass ConNeg/maalattu A Pos Nom Sg maalattu
==ommella/ommel#la N/ommella V Inf1 Lat/ommella V Prs Pass ConNeg ommella
==painoton/pai#oto N Gen Sg/pai#otto N Gen Sg/painoton A Pos Nom Sg painoton
==tauoton/tau#oto N Gen Sg/tau#otto N Gen Sg/tauoton A Pos Nom Sg tauoton
==kuppila/kuppi#la N/kuppila N Nom Sg kuppila
==kahvila/kahvi#la N/kahvila N Nom Sg kahvila
==toimimaton/toimi#matto N Gen Sg/toimia NegPrc Pos Nom Sg/toimimaton A Pos Nom Sg toimimaton
==kirjautua/kirja#utu N Par Sg/kirjautua V Inf1 Lat kirjautua
==satula/satu#la N/satula N Nom Sg satula
==maksamaton/maksa#matto N Gen Sg/maksaa NegPrc Pos Nom Sg/maksamaton A Pos Nom Sg maksamaton
==oppimaton/oppi#matto N Gen Sg/oppia NegPrc Pos Nom Sg/oppimaton A Pos Nom Sg oppimaton
==oppimaton/oppi#matto N Gen Sg/oppia NegPrc Pos Nom Sg/oppimaton A Pos Nom Sg oppimaton
==kutsumaton/kutsu#matto N Gen Sg/kutsua NegPrc Pos Nom Sg/kutsumaton A Pos Nom Sg kutsumaton
==parraton/par#ratto A Pos Gen Sg/parraton A Pos Nom Sg parraton
==voitelematon/voi#tele#matto N Gen Sg/voi#tele-#matto N Gen Sg/voidella NegPrc Pos Nom Sg/voitelematon A Pos Nom Sg voitelematon
==katumaton/katu#matto N Gen Sg/katua NegPrc Pos Nom Sg/katumaton A Pos Nom Sg katumaton
==vuotamaton/vuota#matto N Gen Sg/vuotaa NegPrc Pos Nom Sg/vuotamaton A Pos Nom Sg vuotamaton
==tukematon/tuke#matto N Gen Sg/tukea NegPrc Pos Nom Sg/tukematon A Pos Nom Sg tukematon
==piilottaa/pii#lotta N Par Sg/piilottaa V Inf1 Lat/piilottaa V Prs Act Sg3 piilottaa
==haavikko/haavi#kko N Abbr Nom Sg/haavikko N Nom Sg haavikko
==voide/voi#de N Prop/voide N Nom Sg voide
==sijainti/sija#ti N/sijainti N Nom Sg sijainti
==paikantaa/pai#kanta N Par Sg/paikantaa V Inf1 Lat/paikantaa V Prs Act Sg3 paikantaa
==vointi/voi#ti N/vointi N Nom Sg vointi
==lukkiutua/lukki#utu N Par Sg/lukkiutua V Inf1 Lat lukkiutua
==nolla/nolla N Nom Sg/nolla Num Nom Sg/nolla#/nollas N nolla
==katetri/kate#tri N Abbr Nom Sg/katetri N Nom Sg katetri
==matala/mata#la N/matala A Pos Nom Sg matala
==uimala/uima-#la N/uimala N Nom Sg uimala
==bitti/bit#ti N/bitti N Nom Sg bitti
==bitti/bit#ti N/bitti N Nom Sg bitti
==sahrami/sahra#mi N/sahrami N Nom Sg sahrami
==kuula/kuu#la N/kuula N Nom Sg kuula
==suuntautua/suunta#utu N Par Sg/suuntautua V Inf1 Lat suuntautua
==tauti/tau#ti N/tauti N Nom Sg tauti
==taimi/tai#mi N/taimi N Nom Sg/taimia V Impv Act Sg2/taimia V Prs Act ConNeg/taimia V Pst Act Sg3 taimi
==taimi/tai#mi N/taimi N Nom Sg/taimia V Impv Act Sg2/taimia V Prs Act ConNeg/taimia V Pst Act Sg3 taimi
==jumiutua/jumi#utu N Par Sg/jumiutua V Inf1 Lat jumiutua
==jetsetti/jetset#ti N/jetsetti N Nom Sg jetsetti
==jetsetti/jetset#ti N/jetsetti N Nom Sg jetsetti
==puoliso/puoli#so N/puoliso N Nom Sg puoliso
==tiede/tie#de N Prop/tiede N Nom Sg tiede
==tiede/tie#de N Prop/tiede N Nom Sg tiede
==valaisin/vala#isi N Gen Sg/vala#isä N Ins Pl/valaa V Cond Act Sg1/valaisin N Nom Sg/valaista V Pst Act Sg1 valaisin
==valaisin/vala#isi N Gen Sg/vala#isä N Ins Pl/valaa V Cond Act Sg1/valaisin N Nom Sg/valaista V Pst Act Sg1 valaisin
==vapautua/vapa#utu N Par Sg/vapautua V Inf1 Lat vapautua
==hautautua/hauta#utu N Par Sg/hautautua V Inf1 Lat hautautua
==perusta/per-#uksi N Par Sg/peru N Ela Sg/perus N Par Sg/perusta N Nom Sg/perustaa V Impv Act Sg2/perustaa V Prs Act ConNeg perusta
==gettoutua/getto#utu N Par Sg/gettoutua V Inf1 Lat gettoutua
==ghettoutua/ghetto#utu N Par Sg/ghettoutua V Inf1 Lat ghettoutua
==ghettoutua/ghetto#utu N Par Sg/ghettoutua V Inf1 Lat ghettoutua
==louhikko/louhi#kko N Abbr Nom Sg/louhikko N Nom Sg louhikko
==soseutua/sose#utu N Par Sg/soseutua V Inf1 Lat soseutua
==syrjäytyä/syrjä#yty N Par Sg/syrjäytyä V Inf1 Lat syrjäytyä
==ruuhkautua/ruuhka#utu N Par Sg/ruuhkautua V Inf1 Lat ruuhkautua
==pyynti/pyy#ti N/pyynti N Nom Sg pyynti
==myynti/myy#ti N/myynti N Nom Sg myynti
==nurmikko/nurmi#kko N Abbr Nom Sg/nurmikko N Nom Sg nurmikko
==toisinaan/toinen N Ess Pl Px3/toinen Num Ord Ess Pl Px3/toinen Ord Ess Px3#/toinen Pron Ess Pl Px3/toisinaan Adv toisinaan
==sekaisin/seka-#isi N Gen Sg/seka-#isä N Ins Pl/sekainen A Pos Ins Pl/sekainen A Superl Nom Sg/sekaisin Adv sekaisin
==hankala/hanka#la N/hankala A Pos Nom Sg hankala
==levoton/lev#oto N Gen Sg/lev#otto N Gen Sg/levoton A Pos Nom Sg levoton
==tauoton/tau#oto N Gen Sg/tau#otto N Gen Sg/tauoton A Pos Nom Sg tauoton
==sekaisin/seka-#isi N Gen Sg/seka-#isä N Ins Pl/sekainen A Pos Ins Pl/sekainen A Superl Nom Sg/sekaisin Adv sekaisin
==kolikko/koli#kko N Abbr Nom Sg/kolikko N Nom Sg kolikko
==nelikko/neli#kko N Abbr Nom Sg/neli-#kko N Abbr Nom Sg/nelikko N Nom Sg nelikko
==kolmikko/kolmi-#kko N Abbr Nom Sg/kolmikko N Nom Sg kolmikko
==kuusikko/kuusi#kko N Abbr Nom Sg/kuusikko N Nom Sg kuusikko
==nelikko/neli#kko N Abbr Nom Sg/neli-#kko N Abbr Nom Sg/nelikko N Nom Sg nelikko
==kolmikko/kolmi-#kko N Abbr Nom Sg/kolmikko N Nom Sg kolmikko
==nelikko/neli#kko N Abbr Nom Sg/neli-#kko N Abbr Nom Sg/nelikko N Nom Sg nelikko
==kuusikko/kuusi#kko N Abbr Nom Sg/kuusikko N Nom Sg kuusikko
==hankala/hanka#la N/hankala A Pos Nom Sg hankala
==raunioitua/raunio#itu N Par Sg/raunioitua V Inf1 Lat raunioitua
==vuode/vuo#de N Prop/vuode N Nom Sg vuode
==pohjautua/pohja#utu N Par Sg/pohjautua V Inf1 Lat pohjautua
==formula/formu#la N/formula N Nom Sg formula
==kaikumaton/kaiku#matto N Gen Sg/kaikua NegPrc Pos Nom Sg/kaikumaton A Pos Nom Sg kaikumaton
==kivikko/kivi#kko N Abbr Nom Sg/kivikko N Nom Sg kivikko
==louhikko/louhi#kko N Abbr Nom Sg/louhikko N Nom Sg louhikko
==karikko/kari#kko N Abbr Nom Sg/karikko N Nom Sg karikko
==hakeutua/hake#utu N Par Sg/hakeutua V Inf1 Lat hakeutua
==osapuilleen/osa#puu N All Pl Px3/osapuilleen Adv osapuilleen
==matala/mata#la N/matala A Pos Nom Sg matala
==luode/luo#de N Prop/luode N Nom Sg luode
==voide/voi#de N Prop/voide N Nom Sg voide
==nolla/nolla N Nom Sg/nolla Num Nom Sg/nolla#/nollas N nolla
==sijainti/sija#ti N/sijainti N Nom Sg sijainti
==sijainti/sija#ti N/sijainti N Nom Sg sijainti
==suola/suo#la N/suola N Nom Sg suola
==kyyti/kyy#ti N/kyyti N Nom Sg/kyytiä V Pst Act Sg3 kyyti
==kyyti/kyy#ti N/kyyti N Nom Sg/kyytiä V Pst Act Sg3 kyyti
==rikkoutua/rikko#utu N Par Sg/rikkoutua V Inf1 Lat rikkoutua
==suure/suu#re N/suure N Nom Sg suure
==kotoisin/koto#isi N Gen Sg/koto#isä N Ins Pl/kotoinen A Pos Ins Pl/kotoinen A Superl Nom Sg/kotoisa A Pos Ins Pl/kotoisa A Superl Nom Sg/kotoisin Adv kotoisin
==peräisin/-peräinen A Pos Ins Pl/-peräinen A Superl Nom Sg/perä#isi N Gen Sg/perä#isä N Ins Pl/peräisin Adp Po/peräisin Adp Pr/perätä V Cond Act Sg1 peräisin
==syntyisin/-syntyinen A Pos Ins Pl/-syntyinen A Superl Nom Sg/synty#isi N Gen Sg/synty#isä N Ins Pl/syntyisin Adp Po/syntyisin Adp Pr/syntyä V Cond Act Sg1 syntyisin
==toisin/toinen N Ins Pl/toinen Num Ord Ins Pl/toinen Ord Ins#/toinen Pron Ins Pl/toisin Adv/tuoda V Cond Act Sg1 toisin
==toinen/toinen N Nom Sg/toinen Num Ord Nom Sg/toinen Ord#/toinen Pron Nom Sg toinen
==toinen/toinen N Nom Sg/toinen Num Ord Nom Sg/toinen Ord#/toinen Pron Nom Sg toinen
==karjala/karja#la N/karjala N Nom Sg karjala
==suomi/suo#mi N/suomi N Nom Sg/suomia V Impv Act Sg2/suomia V Prs Act ConNeg/suomia V Pst Act Sg3 suomi
==buffetti/buffet#ti N/buffetti N Nom Sg buffetti
==buffetti/buffet#ti N/buffetti N Nom Sg buffetti
==buffetti/buffet#ti N/buffetti N Nom Sg buffetti
==kuusikko/kuusi#kko N Abbr Nom Sg/kuusikko N Nom Sg kuusikko
==suomi/suo#mi N/suomi N Nom Sg/suomia V Impv Act Sg2/suomia V Prs Act ConNeg/suomia V Pst Act Sg3 suomi
==maksamaton/maksa#matto N Gen Sg/maksaa NegPrc Pos Nom Sg/maksamaton A Pos Nom Sg maksamaton
==karrikointi/karri#koi#ti N/karrikointi N Nom Sg karrikointi
==nimikointi/nimi#koi#ti N/nimikointi N Nom Sg nimikointi
==penikointi/peni#koi#ti N/penikointi N Nom Sg penikointi
==pulikointi/puli#koi#ti N/pulikointi N Nom Sg pulikointi
==silmukointi/silmu#koi#ti N/silmukointi N Nom Sg silmukointi
==takavarikointi/taka#vari#koi#ti N/taka-#vari#koi#ti N/takavarikointi N Nom Sg takavarikointi
==taulukointi/taulu#koi#ti N/taulukointi N Nom Sg taulukointi
==telakointi/tela#koi#ti N/telakointi N Nom Sg telakointi
==jäänti/jää#ti N/jäänti N Nom Sg jäänti
==luonti/luo#ti N/luonti N Nom Sg luonti
==vointi/voi#ti N/vointi N Nom Sg vointi
==skaalautua/skaala#utu N Par Sg/skaalautua V Inf1 Lat skaalautua
==skaalautua/skaala#utu N Par Sg/skaalautua V Inf1 Lat skaalautua
==kannella/kannel#la N/kannella V Inf1 Lat/kannella V Prs Pass ConNeg/kansi N Ade Sg kannella
==katkaisin/katka#isi N Gen Sg/katka#isä N Ins Pl/katkaisin N Nom Sg/katkaista V Pst Act Sg1 katkaisin
==ommella/ommel#la N/ommella V Inf1 Lat/ommella V Prs Pass ConNeg ommella
==puuhailla/puu#hai N Ade Pl/puu#hai N Ade Sg/puuhailla V Inf1 Lat/puuhailla V Prs Pass ConNeg puuhailla
==sekoilla/sek#oka N Ade Pl/sekka N Ade Pl/seko N Ade Pl/sekoilla V Inf1 Lat/sekoilla V Prs Pass ConNeg sekoilla
==taivaltaa/tai#valta N Par Sg/taivaltaa V Inf1 Lat/taivaltaa V Prs Act Sg3 taivaltaa
==urakointi/ura#koi#ti N/urakointi N Nom Sg urakointi
==urakointi/ura#koi#ti N/urakointi N Nom Sg urakointi
==vuorottaa/vuo#rotta N Par Sg/vuorottaa V Inf1 Lat/vuorottaa V Prs Act Sg3 vuorottaa
==sekoilla/sek#oka N Ade Pl/sekka N Ade Pl/seko N Ade Pl/sekoilla V Inf1 Lat/sekoilla V Prs Pass ConNeg sekoilla
==ommella/ommel#la N/ommella V Inf1 Lat/ommella V Prs Pass ConNeg ommella
==hoppuilla/hop#puu N Ade Pl/hoppuilla V Inf1 Lat/hoppuilla V Prs Pass ConNeg hoppuilla
==koruommella/koru#ommel#la N/koruommella V Inf1 Lat/koruommella V Prs Pass ConNeg koruommella
==kuikuilla/kui#kui N Ade Pl/kui#kui N Ade Sg/kui#kuu N Ade Pl/kuikuilla V Inf1 Lat/kuikuilla V Prs Pass ConNeg kuikuilla
==maalailla/maa#laki N Ade Pl/maa#laki N Ade Sg/maalailla V Inf1 Lat/maalailla V Prs Pass ConNeg maalailla
==sekoilla/sek#oka N Ade Pl/sekka N Ade Pl/seko N Ade Pl/sekoilla V Inf1 Lat/sekoilla V Prs Pass ConNeg sekoilla
==tieteillä/tie#tee N Ade Pl/tie#tie N Ade Pl/tiede N Ade Pl/tieteillä V Inf1 Lat/tieteillä V Prs Pass ConNeg tieteillä
==maalailla/maa#laki N Ade Pl/maa#laki N Ade Sg/maalailla V Inf1 Lat/maalailla V Prs Pass ConNeg maalailla
==seilailla/sei#laki N Ade Pl/sei#laki N Ade Sg/seilailla V Inf1 Lat/seilailla V Prs Pass ConNeg seilailla
==taipuilla/tai#puu N Ade Pl/taipuilla V Inf1 Lat/taipuilla V Prs Pass ConNeg taipuilla
==vippailla/vip#pai N Ade Pl/vip#pai N Ade Sg/vippailla V Inf1 Lat/vippailla V Prs Pass ConNeg vippailla
==heilautella/heila#ute N Ade Sg/heilautella V Inf1 Lat/heilautella V Prs Pass ConNeg heilautella
==huomautella/huoma#ute N Ade Sg/huomautella V Inf1 Lat/huomautella V Prs Pass ConNeg huomautella
==karautella/kara#ute N Ade Sg/karautella V Inf1 Lat/karautella V Prs Pass ConNeg karautella
==letkautella/letka#ute N Ade Sg/letkautella V Inf1 Lat/letkautella V Prs Pass ConNeg letkautella
==piilottaa/pii#lotta N Par Sg/piilottaa V Inf1 Lat/piilottaa V Prs Act Sg3 piilottaa
==shoppailla/shop#pai N Ade Pl/shop#pai N Ade Sg/shoppailla V Inf1 Lat/shoppailla V Prs Pass ConNeg shoppailla
==tukeutua/tuke#utu N Par Sg/tukeutua V Inf1 Lat tukeutua
==taide/tai#de N Prop/taide N Nom Sg taide
==kokkare/kokka#re N/kokkare N Nom Sg kokkare
==vankila/vanki#la N/vankila N Nom Sg vankila
==sekoilla/sek#oka N Ade Pl/sekka N Ade Pl/seko N Ade Pl/sekoilla V Inf1 Lat/sekoilla V Prs Pass ConNeg sekoilla
==tauti/tau#ti N/tauti N Nom Sg tauti
==ilmaisin/ilma#isi N Gen Sg/ilma#isä N Ins Pl/ilmainen A Pos Ins Pl/ilmainen A Superl Nom Sg/ilmaisin N Nom Sg/ilmaista V Pst Act Sg1/ilmata V Cond Act Sg1 ilmaisin
==hippula/hippu#la N/hippula N Nom Sg hippula
==vankila/vanki#la N/vankila N Nom Sg vankila
==kattila/katti#la N/kattila N Nom Sg kattila
==haulikko/hauli#kko N Abbr Nom Sg/haulikko N Nom Sg haulikko
==likimäärin/liki#määrä N Ins Pl/likimäärin Adv likimäärin
==hallitusti/hallitus#ti N/hallitusti Adv hallitusti
==muusikko/muusi#kko N Abbr Nom Sg/muusikko N Nom Sg muusikko
==kamala/kama#la N/kamala A Pos Nom Sg kamala
==kavala/kava#la N/kavala A Pos Nom Sg kavala
==vankila/vanki#la N/vankila N Nom Sg vankila
==funktionalismi/funktio#alinen#mi N/funktionalismi N Nom Sg funktionalismi
==kymmenesti/kymmenes#ti N/kymmenesti Adv kymmenesti
==lupsakasti/lupsakas#ti N/lupsakasti Adv lupsakasti
==pahasti/pahanen#ti N/pahasti Adv pahasti
==peevelisti/pee#velinen#ti N/peevelisti Adv peevelisti
==pöllösti/pöllönen#ti N/pöllöset#ti N/pöllösti Adv pöllösti
==pahasti/pahanen#ti N/pahasti Adv pahasti
==suola/suo#la N/suola N Nom Sg suola
==pyynti/pyy#ti N/pyynti N Nom Sg pyynti
==sutjakasti/sutjakas#ti N/sutjakasti Adv sutjakasti
==luoti/luo#ti N/luoti N Nom Sg luoti
==toinen/toinen N Nom Sg/toinen Num Ord Nom Sg/toinen Ord#/toinen Pron Nom Sg toinen
==parhaillaan/par#hai N Ade Pl Px3/par#hai N Ade Sg Px3/paras A Pos Ade Pl Px3/parhaillaan Adv parhaillaan
==suomustaa/suo#musta A Pos Par Sg/suo#musta N Par Sg/suomustaa V Inf1 Lat/suomustaa V Prs Act Sg3 suomustaa
==levoton/lev#oto N Gen Sg/lev#otto N Gen Sg/levoton A Pos Nom Sg levoton
==paikoilleen/pai#koi N All Pl Px3/pai#koi N All Sg Px3/pai#koka N All Pl Px3/paikka N All Pl Px3/paikko N All Pl Px3/paikoilleen Adv paikoilleen
==parila/pari#la N/parila N Nom Sg parila
==parila/pari#la N/parila N Nom Sg parila
==nuoriso/nuori#so N/nuoriso N Nom Sg nuoriso
==nuoriso/nuori#so N/nuoriso N Nom Sg nuoriso
==taide/tai#de N Prop/taide N Nom Sg taide
==karjala/karja#la N/karjala N Nom Sg karjala
==tiede/tie#de N Prop/tiede N Nom Sg tiede
==toisinaan/toinen N Ess Pl Px3/toinen Num Ord Ess Pl Px3/toinen Ord Ess Px3#/toinen Pron Ess Pl Px3/toisinaan Adv toisinaan
==vesikko/vesi#kko N Abbr Nom Sg/vesikko N Nom Sg vesikko
==kavala/kava#la N/kavala A Pos Nom Sg kavala
==toisin/toinen N Ins Pl/toinen Num Ord Ins Pl/toinen Ord Ins#/toinen Pron Ins Pl/toisin Adv/tuoda V Cond Act Sg1 toisin
==levällään/lev#ällä N Ill Sg/levä N Ade Sg Px3/levällään Adv levällään
==luoti/luo#ti N/luoti N Nom Sg luoti
==hupakko/hupa#kko N Abbr Nom Sg/hupakko N Nom Sg hupakko
==juottola/juotto#la N/juottola N Nom Sg juottola
==muusikko/muusi#kko N Abbr Nom Sg/muusikko N Nom Sg muusikko
==liittoutua/liitto#utu N Par Sg/liittoutua V Inf1 Lat liittoutua
==liittoutua/liitto#utu N Par Sg/liittoutua V Inf1 Lat liittoutua
==liittoutua/liitto#utu N Par Sg/liittoutua V Inf1 Lat liittoutua
==sekaisin/seka-#isi N Gen Sg/seka-#isä N Ins Pl/sekainen A Pos Ins Pl/sekainen A Superl Nom Sg/sekaisin Adv sekaisin
==sekautua/seka-#utu N Par Sg/sekautua V Inf1 Lat sekautua
==sekaisin/seka-#isi N Gen Sg/seka-#isä N Ins Pl/sekainen A Pos Ins Pl/sekainen A Superl Nom Sg/sekaisin Adv sekaisin
==sekaisin/seka-#isi N Gen Sg/seka-#isä N Ins Pl/sekainen A Pos Ins Pl/sekainen A Superl Nom Sg/sekaisin Adv sekaisin
==testi/tes#ti N/testi N Nom Sg testi
==valaisin/vala#isi N Gen Sg/vala#isä N Ins Pl/valaa V Cond Act Sg1/valaisin N Nom Sg/valaista V Pst Act Sg1 valaisin
==koiso/koi#so N/koiso N Nom Sg koiso
==suure/suu#re N/suure N Nom Sg suure
==kolikko/koli#kko N Abbr Nom Sg/kolikko N Nom Sg kolikko
==kolikko/koli#kko N Abbr Nom Sg/kolikko N Nom Sg kolikko
==monikko/moni-#kko N Abbr Nom Sg/monikko N Nom Sg monikko
==pariutua/pari#utu N Par Sg/pariutua V Inf1 Lat pariutua
==jumiutua/jumi#utu N Par Sg/jumiutua V Inf1 Lat jumiutua
==jumiutua/jumi#utu N Par Sg/jumiutua V Inf1 Lat jumiutua
==tinami/tina#mi N/tinami N Nom Sg tinami
==leikko/lei#kko N Abbr Nom Sg/leikko N Nom Sg leikko
==tarrautua/tarra#utu N Par Sg/tarrautua V Inf1 Lat tarrautua
==liimautua/liima#utu N Par Sg/liimautua V Inf1 Lat liimautua
==peräisin/-peräinen A Pos Ins Pl/-peräinen A Superl Nom Sg/perä#isi N Gen Sg/perä#isä N Ins Pl/peräisin Adp Po/peräisin Adp Pr/perätä V Cond Act Sg1 peräisin
==kotoisin/koto#isi N Gen Sg/koto#isä N Ins Pl/kotoinen A Pos Ins Pl/kotoinen A Superl Nom Sg/kotoisa A Pos Ins Pl/kotoisa A Superl Nom Sg/kotoisin Adv kotoisin
==alkuisin/-alkuinen A Pos Ins Pl/-alkuinen A Superl Nom Sg/alku#isi N Gen Sg/alku#isä N Ins Pl/alkuisin Adv alkuisin
==lähtöisin/-lähtöinen A Pos Ins Pl/-lähtöinen A Superl Nom Sg/lähtö#isi N Gen Sg/lähtö#isä N Ins Pl/lähtöinen A Pos Ins Pl/lähtöinen A Superl Nom Sg/lähtöisin Adp Po/lähtöisin Adp Pr lähtöisin
==suukko/suu#kko N Abbr Nom Sg/suukko A Pos Nom Sg suukko
==suure/suu#re N/suure N Nom Sg suure
==savikko/savi#kko N Abbr Nom Sg/savikko N Nom Sg savikko
==sahrami/sahra#mi N/sahrami N Nom Sg sahrami
==aikaisin/aika#isi N Gen Sg/aika#isä N Ins Pl/aikainen A Pos Ins Pl/aikainen A Superl Nom Sg/aikaisin Adv aikaisin
==perusta/per-#uksi N Par Sg/peru N Ela Sg/perus N Par Sg/perusta N Nom Sg/perustaa V Impv Act Sg2/perustaa V Prs Act ConNeg perusta
==suuntautua/suunta#utu N Par Sg/suuntautua V Inf1 Lat suuntautua
==koruommella/koru#ommel#la N/koruommella V Inf1 Lat/koruommella V Prs Pass ConNeg koruommella
==koruommella/koru#ommel#la N/koruommella V Inf1 Lat/koruommella V Prs Pass ConNeg koruommella
==buffetti/buffet#ti N/buffetti N Nom Sg buffetti
==suomi/suo#mi N/suomi N Nom Sg/suomia V Impv Act Sg2/suomia V Prs Act ConNeg/suomia V Pst Act Sg3 suomi
==suomi/suo#mi N/suomi N Nom Sg/suomia V Impv Act Sg2/suomia V Prs Act ConNeg/suomia V Pst Act Sg3 suomi
==matala/mata#la N/matala A Pos Nom Sg matala
==matala/mata#la N/matala A Pos Nom Sg matala
==karsiutua/karsi#utu N Par Sg/karsiutua V Inf1 Lat karsiutua
==sekoilla/sek#oka N Ade Pl/sekka N Ade Pl/seko N Ade Pl/sekoilla V Inf1 Lat/sekoilla V Prs Pass ConNeg sekoilla
==suure/suu#re N/suure N Nom Sg suure
==suola/suo#la N/suola N Nom Sg suola
==homofonia/homo#foni N Par Sg/homofoni N Par Sg/homofonia N Nom Sg homofonia
==kuikuilla/kui#kui N Ade Pl/kui#kui N Ade Sg/kui#kuu N Ade Pl/kuikuilla V Inf1 Lat/kuikuilla V Prs Pass ConNeg kuikuilla
==kuikuilla/kui#kui N Ade Pl/kui#kui N Ade Sg/kui#kuu N Ade Pl/kuikuilla V Inf1 Lat/kuikuilla V Prs Pass ConNeg kuikuilla
==myynti/myy#ti N/myynti N Nom Sg myynti
==myynti/myy#ti N/myynti N Nom Sg myynti
==myynti/myy#ti N/myynti N Nom Sg myynti
==toinen/toinen N Nom Sg/toinen Num Ord Nom Sg/toinen Ord#/toinen Pron Nom Sg toinen
==tauti/tau#ti N/tauti N Nom Sg tauti
==suure/suu#re N/suure N Nom Sg suure
==suure/suu#re N/suure N Nom Sg suure
==vaurioitua/vaurio#itu N Par Sg/vaurioitua V Inf1 Lat vaurioitua
==vaurioitua/vaurio#itu N Par Sg/vaurioitua V Inf1 Lat vaurioitua
==tukeutua/tuke#utu N Par Sg/tukeutua V Inf1 Lat tukeutua
==huolimaton/huoli#matto N Gen Sg/huolia NegPrc Pos Nom Sg/huolimaton A Pos Nom Sg huolimaton
==yksikseen/yksi Num Tra Pl Px3/yksi Tra Px3#/yksikseen Adv yksikseen
==yksinään/yksi Ess Px3#/yksi Num Ess Pl Px3/yksinään Adv yksinään
==yksin/yksi Ins#/yksi Num Ins Pl/yksin Adv yksin
==tauti/tau#ti N/tauti N Nom Sg tauti
==yksinään/yksi Ess Px3#/yksi Num Ess Pl Px3/yksinään Adv yksinään
==yksin/yksi Ins#/yksi Num Ins Pl/yksin Adv yksin
==toinen/toinen N Nom Sg/toinen Num Ord Nom Sg/toinen Ord#/toinen Pron Nom Sg toinen
==kuula/kuu#la N/kuula N Nom Sg kuula
==shoppailla/shop#pai N Ade Pl/shop#pai N Ade Sg/shoppailla V Inf1 Lat/shoppailla V Prs Pass ConNeg shoppailla
==suvaitsematon/suva#itse-#matto N Gen Sg/suvaita NegPrc Pos Nom Sg/suvaitsematon A Pos Nom Sg suvaitsematon
==voide/voi#de N Prop/voide N Nom Sg voide
==tylppysolukko/tylppysolu#kko N Abbr Nom Sg/tylppysolukko N Nom Sg tylppysolukko
==tylppysolukko/tylppysolu#kko N Abbr Nom Sg/tylppysolukko N Nom Sg tylppysolukko
==tiede/tie#de N Prop/tiede N Nom Sg tiede
==kokkare/kokka#re N/kokkare N Nom Sg kokkare
==kokkare/kokka#re N/kokkare N Nom Sg kokkare
==tiede/tie#de N Prop/tiede N Nom Sg tiede
==aikaisin/aika#isi N Gen Sg/aika#isä N Ins Pl/aikainen A Pos Ins Pl/aikainen A Superl Nom Sg/aikaisin Adv aikaisin
==katetri/kate#tri N Abbr Nom Sg/katetri N Nom Sg katetri
==suomi/suo#mi N/suomi N Nom Sg/suomia V Impv Act Sg2/suomia V Prs Act ConNeg/suomia V Pst Act Sg3 suomi
==ilmaisin/ilma#isi N Gen Sg/ilma#isä N Ins Pl/ilmainen A Pos Ins Pl/ilmainen A Superl Nom Sg/ilmaisin N Nom Sg/ilmaista V Pst Act Sg1/ilmata V Cond Act Sg1 ilmaisin
==suojautua/suoja#utu N Par Sg/suojautua V Inf1 Lat suojautua
==hakeutua/hake#utu N Par Sg/hakeutua V Inf1 Lat hakeutua
==hakeutua/hake#utu N Par Sg/hakeutua V Inf1 Lat hakeutua
==hakeutua/hake#utu N Par Sg/hakeutua V Inf1 Lat hakeutua
==hakeutua/hake#utu N Par Sg/hakeutua V Inf1 Lat hakeutua
==takapajula/taka#paju#la N/taka-#paju#la N/takapajula N Nom Sg takapajula
==kertautua/kerta#utu N Par Sg/kertautua V Inf1 Lat kertautua
==taivaltaa/tai#valta N Par Sg/taivaltaa V Inf1 Lat/taivaltaa V Prs Act Sg3 taivaltaa
==taivaltaa/tai#valta N Par Sg/taivaltaa V Inf1 Lat/taivaltaa V Prs Act Sg3 taivaltaa
==hairahtua/hai#rahtu N Par Sg/hairahtua V Inf1 Lat hairahtua
==hairahtua/hai#rahtu N Par Sg/hairahtua V Inf1 Lat hairahtua
==taide/tai#de N Prop/taide N Nom Sg taide
==kuula/kuu#la N/kuula N Nom Sg kuula
==karjakko/karja#kko N Abbr Nom Sg/karjakko N Nom Sg karjakko
==toinen/toinen N Nom Sg/toinen Num Ord Nom Sg/toinen Ord#/toinen Pron Nom Sg toinen
==puuhailla/puu#hai N Ade Pl/puu#hai N Ade Sg/puuhailla V Inf1 Lat/puuhailla V Prs Pass ConNeg puuhailla
==suvaitsematon/suva#itse-#matto N Gen Sg/suvaita NegPrc Pos Nom Sg/suvaitsematon A Pos Nom Sg suvaitsematon
==levällään/lev#ällä N Ill Sg/levä N Ade Sg Px3/levällään Adv levällään
==tuhoutua/tuho#utu N Par Sg/tuhoutua V Inf1 Lat tuhoutua
==parhaillaan/par#hai N Ade Pl Px3/par#hai N Ade Sg Px3/paras A Pos Ade Pl Px3/parhaillaan Adv parhaillaan
==taide/tai#de N Prop/taide N Nom Sg taide
==bitti/bit#ti N/bitti N Nom Sg bitti
==maksimi/maksi#mi N/maksi-#mi N/maksimi N Nom Sg maksimi
==minimi/mini#mi N/mini-#mi N/minimi N Nom Sg minimi
==suure/suu#re N/suure N Nom Sg suure
==kuitenkaan/kui#tenka N Ill Sg/kuitenkaan Adv kuitenkaan
==vilukko/vilu#kko N Abbr Nom Sg/vilukko N Nom Sg vilukko
==tervakko/terva#kko N Abbr Nom Sg/tervakko N Nom Sg tervakko
==sahrami/sahra#mi N/sahrami N Nom Sg sahrami
==esikko/esi-#kko N Abbr Nom Sg/esikko N Nom Sg esikko
==orakko/ora#kko N Abbr Nom Sg/orakko N Nom Sg orakko
==palsami/palsa#mi N/palsami N Nom Sg palsami
==punakko/puna#kko N Abbr Nom Sg/puna-#kko N Abbr Nom Sg/punakko N Nom Sg punakko
==unikko/uni#kko N Abbr Nom Sg/unikko N Nom Sg unikko
==villakko/villa#kko N Abbr Nom Sg/villa-#kko N Abbr Nom Sg/villakko N Nom Sg villakko
==tervakko/terva#kko N Abbr Nom Sg/tervakko N Nom Sg tervakko
==orakko/ora#kko N Abbr Nom Sg/orakko N Nom Sg orakko
==palsami/palsa#mi N/palsami N Nom Sg palsami
==punakko/puna#kko N Abbr Nom Sg/puna-#kko N Abbr Nom Sg/punakko N Nom Sg punakko
==villakko/villa#kko N Abbr Nom Sg/villa-#kko N Abbr Nom Sg/villakko N Nom Sg villakko
==alati/ala#ti N/ala-#ti N/alati Adv alati
==mirhami/mirha#mi N/mirhami N Nom Sg mirhami
==koiso/koi#so N/koiso N Nom Sg koiso
==leireillä/lei#reki N Ade Pl/leireillä V Inf1 Lat/leireillä V Prs Pass ConNeg/leiri N Ade Pl leireillä
==kuitenkaan/kui#tenka N Ill Sg/kuitenkaan Adv kuitenkaan
==sijainti/sija#ti N/sijainti N Nom Sg sijainti
==kyyti/kyy#ti N/kyyti N Nom Sg/kyytiä V Pst Act Sg3 kyyti
==housusillaan/housu#silla N Ill Sg/housusillaan Adv/housut#silla N Ill Sg housusillaan
==kalsarisillaan/kalsari#silla N Ill Sg/kalsarisillaan Adv/kalsarit#silla N Ill Sg kalsarisillaan
==sukkasillaan/sukka#silla N Ill Sg/sukkasillaan Adv sukkasillaan
==uimasillaan/uima-#silla N Ill Sg/uimasillaan Adv uimasillaan
==sekoilla/sek#oka N Ade Pl/sekka N Ade Pl/seko N Ade Pl/sekoilla V Inf1 Lat/sekoilla V Prs Pass ConNeg sekoilla
==sekoilla/sek#oka N Ade Pl/sekka N Ade Pl/seko N Ade Pl/sekoilla V Inf1 Lat/sekoilla V Prs Pass ConNeg sekoilla
==katkaisin/katka#isi N Gen Sg/katka#isä N Ins Pl/katkaisin N Nom Sg/katkaista V Pst Act Sg1 katkaisin
==paisuksissa/pai#suksi N Ine Pl/paisuksissa Adv paisuksissa
==paisuksiin/pai#suksi N Ill Pl/paisuksiin Adv paisuksiin
==paisuksiin/pai#suksi N Ill Pl/paisuksiin Adv paisuksiin
==paikoillaan/pai#koi N Ade Pl Px3/pai#koi N Ade Sg Px3/pai#koka N Ade Pl Px3/paikka N Ade Pl Px3/paikko N Ade Pl Px3/paikoillaan Adv paikoillaan
==paikoilleen/pai#koi N All Pl Px3/pai#koi N All Sg Px3/pai#koka N All Pl Px3/paikka N All Pl Px3/paikko N All Pl Px3/paikoilleen Adv paikoilleen
==seisovillaan/sei#sopa N Ade Pl Px3/seisoa PrsPrc Act Pos Ade Pl Px3/seisova A Pos Ade Pl Px3/seisova N Ade Pl Px3/seisovilla Adv Px3/seisovillaan Adv seisovillaan
==seisovillaan/sei#sopa N Ade Pl Px3/seisoa PrsPrc Act Pos Ade Pl Px3/seisova A Pos Ade Pl Px3/seisova N Ade Pl Px3/seisovilla Adv Px3/seisovillaan Adv seisovillaan
==seisovillaan/sei#sopa N Ade Pl Px3/seisoa PrsPrc Act Pos Ade Pl Px3/seisova A Pos Ade Pl Px3/seisova N Ade Pl Px3/seisovilla Adv Px3/seisovillaan Adv seisovillaan
==seisovillaan/sei#sopa N Ade Pl Px3/seisoa PrsPrc Act Pos Ade Pl Px3/seisova A Pos Ade Pl Px3/seisova N Ade Pl Px3/seisovilla Adv Px3/seisovillaan Adv seisovillaan
==paisuksissa/pai#suksi N Ine Pl/paisuksissa Adv paisuksissa
==huolimaton/huoli#matto N Gen Sg/huolia NegPrc Pos Nom Sg/huolimaton A Pos Nom Sg huolimaton
==osapuilleen/osa#puu N All Pl Px3/osapuilleen Adv osapuilleen
==talikko/tali#kko N Abbr Nom Sg/talikko N Nom Sg talikko
==talikko/tali#kko N Abbr Nom Sg/talikko N Nom Sg talikko
==taivasalla/tai#vasa N Ade Sg/taivasalla Adv taivasalla
==vankila/vanki#la N/vankila N Nom Sg vankila
==kasautua/kasa#utu N Par Sg/kasautua V Inf1 Lat kasautua
==kasautua/kasa#utu N Par Sg/kasautua V Inf1 Lat kasautua
==kasautua/kasa#utu N Par Sg/kasautua V Inf1 Lat kasautua
==kasautua/kasa#utu N Par Sg/kasautua V Inf1 Lat kasautua
==valaisin/vala#isi N Gen Sg/vala#isä N Ins Pl/valaa V Cond Act Sg1/valaisin N Nom Sg/valaista V Pst Act Sg1 valaisin
==tiede/tie#de N Prop/tiede N Nom Sg tiede
==jumiutua/jumi#utu N Par Sg/jumiutua V Inf1 Lat jumiutua
==katetri/kate#tri N Abbr Nom Sg/katetri N Nom Sg katetri
==toisiotutkavastain/toisio-#tutka#vasta N Gen Pl/toisiotutkavastain N Nom Sg toisiotutkavastain
==vankila/vanki#la N/vankila N Nom Sg vankila
==nykyisin/nyky-#isi N Gen Sg/nyky-#isä N Ins Pl/nykyinen A Pos Ins Pl/nykyinen A Superl Nom Sg/nykyisin Adv nykyisin
==paisuksissa/pai#suksi N Ine Pl/paisuksissa Adv paisuksissa
==suomi/suo#mi N/suomi N Nom Sg/suomia V Impv Act Sg2/suomia V Prs Act ConNeg/suomia V Pst Act Sg3 suomi
==peräti/perä#ti N/peräti peräti
==peräti/perä#ti N/peräti peräti
==suure/suu#re N/suure N Nom Sg suure
==tukeutua/tuke#utu N Par Sg/tukeutua V Inf1 Lat tukeutua
==tarrautua/tarra#utu N Par Sg/tarrautua V Inf1 Lat tarrautua
==tukeutua/tuke#utu N Par Sg/tukeutua V Inf1 Lat tukeutua
==tiimoilta/tii#moa N Abl Pl/tiima N Abl Pl/tiimoilta Adp Po/tiimoilta Adp Pr tiimoilta
==murskautua/murska#utu N Par Sg/murskautua V Inf1 Lat murskautua
==hankautua/hanka#utu N Par Sg/hankautua V Inf1 Lat hankautua
==luokaton/luo#katto N Gen Sg/luokaton A Pos Nom Sg luokaton
==tupakointi/tupa#koi#ti N/tupakointi N Nom Sg tupakointi
==suomi/suo#mi N/suomi N Nom Sg/suomia V Impv Act Sg2/suomia V Prs Act ConNeg/suomia V Pst Act Sg3 suomi
==suomi/suo#mi N/suomi N Nom Sg/suomia V Impv Act Sg2/suomia V Prs Act ConNeg/suomia V Pst Act Sg3 suomi
==huolimaton/huoli#matto N Gen Sg/huolia NegPrc Pos Nom Sg/huolimaton A Pos Nom Sg huolimaton
==taide/tai#de N Prop/taide N Nom Sg taide
==vuode/vuo#de N Prop/vuode N Nom Sg vuode
==kutsumanimi/kutsu#mani#mi N/kutsumanimi N Nom Sg kutsumanimi
==keräytyä/kerä#yty N Par Sg/keräytyä V Inf1 Lat keräytyä
==varautua/vara#utu N Par Sg/vara-#utu N Par Sg/varautua V Inf1 Lat varautua
==tukeutua/tuke#utu N Par Sg/tukeutua V Inf1 Lat tukeutua
==tauti/tau#ti N/tauti N Nom Sg tauti
==pseudonyymi/pseudo-#nyy#mi N/pseudonyymi N Nom Sg pseudonyymi
==kavala/kava#la N/kavala A Pos Nom Sg kavala
==suure/suu#re N/suure N Nom Sg suure
==tiede/tie#de N Prop/tiede N Nom Sg tiede
==keittola/keitto#la N/keittola N Nom Sg keittola
==balsami/balsa#mi N/balsami N Nom Sg balsami
==voide/voi#de N Prop/voide N Nom Sg voide
==palsami/palsa#mi N/palsami N Nom Sg palsami
==varikko/vari#kko N Abbr Nom Sg/varikko N Nom Sg varikko
==muusikko/muusi#kko N Abbr Nom Sg/muusikko N Nom Sg muusikko
==valaisin/vala#isi N Gen Sg/vala#isä N Ins Pl/valaa V Cond Act Sg1/valaisin N Nom Sg/valaista V Pst Act Sg1 valaisin
==hupakko/hupa#kko N Abbr Nom Sg/hupakko N Nom Sg hupakko
==likimäärin/liki#määrä N Ins Pl/likimäärin Adv likimäärin
==likimain/liki#maa N Ins Pl/likimain Adv likimain
==jäämi/jää#mi N/jäämi N Nom Sg jäämi
==vapautua/vapa#utu N Par Sg/vapautua V Inf1 Lat vapautua
==karjala/karja#la N/karjala N Nom Sg karjala
==keittola/keitto#la N/keittola N Nom Sg keittola
==porttola/portto#la N/porttola N Nom Sg porttola
==porttola/portto#la N/porttola N Nom Sg porttola
==neuvola/neuvo#la N/neuvola N Nom Sg neuvola
==diakonissa/dia#koni N Ine Sg/diakoni N Ine Sg/diakonissa N Nom Sg diakonissa
==diakonia/dia#koni N Par Sg/diakoni N Par Sg/diakonia N Nom Sg diakonia
==haukkumanimi/haukku#mani#mi N/haukkumanimi N Nom Sg haukkumanimi
==homonyymi/homo#nyy#mi N/homonyymi N Nom Sg homonyymi
==homofonia/homo#foni N Par Sg/homofoni N Par Sg/homofonia N Nom Sg homofonia
==perusta/per-#uksi N Par Sg/peru N Ela Sg/perus N Par Sg/perusta N Nom Sg/perustaa V Impv Act Sg2/perustaa V Prs Act ConNeg perusta
==perusta/per-#uksi N Par Sg/peru N Ela Sg/perus N Par Sg/perusta N Nom Sg/perustaa V Impv Act Sg2/perustaa V Prs Act ConNeg perusta
==huolimaton/huoli#matto N Gen Sg/huolia NegPrc Pos Nom Sg/huolimaton A Pos Nom Sg huolimaton
==taide/tai#de N Prop/taide N Nom Sg taide
==tieteillä/tie#tee N Ade Pl/tie#tie N Ade Pl/tiede N Ade Pl/tieteillä V Inf1 Lat/tieteillä V Prs Pass ConNeg tieteillä
==tiede/tie#de N Prop/tiede N Nom Sg tiede
==yhtenään/yhtenään Adv/yksi Ess Px3#/yksi Num Ess Sg Px3 yhtenään
==yhdessä/yhdessä Adv/yksi Ine#/yksi Num Ine Sg yhdessä
==yksin/yksi Ins#/yksi Num Ins Pl/yksin Adv yksin
==sijainti/sija#ti N/sijainti N Nom Sg sijainti
==loppumaton/loppu#matto N Gen Sg/loppua NegPrc Pos Nom Sg/loppumaton A Pos Nom Sg loppumaton
==suude/suu#de N Prop/suude N Nom Sg suude
==kuula/kuu#la N/kuula N Nom Sg kuula
==kuula/kuu#la N/kuula N Nom Sg kuula
==savakko/sava#kko N Abbr Nom Sg/savakko A Pos Nom Sg savakko
==monarkia/mon#arki N Par Pl/monarkia N Nom Sg monarkia
==hankala/hanka#la N/hankala A Pos Nom Sg hankala
==juustola/juusto#la N/juustola N Nom Sg juustola
==perusta/per-#uksi N Par Sg/peru N Ela Sg/perus N Par Sg/perusta N Nom Sg/perustaa V Impv Act Sg2/perustaa V Prs Act ConNeg perusta
==suola/suo#la N/suola N Nom Sg suola
==ommella/ommel#la N/ommella V Inf1 Lat/ommella V Prs Pass ConNeg ommella
==siirtola/siirto#la N/siirtola N Nom Sg siirtola
==talikko/tali#kko N Abbr Nom Sg/talikko N Nom Sg talikko
==kanala/kana#la N/kanala N Nom Sg kanala
==ansaitsematon/ansa#itse-#matto N Gen Sg/ansaita NegPrc Pos Nom Sg/ansaitsematon A Pos Nom Sg ansaitsematon
==matala/mata#la N/matala A Pos Nom Sg matala
==matala/mata#la N/matala A Pos Nom Sg matala
==matala/mata#la N/matala A Pos Nom Sg matala
==perso/per-#so N/perso A Pos Nom Sg perso
==kahdestaan/kahdestaan Adv/kaksi Ela Px3#/kaksi Num Ela Sg Px3 kahdestaan
==kaksin/kaksi Ins#/kaksi Num Ins Pl/kaksin Adv kaksin
==kaksistaan/kaksi Ela Px3#/kaksi Num Ela Pl Px3/kaksinen A Pos Par Sg Px3/kaksistaan Adv kaksistaan
==ansioitua/ansio#itu N Par Sg/ansioitua V Inf1 Lat ansioitua
==paikoin/pai#koi N Gen Sg/pai#koi N Ins Pl/pai#koka N Ins Pl/paikka N Ins Pl/paikko N Ins Pl/paikoin Adv paikoin
==paikoin/pai#koi N Gen Sg/pai#koi N Ins Pl/pai#koka N Ins Pl/paikka N Ins Pl/paikko N Ins Pl/paikoin Adv paikoin
==paikoin/pai#koi N Gen Sg/pai#koi N Ins Pl/pai#koka N Ins Pl/paikka N Ins Pl/paikko N Ins Pl/paikoin Adv paikoin
==marketti/market#ti N/marketti N Nom Sg marketti
==puoliso/puoli#so N/puoliso N Nom Sg puoliso
==aamuisin/aamu#isi N Gen Sg/aamu#isä N Ins Pl/aamuinen A Pos Ins Pl/aamuinen A Superl Nom Sg/aamuisin Adv aamuisin
==iltaisin/ilta#isi N Gen Sg/ilta#isä N Ins Pl/iltainen A Pos Ins Pl/iltainen A Superl Nom Sg/iltaisin Adv iltaisin
