aakkosellinen
aalloittainen
aallokas
-
aamuinen
aamullinen
aasialainen
aasimainen
aatelinen
aateliton
aatteellinen
-
aava
aavemainen
aavistamaton
abnormi
absoluuttinen
abstrakti
abstraktinen
absurdi
adekvaatti
adjektiivinen
adverbiaalinen
adverbinen
adversatiivinen
aerobinen
aerobiologinen
aerodynaaminen
afaattinen
affektiivinen
affektinen
aforistinen
afrikkalainen
aggressiivinen
agitatorinen
agnostinen
agraarinen
ahdas
ahdelauha
ahdistunut
ahkera
ahmatti
ahnas
ahne
aiempi
aiheellinen
aiheeton
-
aikaansaapa
aikaansaava
aikainen
aikalainen
aikamoinen
aikuinen
ainainen
aineellinen
aineeton
-
-
aino
ainoa
ainokainen
ainut
aistikas
aistillinen
-
aito
aitotumallinen
aituri
ajallinen
ajanvietteellinen
ajaton
ajattelematon
ajatuksekas
ajatuksellinen
ajatukseton
-
ajoittainen
akallinen
akateeminen
akkamainen
-
aksiaalinen
aksiomaattinen
aktiivi
aktiivinen
aktuaalinen
aktuelli
akustinen
akuutti
akuuttinen
alainen
alakkainen
alakulo
alakuloinen
alamainen
alaslaskettava
alaston
alava
albanialainen
albiino
aleksityyminen
alempi
aleneva
alentava
alentuva
alentuvainen
algebrallinen
alhainen
alijäämäinen
alimmainen
alin
alinen
alinomainen
aliohjautuva
alipalkattu
aliravittu
alisteinen
alistuva
alistuvainen
alituinen
alkalinen
alkeellinen
alkiolainen
alkoholiton
-
alla mainittu
allegorinen
allekirjoittanut
allekkainen
allergeeninen
allerginen
aloittainen
aloittamaton
aloitteellinen
aloitteikas
-
alokasmainen
alpakkainen
alpakkainen
alpiininen
altis
altruistinen
alueellinen
-
alueittainen
alumiininen
alussa mainittu
alustalainen
alustava
ambiofoninen
ambivalentti
ambivalenttinen
amerikkalainen
ammateittainen
ammatillinen
ammattilainen
ammattimainen
ammoinen
amorfinen
anaalinen
anabolinen
anaerobinen
anakoluutti
anakoluuttinen
anakronistinen
analgeettinen
analoginen
analyyttinen
anamnestinen
anarkistinen
anatominen
androgeeninen
androgyyninen
androloginen
aneeminen
anestesiologinen
anglikaaninen
anglosaksinen
animaalinen
animistinen
ankara
ankea
-
anomaalinen
anonyymi
ansaitsematon
ansiokas
ansioton
antagonistinen
antarktinen
antaumuksellinen
anteeksiannettava
anteeksiantamaton
anteeksiantava
antelias
antibioottinen
antiikkinen
antikvaarinen
antisemiittinen
antiseptinen
antoisa
antropologinen
apaattinen
apea
apokalyptinen
apokryfinen
apologeettinen
apostolinen
apriorinen
apulainen
arabialainen
aristokraattinen
aritmeettinen
arjalainen
arka
arkaainen
arkaistinen
arkeologinen
arkinen
arkkitehtoninen
arktinen
armahainen
armahtava
armahtavainen
armainen
armas
armelias
armias
armoinen
armoitettu
armollinen
armoton
aromaattinen
aromikas
-
arpinen
arteesinen
artistinen
arvaamaton
arveleva
arvelevainen
arveluttava
arvoinen
arvoisa
arvoituksellinen
arvokas
arvollinen
arvomerkintäinen
arvosteleva
arvoton
aseellinen
aseeton
-
asenteellinen
-
-
aseptinen
asfalttinen
asiallinen
asiantunteva
asiaton
askeettinen
-
askelittainen
asosiaalinen
assosiatiivinen
assyrialainen
-
asteeninen
-
asteikollinen
-
asteittainen
asteriski
astmaattinen
astmainen
astraalinen
astrologinen
astronominen
-
asumaton
asunnoton
asvalttinen
asymmetrinen
atavistinen
ateistinen
atlanttinen
atleettinen
atomaarinen
atomistinen
atonaalinen
atooppinen
attraktiivinen
auditiivinen
aukea
aukinainen
aukkoinen
aukoton
auktoritaarinen
auktoritatiivinen
aulis
auringoton
aurinkoinen
australialainen
autenttinen
autereinen
autio
autistinen
autokefaalinen
automaattinen
autonominen
autoritaarinen
autoritäärinen
auttamaton
auttava
auttavainen
autuaallinen
autuas
auvoinen
auvoisa
avantgardistinen
avara
avaruudellinen
-
aviollinen
avioton
avoin
avonainen
avulias
-
avuton
azerbaidžanilainen
babylonialainen
bakteeriton
bakteriologinen
ballistinen
balttilainen
banaali
barbaarimainen
barbaarinen
baskilainen
batistinen
beesi
behavioristinen
beige
benigni
bernhardilainen
betoninen
bibliografinen
bigaaminen
bilateraalinen
binaarinen
binäärinen
biodynaaminen
biogeeninen
biografinen
biologinen
biometrinen
bisarri
blondi
boheemi
bolsevistinen
bolševistinen
bosniahertsegovinalainen
botaaninen
brahmalainen
brežneviläinen
brittiläinen
brutaali
buddhalainen
bulgarialainen
byrokraattinen
bysanttilainen
charmantti
charmikas
dadaistinen
darvinistinen
debiili
deduktiivinen
defekti
defensiivinen
definiittinen
definitiivinen
deistinen
dekadentti
dekoratiivinen
demagoginen
dementti
deminutiivinen
demografinen
demokraattinen
demoninen
demonstratiivinen
depressiivinen
dermatologinen
desimaalinen
deskriptiivinen
despoottinen
deterministinen
diagnostinen
diakoninen
dialektinen
diastolinen
diatoninen
didaktinen
diffuusi
digitaalinen
diktatorinen
diminutiivinen
diploidi
diploidinen
diplomaattinen
disjunktiivinen
diureettinen
divari
dogmaattinen
doku
dokumentaarinen
dominantti
doorilainen
dorka
draamallinen
dramaattinen
drastinen
dualistinen
dynaaminen
edellinen
edellä esitetty
edellä mainittu
edestakainen
edistyksellinen
edukas
edullinen
edustava
edusteinen
edustuksellinen
eeppinen
eestiläinen
eettinen
efektiivinen
egoistinen
egosentrinen
egyptiläinen
egyptologinen
ehdollinen
ehdoton
eheä
ehjä
ehompi
ehta
-
ehtoisa
ehtolainen
ehtoollinen
ehtymätön
ehyt
eideettinen
eilinen
eittämätön
eka
ekologinen
ekonometrinen
ekonominen
eksakti
eksentrinen
ekshibitionistinen
eksistentiaalinen
eksistentialistinen
eksklusiivinen
eksogeeninen
eksoottinen
ekspansiivinen
eksperimentaalinen
eksplisiittinen
eksponentiaalinen
ekspressiivinen
ekspressionistinen
ekstaattinen
ekumeeninen
ekvivalentti
ekvivalenttinen
elastinen
eleetön
elegantti
eleginen
-
elektrolyyttinen
elektroninen
elementaarinen
elimellinen
elitistinen
elliptinen
eloisa
elollinen
eloton
eläimellinen
elämyksekäs
elämyksellinen
elämänkatsomuksellinen
elävä
embryologinen
emotionaalinen
empaattinen
empiirinen
empiristinen
emäksinen
endeeminen
endogeeninen
endokriininen
endokrinologinen
-
enemmistöläinen
enempi
enenevä
-
energinen
englantilainen
enin
ennakkoluuloton
ennakoimaton
ennalta ehkäisevä
ennusteellinen
ennätyksellinen
ennätysmäinen
ensikertalainen
ensin mainittu
enteellinen
-
entinen
entisenlainen
entisensä
entusiastinen
epideeminen
epidemiologinen
epikurolainen
epileptinen
episkopaalinen
epäilevä
epäileväinen
epäiltävä
epäilyttävä
epäkelpo
epäsopuinen
epätoivoinen
epäurheilijamainen
epävakainen
epäämätön
erehtymätön
erehtyväinen
ergonominen
erheellinen
erikoinen
erilainen
erillinen
erinomainen
erinäinen
eriperintäinen
eripurainen
eriseurainen
eriskummainen
eristeinen
erityinen
erityiskorvattava
eriävä
erogeeninen
eroottinen
erottamaton
eruptiivinen
eräänlainen
esineellinen
esityksellinen
esitäytetty
eskapistinen
eskatologinen
esoteerinen
espanjalainen
essentiaalinen
esteellinen
esteettinen
esteetön
-
estoinen
estoton
eteenpäinen
eteerinen
eteinen
eteläinen
etelävaltalainen
etevä
etinen
etiologinen
etninen
etnografinen
etnologinen
etsivä
etukenoinen
etumainen
etummainen
etuoikeuksinen
etymologinen
etäinen
eufemistinen
euforinen
euklidinen
euraasialainen
euroatlanttinen
eurooppalainen
europidinen
evankelinen
evidentti
faktinen
fakultatiivinen
fallinen
falski
fanaattinen
fantastinen
farisealainen
farmakologinen
farmarikankainen
fasistinen
fataali
fataalinen
fatalistinen
federalistinen
federatiivinen
feminiininen
feministinen
fennistinen
fenomenaalinen
feodaalinen
fertiili
fetisistinen
figuratiivinen
fiini
fiksu
fiktiivinen
filantrooppinen
filateelinen
filharmoninen
filistealainen
filmaattinen
filologinen
filosofinen
finaalinen
fingerporillinen
finiittinen
finninen
flaamilainen
flanellinen
flegmaattinen
flunssainen
foinikialainen
foneettinen
foniatrinen
fonologinen
formaalinen
formalistinen
formatiivinen
-
fossiilinen
fragmentaarinen
fraseologinen
-
frekventti
freudilainen
frigidi
friisiläinen
frontaalinen
froteinen
fundamentaalinen
fundamentalistinen
funktionaalinen
funktionalistinen
futuristinen
futurologinen
fysiatrinen
fysikaalinen
fysiologinen
fyysinen
gallialainen
galvaaninen
gastronominen
gaullelainen
gaullistinen
gay
geenimuokattu
gemmologinen
geneettinen
genitaalinen
geodeettinen
geologinen
geometrinen
geosentrinen
geriatrinen
germaaninen
gerontologinen
giganttinen
glasiaalinen
globaali
globaalinen
gluteeniton
gnostilainen
gnostisistinen
goottilainen
graafinen
grafologinen
grammaattinen
graniittinen
gravidi
gregoriaaninen
groteski
gynekologinen
haalea
haamilainen
haapainen
haarainen
haarakas
haarakkeinen
haastateltava
haastava
haasteellinen
haavainen
haaveellinen
haavoittuva
haennainen
hahmoinen
hahmotteinen
haikea
hailakka
hailea
hairahtuvainen
haitallinen
-
hajallinen
hajanainen
hajuinen
hajuton
-
haljakka
halju
halkinainen
-
halkoinen
hallainen
hallava
hallinnollinen
hallitseva
hallittu
hallusinatorinen
halpa
halpamainen
haluinen
halukas
halullinen
haluton
haluttava
haluttu
halvattu
-
-
-
hampaallinen
hampaaton
-
hanakka
-
-
hankala
hankinnainen
hapan
hapanimelä
hapattamaton
hapekas
hapera
hapero
haploidi
haploidinen
hapokas
happamaton
happoinen
-
hapsullinen
harhaanvievä
harhainen
harjaantumaton
-
-
harjanteinen
harjava
harkitsematon
harkitseva
harkitsevainen
harkittu
harmaa
harmaahapsinen
harmahtava
harmillinen
harmiton
harmoninen
harras
harrastelijamainen
harsu
harteikas
-
harteva
-
hartiakas
harva
harventamaton
harvinainen
harvuinen
hassahtava
hassu
hassunkurinen
hatara
haukattava
hauras
haureellinen
hauska
havainnollinen
hedelmäinen
hedelmällinen
hedelmätön
hedoninen
hedonistinen
hehkeä
heijasteinen
heikko
heikkovaloinen
heikäläinen
-
heimolainen
heinikkoinen
heinäinen
heittiö
-
heiveröinen
heksagoninen
hektinen
hekumallinen
-
helakka
heleä
heliosentrinen
heliotrooppinen
helkkarinmoinen
helle
helleeninen
hellenistinen
hellittämätön
helluntailainen
hellä
-
helo
helppo
helteinen
heltymätön
helvetillinen
helvetinmoinen
hemaiseva
hemmetinmoinen
hempeä
hengellinen
hengetön
henkevä
henkeäsalpaava
henkinen
hento
hentoinen
heppoinen
heprealainen
heraldinen
hereä
herja
herkeämätön
herkkä
herkkäilmeinen
herkullinen
hermafrodiittinen
hermeettinen
hermeneuttinen
-
hermostollinen
hermostunut
hermoton
herooinen
herranen
herraskainen
herrnhutilainen
herttainen
herttamainen
hervoton
herännyt
-
heterogeeninen
heterotsygoottinen
hetkellinen
hetkinen
-
hetkittäinen
hetteinen
hidas
hidasteinen
hiekkahentunen
hiekkainen
hieno
hienoinen
hienostunut
hierarkkinen
hietainen
hietikkoinen
-
hihallinen
hihaton
-
hiipivä
hiirakko
hiiskumaton
hiivatinmoinen
hikevä
hikinen
hiljainen
hillitty
hillitön
hilpeä
hilseinen
himmeä
-
himokas
hindulainen
hinnakas
hintainen
hintava
hintelä
hiomaton
-
hirmuinen
hirsinen
hirtehinen
hirttämätön
hirveä
hirvittävä
histologinen
historiallinen
hitonmoinen
hittolainen
-
hiutaleinen
hohdokas
hohkainen
hohteinen
hohtoinen
hoidollinen
hoikka
-
hoksaavainen
holistinen
hollantilainen
holtiton
-
homeerinen
homeinen
homeopaattinen
homeostaattinen
homofiilinen
homogeeninen
homotsygoottinen
homssuinen
honkainen
honkkeli
hontelo
hoopo
hopeahapsinen
hopeainen
hopeinen
horisontaali
horisontaalinen
horjumaton
horjuva
horjuvainen
hormonaalinen
horteinen
houkka
houkkamainen
houreinen
-
huikea
huikenteleva
huikentelevainen
huilumainen
huima
huimaava
-
huiskea
huithapeli
hulivili
hullu
hullunkurinen
hulppea
hulttio
hulttiomainen
hulvaton
humaani
humaaninen
humalainen
humanistinen
humanitaarinen
humanitäärinen
humoristinen
humu
hunajainen
huokea
huokoinen
huolehtivainen
huolekas
huolellinen
huoleton
huolimaton
huolimatta
huomaamaton
huomaavainen
huomattava
huominen
-
huono
huopainen
huorahtava
hupa
hupainen
hupaisa
hupsu
hupullinen
hurja
hurmaava
hurmeinen
hurskas
hurtti
hutera
-
huurteinen
huuruinen
huutava
huutolainen
huvittava
hydraulinen
hydrologinen
hygieeninen
hyhmäinen
hyinen
hyllyllinen
hyperbolinen
hypnoottinen
hypotaktinen
hypoteettinen
hyppäyksellinen
hyppäyksittäinen
hyrskyinen
hysteerinen
hyveellinen
hyvinvoipa
hyvinvoiva
hyvä
hyväksyttävä
hyvänsuopa
hyvänsä
hyvää tarkoittava
hyödykäs
hyödyllinen
hyödytön
hyökkäyksellinen
hyökkäävä
hyötyisä
häijy
häikäilemätön
häilyvä
häilyväinen
häiriintynyt
-
häjy
hälyttävä
hämillinen
hämyinen
hämäläinen
hämärä
hämäräsokea
hänenlaisensa
hännällinen
-
häpeällinen
häpeämätön
härmäinen
härmäläinen
härski
hätäinen
häveliäs
häviämätön
hävytön
häälyvä
häälyväinen
hääppöinen
häävi
höhlä
höllä
hölmö
hölö
hömppä
höntti
höperö
höppänä
höpsähtänyt
höpsähtävä
höpsö
höveli
höyheninen
höyli
höynä
höyryinen
höytyinen
iankaikkinen
ideaalinen
idealistinen
idempi
identtinen
ideologinen
idioottimainen
idyllinen
ihailtava
ihana
ihanteellinen
ihastuttava
ihmeellinen
ihmeteltävä
ihmismäinen
ihmisparka
-
iiriläinen
iisi
iki-ihastunut
ikinen
-
ikkunallinen
ikoninen
ikuinen
ikäinen
ikävystynyt
ikävystyttävä
ikävä
iljankoinen
iljanteinen
iljettävä
ilkeä
ilkikurinen
-
illallinen
illusorinen
ilmainen
ilmaisullinen
-
ilmastollinen
ilmaton
ilmava
ilmeetön
ilmeikäs
ilmeinen
ilmeinen
ilmetty
ilmiömäinen
iloinen
iloton
iltainen
imaginaarinen
imbesilli
imelä
imettäväinen
imeväinen
immateriaalinen
immunologinen
immuuni
imperialistinen
impivaaralainen
implisiittinen
impotentti
impressionistinen
improvisatorinen
impulsiivinen
indefiniittinen
indifferentti
individuaalinen
individualistinen
indoiranilainen
induktiivinen
industrialistinen
inertti
infantiili
infernaalinen
infertiili
inflatorinen
informalistinen
informatiivinen
inhibitorinen
inhimillinen
inhottava
inkeriläinen
innokas
innostunut
innoton
innovatiivinen
institutionaalinen
instrumentaalinen
intellektuaalinen
intellektualistinen
intellektuelli
intelligentti
intensiivinen
intermittoiva
interrogatiivinen
intertekstuaalinen
intialainen
intiimi
intohimoinen
intohimoton
-
intransitiivinen
intresantti
introvertti
intuitiivinen
invariantti
irlantilainen
ironinen
irrallinen
irrationaalinen
irreaalinen
irrelevantti
irstainen
irstas
irtain
irtolainen
irtonainen
irvokas
iskevä
iskullinen
islamilainen
islamistinen
islantilainen
iso
iso
isoinen
isometrinen
israelilainen
istukallinen
isällinen
isännätön
isätön
italialainen
itara
itkettynyt
itkuinen
itsejäljentävä
itsekannattava
itsekantava
itsekiillottuva
itsekiinnittyvä
itsekäs
itseliimautuva
itsellinen
itseneuvova
itsenäinen
itseohjaava
itseohjautuva
itseriittoinen
itsesiliävä
itsesäätyvä
itsetuhoinen
itsevalaiseva
itsevoiteleva
itäinen
itävaltalainen
ivallinen
iäinen
iäkäs
iätön
jaettava
jakamaton
-
-
jaksoittainen
jaksollinen
jalallinen
-
jalkava
jalo
janoinen
jaokkeeton
jaokkeinen
jaollinen
jaoton
japanilainen
jatkuva
jatkuvajuoninen
jauhemainen
jauhoinen
jauhomainen
jenkkiläinen
jermu
jesuiittamainen
johdannainen
johtava
johteinen
-
joltinen
joltinenkin
jommoinen
jommoinenkin
jonkalainen
jonkinlainen
jonkinmoinen
jonkunlainen
jonkunmoinen
joonialainen
jouhea
-
jouluinen
journalistinen
joustamaton
joustava
joustokankainen
joutava
joutilas
joutuisa
joviaali
jugoslavialainen
juhlallinen
juhlava
juhlavalaistu
juliaaninen
julkaisematon
julkea
julkinen
julma
julmettu
jumalaapelkäävä
jumalainen
jumalallinen
jumalanluoma
jumalaton
jumalinen
juohea
juoheva
juokseva
-
juomuinen
juonellinen
juonikas
juonteikas
juoppo
juopunut
juotava
juovainen
juovikas
juridinen
juro
juurakkoinen
juurekas
juureton
juureva
-
juutalainen
jyhkeä
jykevä
jylhä
jymy
jyrkkä
jyväinen
jähmeä
jäinen
jäkäläinen
jäljetön
jäljittelemätön
jälkeenjäänyt
jälkeinen
jälkijättöinen
jälkimmäinen
jämerä
jämpti
jämtti
jämäkkä
jännitteetön
jännitteinen
jännittävä
jännä
jänskä
jänteikäs
jänteinen
jäntevä
jäntterä
järeä
järjellinen
järjestelmällinen
järjestymätön
järjestöllinen
järjetön
järkevä
-
järkky
järkkymätön
järkyttävä
järkähtämätön
-
-
jättiläismäinen
jättimäinen
jäyhä
jäykkä
-
jäähyväiset
jäännöksetön
jäätikköinen
jäätävä
jäävahvistettu
jäävi
jäävitön
jörö
kaakkoinen
kaamea
kaaoksellinen
kaaosmainen
kaareva
-
kaarteinen
kaartilainen
kaasumainen
-
kaavamainen
kade
kahdenistuttava
kahdenlainen
kahdenmaattava
kaheli
kahjo
kahlehtimaton
kahlitsematon
kahtalainen
kaiho
kaihoisa
kaikenlainen
kaikenmoinen
kaikkinainen
kaikkinielevä
-
kaikuisa
kaikuva
kainaloinen
kaino
kainostelematon
kainulainen
kainuulainen
kaislikkoinen
-
kaita
kaita
kaitainen
kaiuton
kajuutallinen
kakaramainen
kakkainen
kakofoninen
kaksikotinen
kaksikäsitteinen
kaksilappeinen
kaksilevyinen
kaksiminuuttinen
kaksinainen
kaksinen
kalainen
kalaisa
kalendaarinen
kalevalainen
-
-
kalju
kallioinen
kallis
kallistuvakorinen
-
kallollinen
-
kaloriton
kalpea
kalsa
kalsea
kaltainen
kalteva
kalustamaton
kalvakka
kalvas
kalvinilainen
kalvinistinen
kamala
-
kambrinen
kameraalinen
-
kammottava
kanadalainen
kanalja
kanamainen
kankainen
kankainen
kankea
kannakselainen
kannallinen
kannattamaton
kannattava
kannellinen
kannibaalinen
kannokkoinen
kanoninen
kansalainen
kansalaisuudeton
kansallinen
kanserogeeninen
-
-
kantamaton
-
kantoinen
kantoinen
kaoottinen
kapallinen
kapea
kapeikkoinen
kapillaarinen
kapinallinen
kapinen
kapitalistinen
kapoinen
kappalainen
kappaleittainen
-
karakteristinen
kardaaninen
kardiologinen
karhea
karhumainen
karikkoinen
karinen
karioottinen
karismaattinen
karjalainen
karjaton
karkaisematon
karkea
karmaiseva
karmea
karmiva
karoliininen
karolinginen
karsas
karsea
karsinogeeninen
karski
karstainen
karsti
kartografinen
karttuisa
karu
karvainen
-
karvallinen
karvas
kasteinen
kasuistinen
kasvannainen
kasvatuksellinen
-
kasvoton
-
kasvullinen
katajainen
katala
katalyyttinen
katastrofaalinen
kateellinen
kategorinen
katkeamaton
katkelmallinen
katkera
katkonainen
katkuinen
katoamaton
katoava
katoavainen
katoksellinen
katolilainen
katolinen
katollinen
katsastamaton
-
katteeton
katteinen
kattilallinen
-
katuvainen
katveinen
kauaskantava
kauaskantoinen
kauhea
kauimmainen
kaukainen
kaukasialainen
kaukokantoinen
kauko-ohjattu
-
-
kaunainen
kauneudellinen
kaunis
kaunistelematon
kaunoinen
kaunokainen
kaupaksi käymätön
kaupallinen
kaupunkilainen
kaupunkimainen
kausaalinen
kausittainen
kaustinen
-
kauttaaltainen
kavala
kehittymätön
kehittynyt
kehittävä
kehno
kehollinen
kehuttava
kehyksellinen
kehyksetön
-
-
keihäsmäinen
keinollinen
keisarillinen
kekseliäs
kelirikkoinen
kelju
keljumainen
kellahtava
kellertävä
kellervä
kellomainen
kelmeä
kelmi
kelpo
kelpoinen
keltainen
kelttiläinen
kelvokas
kelvollinen
kelvoton
kemiallinen
kemigrafinen
kenkku
kenkkumainen
-
kennomainen
kenotsooinen
kentällinen
kepeä
kepulainen
kepuli
keraaminen
kerettiläinen
kerholainen
kerkeä
kermainen
kerrallinen
kerrannainen
kerroksellinen
kerroksinen
kerroksittainen
kerronnallinen
kerrosteinen
kerrotunlainen
-
kertakaikkinen
kesakkoinen
keskeinen
keskeneräinen
keskeytyksetön
keskeytymätön
keskimmäinen
keskinen
keskinäinen
keskipakoinen
keskustalainen
kestoinen
kestämätön
kestävä
kesy
kesyttämätön
kesytön
kesäasuttava
kesäinen
kesällinen
ketjullinen
ketjuvälityksinen
ketterä
ketteräliikkeinen
kettumainen
keulimmainen
keveä
kevyt
keväinen
keväällinen
kiehtova
kiekoton
kiekurainen
kielekkeinen
kielellinen
kielevä
kielimäinen
-
kielletty
kielteinen
kieltämätön
kieltävä
kieltäymyksellinen
kiemurainen
kiero
-
kierteellinen
kierteinen
kiertelemätön
kiertelevä
kiertolainen
kiertuelainen
kiertämätön
kierukkainen
kierä
kihara
kiharainen
kihlattu
kiihkeä
-
kiihkoisa
kiihkoton
kiikkerä
-
kiiltävä
kiimainen
kiinalainen
-
-
kiinnostava
kiinteä
kiintoisa
kiintonainen
kiireellinen
kiireetön
kiireinen
kiistainen
kiistaton
kiistämätön
kiitettävä
kiitollinen
kiittämätön
-
kiivas
kikkara
kikkara
kiliastinen
kiljuva
kiloinen
kilpailullinen
kiltalainen
kiltti
kiltti
kimakka
kimalteinen
kimeä
kimmoinen
kimmoisa
kimmoton
kimo
kimurantti
kineettinen
kinemaattinen
kinesteettinen
kinkkinen
kipakka
kiperä
kipeä
kippura
kippurainen
kippuranenä
kippuranokka
kipsinen
kireä
kireäilmeinen
kireäpipoinen
kirjaimellinen
-
kirjallinen
kirjanpidollinen
kirjava
kirjeellinen
-
kirjoittamaton
-
kirkas
kirkasvaloinen
kirkollinen
kirkuva
kirottu
kirpakka
kirpeä
kirroottinen
kirurginen
-
-
kissamainen
kiteetön
kiteinen
kitkainen
kitkaton
kitkerä
kitsas
kitulias
kiukkuinen
kiusallinen
kiva
kivellinen
kiverä
kivikkoinen
kivinen
kivulias
kivullinen
kivulloinen
kivuton
klanipäinen
klassillinen
klassinen
klassisistinen
kleptomaaninen
kliininen
klimakteerinen
koaksiaalinen
kodikas
koditon
kognitiivinen
kohdittainen
koheli
kohelo
koherentti
kohmeinen
kohmeloinen
-
kohtalainen
kohtalokas
kohtauksittainen
kohtelias
kohtuullinen
kohtuuton
koillinen
koilliskolkka
koinsyömä
-
koivikkoinen
koivistolainen
koivuinen
kokeellinen
kokematon
kokenut
koketti
-
kokkareinen
kokoinen
kokonainen
kokoomuslainen
kokoonpantava
kokoontaitettava
kokopäivätoiminen
kolaroimaton
kolea
koleerinen
kolho
kolkka
kolkka
kolkko
kollegiaalinen
kolleginen
kollektiivinen
kollektivistinen
kollo
kolloidinen
kolmekymppinen
kolminainen
kolminapainen
kolmituumainen
koloinen
kolonialistinen
koloristinen
kolossaalinen
komea
kommunistinen
kompakti
komparatiivinen
kompensatorinen
kompetentti
kompleksinen
komplementaarinen
konditionaalinen
koneellinen
-
konekoodinen
konemainen
konepestävä
konfutselainen
kongruentti
konkreettinen
konnamainen
konservatiivinen
konstantti
konstikas
konstitutionaalinen
konstruktiivinen
konsultatiivinen
konsumeristinen
kontrapunktinen
konventionaalinen
konvergentti
kookas
koominen
kooperatiivinen
koosteinen
kopea
kopernikaaninen
koppava
koppurainen
koptilainen
korallinen
korea
korea
korealainen
koreografinen
korillinen
korinttilainen
koristeellinen
-
korjaamaton
korkea
korkealentoinen
korkillinen
korkkaamaton
korkkinen
-
korkuinen
korni
korollinen
korosteinen
koroton
korporatiivinen
korrekti
-
korska
korskea
-
koruton
korvaamaton
-
korvallinen
korviahuumaava
korviasärkevä
korviavihlova
korvinkuultava
koskematon
koskinen
kosmeettinen
kosminen
kosmogoninen
kosmologinen
kosmopoliittinen
kostea
kotimainen
kotipolttoinen
kotoinen
kotoisa
kouho
koukero
koukeroinen
koukkuinen
kouluakäymätön
koulukiusattu
koululainen
koulumainen
koulumestarimainen
koulunkäymätön
koulunkäynyt
kouluttamaton
koulutuksellinen
-
kourallinen
kouristeinen
kouristuksellinen
kouristusmainen
kova
kovaksikeitetty
kovera
kovuinen
kranttu
krapulainen
kreatiivinen
kreationistinen
kreikkalainen
kreisi
kreivillinen
kretliini
kriittinen
kriminaalinen
kriminologinen
kristallinen
kristillinen
kristitty
kritiikitön
kromaattinen
kronkeli
kronologinen
krooninen
krouvi
krouvi
kruunaamaton
kubistinen
-
-
kuhmuinen
kuhmurainen
kuihtumaton
kuikelo
-
kuitti
kuituinen
kuitumainen
kuiva
kuivakas
kuivakiskoinen
kuivakka
kujeellinen
kukallinen
kukertava
kukikas
-
-
kukkainen
kukkaisa
kukkea
kukkulainen
kukkura
kukkurainen
kulinaarinen
-
kulloinenkin
-
kulmikas
kulmittainen
kulo
kulta
kultainen
kulti
kulttuurillinen
kulttuurinen
kulturelli
kulu
kumara
kumarainen
kumea
kuminen
kumma
kummallinen
kummankinlainen
kummanne
kummoinen
kumoamaton
kumouksellinen
kumpareinen
kumpuinen
kumulatiivinen
kuninkaallinen
kunnallinen
kunniakas
kunniallinen
kunniaton
kunnioitettava
kunnioittava
kunnittainen
kunnokas
kunnollinen
kunnoton
kuntalainen
-
kuohkea
kuohuinen
kuolainen
kuolemaantuomittu
kuolematon
kuolettava
kuolevainen
kuolioinen
kuolleeton
kuollut
-
kuoppainen
-
kuormitteinen
kuorolainen
kuosiinkudottu
kuosiinneulottu
kuosikas
kuosillinen
-
kuparinen
-
kupera
kuplainen
-
kuppainen
kupura
kupurainen
kurainen
kurantti
kureinen
kurillinen
kurinpidollinen
kuriton
kurja
-
kursailematon
kursorinen
kurssilainen
kurttuinen
kurvainen
kurvikas
kurvinen
kusinen
kustavilainen
kuteinen
-
-
kutsumaton
-
kuukausittainen
kuukautinen
kuulakas
kuulakka
kuulas
kuulematon
kuuliainen
kuuliaiset
kuuloinen
kuultava
kuultava
kuulu
kuuluisa
kuulumaton
kuulumiset
kuulusteltava
kuuluva
kuuma
kuumeeton
kuumeinen
-
kuupallinen
kuupallinen
kuurainen
kuurilainen
kuuro
kuuro
kuuroittainen
kuuromykkä
kuurosokea
kuusanka
kuusinen
kuusituumainen
kuutamoinen
-
kuutiollinen
kuutiomainen
kuuton
kuvaamaton
kuvaannollinen
kuvaava
kuvallinen
kuvauksellinen
kuvioinen
kuviollinen
kuviopainettu
kuvitteellinen
kvalitatiivinen
kvantitatiivinen
kvartsinen
kvartäärinen
kyberneettinen
kyhmyinen
kyinen
kykenemätön
kykenevä
-
-
kylläinen
kyllästeinen
kylmä
kylmähauras
kylmäkiskoinen
kyltymätön
kyläläinen
-
kymnaasilainen
-
kynsikäs
-
-
kypsymätön
kypsä
kyrillinen
kyseinen
kysyvä
-
kyvykäs
kyvytön
kyyneleinen
kyyninen
kyyry
kyyttö
kyömy
kädellinen
kädetön
käheä
kähärä
kähäräinen
kämmenenlevyinen
känninen
känsäinen
käppyräinen
käreä
kärjekäs
kärjellinen
kärjimmäinen
kärkevä
-
kärkäs
kärppämäinen
kärsimätön
kärsivällinen
kärsäkäs
kärttyinen
kärttyisä
kärtyinen
käryinen
käsitteellinen
-
käsittelemätön
käsittämätön
käteinen
kätevä
-
-
-
käypä
käyrä
käytetty
-
käytännöllinen
-
käyvä
käänteinen
-
käärmemäinen
kääväkäs
kökkö
kölillinen
kömpelö
könniläinen
körttiläinen
köyhä
köykäinen
köynneliäs
köyry
laadukas
laadullinen
laaduton
laaja
laajakantoinen
laajaspektrinen
laajuinen
laaka
laakea
-
laatikollinen
laatuinen
laatuisa
labiili
lahjakas
lahjaton
lahjomaton
lahkolainen
laho
laidallinen
laidempi
laiha
laikkuinen
laikukas
laikullinen
laillinen
laimea
laineikas
lainen
-
lainsäädännöllinen
laiska
laiskanpulskea
laitainen
laitimmainen
laiton
-
lajikas
-
lakea
lakiasäätävä
-
-
lakkaamaton
lakkaamaton
-
lakkolainen
lako
lakoinen
lakoninen
laktoositon
lamalainen
lammasmainen
lamoava
langaton
lantainen
lantalainen
-
-
lantto
-
lapidaarinen
lappalainen
lappilainen
lapsekas
lapsellinen
lapseton
-
lapsiparka
lasillinen
lasimainen
lasinen
laskennallinen
-
latentti
lateraalinen
latinainen
latinalainen
lattana
lattea
latuska
latuskainen
-
latvialainen
latvimmainen
-
lauantainen
lauha
lauha
lauhkea
laulava
laulullinen
laupias
-
lautainen
lautasmainen
-
lavallinen
lavea
legaalinen
legendaarinen
legioonalainen
legitiimi
lehtevä
lehtinen
-
-
leikillinen
leikkisä
-
leimallinen
leipomo
leivätön
leksikaalinen
lemmekäs
lempeä
lenko
lennokas
lenseä
-
lentävä
lepikkoinen
leppeä
leppoisa
leppymätön
leppäinen
lepsu
lesbolainen
lesemätön
lestadiolainen
lesty
letkeä
letto
leuhka
-
leukava
leuto
leveä
-
-
levollinen
levoton
levyinen
-
liberaali
liberaalinen
liberalistinen
liehakas
liehakka
liejuinen
-
liereä
-
lietteinen
liettualainen
lievä
lihainen
lihaisa
lihakas
lihaksekas
lihaksikas
lihaksinen
lihallinen
lihava
liiallinen
liikanainen
liikarasittunut
-
liikeriski
liikkeellepaneva
-
liikkumaton
liikkuva
liikkuvainen
liikunnallinen
liikuttava
liila
liinakko
liittolainen
liittoutumaton
liittoutuneet
liitännäinen
liiviläinen
likaahylkivä
likainen
likeinen
likekkäinen
likempi
likin
likvidi
limainen
limisaumainen
limittäinen
limninen
lineaarinen
lingvistinen
-
linjakas
linjaton
lipallinen
lipeinen
lipevä
lipeä
lipeäinen
lipilaari
litografinen
litteä
liturginen
lituskainen
liukas
liukenematon
liukoinen
liuskainen
liuskeinen
logaritminen
lohdullinen
lohduton
lohkareinen
lohkoinen
-
loistava
loistelias
loistokas
loiva
lojaali
lojaalinen
lokaalinen
lokainen
-
lokoisa
lomalainen
lomittainen
lommoinen
lonkeroinen
looginen
-
loppumaton
lopullinen
loputon
loskainen
louhikkoinen
loukkaamaton
lounainen
lovellinen
lovinen
luettava
luihu
luinen
luiseva
luiska
luistava
-
luisu
luja
lukematon
lukiolainen
lukkiutumaton
lukollinen
lukuinen
lukuisa
lullukka
lumikuuro
luminen
lumoava
lunki
luokallinen
luokaton
-
-
luonnehäiriöinen
luonnikas
luonnollinen
luonnontilainen
luonnoton
luontainen
luonteeton
luonteikas
luonteinen
luonteva
luontoinen
luotaantyöntävä
luotain
luoteinen
luotettava
luotettu
luotoinen
luotollinen
luottamuksellinen
luottavainen
luottoriski
luova
luovuttamaton
lupaava
lupsakka
lurjusmainen
luterilainen
lutunen
-
luultava
-
luuton
luvallinen
luvaton
luvuton
lyhentämätön
lyhkäinen
lyhyenläntä
lyhykäinen
lyhyt
lyijytön
lymfaattinen
-
lysti
lystikäs
lyydiläinen
lyyrinen
lyömätön
-
läheinen
lähekkäinen
lähempi
lähimmäinen
lähtemätön
-
läikikäs
läikkäinen
läiskikäs
läiskäinen
lälly
lämmin
-
lämpöinen
läntinen
läpikotainen
läpikuultamaton
läpikuultava
läpisävelletty
läpitunkema
läpitunkematon
läpitunkeva
läpäisemätön
läpällinen
läski
läskinen
lässy
lättiläinen
lättänä
lätäkköinen
lääkinnällinen
lääkkeellinen
löllö
löperö
lörppö
löyhkä
löyhä
löylynlyömä
löysä
maaginen
maailmallinen
maailmankatsomuksellinen
maailmankolkka
maalaaja
maalaamaton
maalainen
maalaismainen
maalauksellinen
maalinen
-
maaliskuinen
maaliton
maaliton
maallinen
maanantainen
maaninen
maankolkka
maaseutumainen
-
maatiainen
maatiaismainen
maaton
machiavellilainen
machiavellistinen
madonnamainen
madonsyömä
magmaattinen
magneetiton
magneettinen
magnetoitumaton
-
mahakas
mahdikas
mahdollinen
mahdoton
mahlainen
maho
mahonkinen
mahtava
mahtipontinen
mainehikas
maineikas
-
mainen
mainio
mainitsematon
mainittava
mainitunlainen
mainonnallinen
mairea
maisemallinen
maitoinen
maitomainen
majesteetillinen
majesteettinen
makaaberi
makea
makeahko
makkaramainen
makoinen
makoisa
makrobioottinen
makroskooppinen
maksamaton
maksimaalinen
maksullinen
maksuton
makuinen
malaijilainen
maligni
maljamainen
mallikas
mallinen
mallisuojattu
malmikas
malminen
maltillinen
maltiton
maltoinen
malttamaton
mammuttimainen
maneerimainen
manifestinen
mannermaalainen
mannermainen
mantereinen
manuaalinen
maolainen
mapillinen
marginaalinen
marjainen
marjaisa
marksilainen
marksilais-leniniläinen
marmorinen
marras
marsilainen
marto
marxilainen
marxilais-leniniläinen
masentava
masentunut
maskuliininen
masokistinen
massainen
massiivi
massiivinen
-
matala
mateleva
matemaattinen
materiaalinen
materialistinen
matkailullinen
-
matkalainen
matoinen
matriarkaalinen
matta
matti
matti
maukas
maurilainen
mausteinen
mauton
medisiininen
mefistomainen
mehevä
mehuinen
mehuisa
mehukas
meikäläinen
mekaaninen
mekanistinen
mekatroninen
meksikolainen
melankolinen
melkoinen
melodinen
melskeinen
melto
meluinen
meluisa
mendelistinen
-
menestyksekäs
menestyksellinen
menestyksetön
menestymätön
menetelmällinen
menevä
mennyt
mentaalinen
merellinen
meritokraattinen
merkantiilinen
merkantilistinen
merkillinen
-
merkitsevä
merkittävä
merkityksekäs
merkityksellinen
merkityksetön
-
merkitön
merkkinen
mesotsooinen
messiaaninen
messinkinen
mestarillinen
metabolinen
metaforinen
metallimainen
metallinen
metallurginen
metastaattinen
meteorologinen
metinen
metka
metodinen
metodistinen
metodologinen
metrinen
metrologinen
metsäinen
metsälauha
miehekäs
miehevä
miehinen
miehittämätön
miehuullinen
mieleenpainuva
mieleinen
mielekäs
mielenkiinnoton
mielenkiintoinen
mielenosoituksellinen
mieletön
mielevä
mieliinpainuva
mielikuvituksekas
mielikuvituksellinen
-
miellyttävä
mieluinen
mieluisa
mierolainen
miesmäinen
miesparka
mieto
-
mietteliäs
miettiväinen
miiminen
mikroskooppinen
militaarinen
militantti
militaristinen
militäärinen
miljoonainen
millinen
mimoosamainen
mineraalinen
mineraloginen
minimaalinen
minimalistinen
minkinlainen
minunlaiseni
-
misogyyninen
mitallinen
mitoottinen
mittaamaton
mittainen
-
mittava
mitätön
modaalinen
moderni
modernistinen
moinen
moitittava
moitteeton
mojova
mokkainen
mokoma
molaarinen
molekulaarinen
molekylaarinen
momentaaninen
monarkistinen
monarkkinen
monenlainen
monenmoinen
monetaarinen
monetaristinen
mongolidinen
mongolilainen
moni-ilmeinen
monikansainen
monikollinen
moninainen
moniportainen
monisikiöinen
monistinen
monitieteinen
monituinen
monofoninen
monogaaminen
monogyyninen
monoliittinen
monopolistinen
monoteistinen
monotoninen
monumentaalinen
moottorillinen
-
moraalinen
moraaliton
moralistinen
mordvalainen
morfologinen
moskainen
motivoimaton
motorinen
moukkamainen
muhamettilainen
muhea
muheva
muhkea
muhkurainen
muikea
muinainen
muinoinen
muistamaton
muistettava
-
-
muistoisa
mukaansatempaava
mukaantuva
mukainen
mukautuva
mukautuvainen
mukava
-
muli
mullistava
multainen
multava
multilateraalinen
multippeli
-
munuaismainen
muodikas
muodokas
muodollinen
muodoton
muotoinen
muovautuva
muovinen
murea
murhaava
murheellinen
murheinen
murskaava
murteellinen
-
murtumaton
muruinen
museaalinen
musertava
musiikillinen
musikaalinen
musta
mustalainen
mustasukkainen
mustikkainen
mutageeninen
mutainen
mutkainen
mutkallinen
mutkaton
mutkikas
muu
muukalainen
muunlainen
muusi
muuttumaton
muuttuvainen
mykkä
myrkyllinen
myrkytön
myrskyinen
myrskyisä
myrtsi
mystinen
mytologinen
myyjäiset
myytillinen
myyttinen
myyty
myöhä
myöhäinen
myöhäisglasiaalinen
myönteinen
myöntymätön
myöntyvä
myöntyväinen
myöntävä
myötäinen
myötäsukainen
mädännäinen
mäkinen
mäkitupalainen
mälsä
mäntti
mäntti
mäntyinen
märkä
märkäinen
märkäluja
mäsä
mättäinen
mätä
mätäinen
mätästävä
määrittelemätön
määräilevä
määräinen
määrällinen
määrätty
määrätön
määräämätön
määräävä
möreä
mörkki
möräkkä
möyheä
möykkyinen
-
naarmuinen
naavainen
nahkainen
nahkea
naiivi
nailoninen
naimaton
nainut
naisellinen
naismainen
naivistinen
nami
-
napakka
napillinen
-
narkoottinen
narrimainen
narsistinen
nasakka
nasaretilainen
naseva
nasta
nationalistinen
natsilainen
naturalistinen
naurettava
naurunalainen
nautamainen
nautinnokas
nautinnollinen
nautittava
navakka
negatiivinen
negridinen
neitseellinen
nekroottinen
nelikanavainen
nelilappeinen
neliskanttinen
-
nenäkäs
neoliittinen
nerokas
neropatti
nesteinen
nestemäinen
-
neuralginen
neurasteeninen
neurologinen
neuroottinen
neutraali
neuvoa-antava
-
neuvokas
neuvoton
-
-
nihilistinen
nihkeä
niininen
-
nikkelinen
niljainen
niljakas
-
nilkku
nimekäs
nimellinen
nimetön
nimeämätön
niminen
nirso
-
niuho
niukka
nivelikäs
nivelkärsäinen
nokallinen
nokinen
-
nokkava
nokkela
nolo
nonfiguratiivinen
nopea
-
nopsa
norja
norja
norjalainen
normaali
normatiivinen
nostalginen
notkea
notko
-
nousukas
nousukasmainen
novellistinen
nuhainen
nuhruinen
nuhteeton
nuiva
nukallinen
nukkaantumaton
nukkainen
nukkavieru
nukkemainen
nulikkamainen
nulju
numeerinen
numeroinen
numerollinen
numismaattinen
nuolimainen
nuorekas
nuori
nuorimmainen
nuortea
nuoska
nuoskainen
nuotillinen
nupo
nuppuinen
nurea
nurinkurinen
nurinpäinen
nurja
nurjaton
-
nurkkakuntainen
nurmikkoinen
nurmilauha
nurminen
nuti
nuuka
nykerö
nykyinen
nykäyksittäinen
nymfomaaninen
nyppyinen
nyreä
nyrpeä
nystermäinen
nystyräinen
näennäinen
nähtävä
näkemyksellinen
-
näkemätön
näkevä
näkymätön
näkyvä
näköalaton
näköinen
nälkäinen
näppyinen
näppyläinen
näppärä
näpsä
näpsäkkä
näpäkkä
nätti
näytelmällinen
näyttämöllinen
näyttävä
-
-
nössö
nöyhtäinen
nöyrä
objektiivinen
obligatorinen
odontologinen
odottamaton
offensiivinen
ohdakkeinen
oheinen
ohenteinen
ohikiitävä
-
ohjattava
-
ohjeellinen
-
ohjelmallinen
ohkainen
ohrainen
ohuinen
ohukainen
ohut
oidipaalinen
oikea
oikeanlainen
oikeellinen
oikeistolainen
oikeudellinen
oikeudeton
oikeutettu
oikoinen
oikukas
oikullinen
oireellinen
oireeton
oireinen
oiva
oivallinen
okainen
okkulttinen
oksainen
oksakas
-
oleellinen
olematon
olennainen
oleva
olevainen
oligarkkinen
olkaimellinen
-
olkinen
oloinen
olympialaiset
olympolainen
oma
omaharkintainen
omahyväinen
omailmeinen
omainen
-
omavaloinen
ominainen
omintakeinen
-
omistusliitteellinen
omistusliitteetön
omistusliitteinen
omituinen
-
ongelmainen
ongelmallinen
ongelmaton
onkogeeninen
onnekas
onnellinen
onnenkantamoinen
onneton
-
onnistunut
onomatopoeettinen
onomatopoieettinen
onteloinen
ontto
opaakki
operatiivinen
operationaalinen
-
opettava
opettavainen
opetuksellinen
opillinen
opistolainen
oppimaton
oppinut
oppivainen
opportunistinen
optimaalinen
optimistinen
optinen
oraakkelimainen
oraalinen
oranssi
oranssinen
ordoviikkinen
orgaaninen
organisatorinen
organogeeninen
orientaalinen
originaalinen
originelli
orjallinen
orjamainen
ornamentaalinen
ornitologinen
orpo
ortodoksinen
ortopedinen
-
osallinen
osaton
osittainen
osmoottinen
osuva
otollinen
-
ottava
-
outo
ovaali
ovariaalinen
ovela
-
ovipaarinen
paahteinen
paakkuinen
paatoksellinen
paatunut
paavillinen
paha
pahainen
pahankurinen
pahanlainen
paheellinen
pahkainen
pahkurainen
pahoinvoiva
pahuksenmoinen
pahvinen
paidaton
paikallinen
-
-
paikoittainen
painajaismainen
painamaton
painava
paineellinen
paineinen
painoinen
painokas
painollinen
painoton
-
paisteinen
paisuvainen
-
pakanallinen
-
pakokauhuinen
pakolainen
pakollinen
pakoton
pakottamaton
pakottava
paksu
paksuinen
palamaton
palava
paleontologinen
paleotsooinen
paljas
paljo
palkallinen
palkaton
-
palkkalainen
palleroinen
palliatiivinen
pallokas
-
paloton
-
pandeeminen
panslavistinen
panteistinen
paperinen
paperiton
papillinen
papurikko
parabolinen
paradoksaalinen
paradoksinen
parafiini
parahin
parahultainen
paralleeli
paralleelinen
paranoidinen
paranooinen
parantumaton
paras
parataktinen
pareittainen
parempi
parhain
parilehdykkäinen
parillinen
-
pariton
parittainen
parka
parka
parlamentaarinen
parodinen
parrakas
parraton
partainen
partasuinen
partenogeneettinen
partiaalinen
partiolainen
parvellinen
pasifistinen
paskainen
paskamainen
passeli
passiivinen
pastoraalinen
pateettinen
patentti
patogeeninen
patologinen
patriarkaalinen
patriarkallinen
patrioottinen
patti
patti
pedagoginen
pedantti
pedanttinen
pederastinen
pedofiilinen
peeaa
peevelinmoinen
pehmeä
pehmoinen
pehmyt
peijakkaanmoinen
peitteinen
peittelemätön
pejoratiivinen
pelastusarmeijalainen
pelkkä
pelko
pelkurimainen
pelkäämätön
pelkääväinen
pellavainen
pellillinen
pelokas
peloton
pelottava
peltinen
-
pengermäinen
penikkamainen
penkereinen
-
pennitön
pensaikkoinen
pensainen
pensasmainen
pensastoinen
penseä
pentumainen
perempi
perfektionistinen
perhananmoinen
perheellinen
perheetön
-
perhomainen
periaatteeton
-
perifeerinen
perimmäinen
perinataalinen
perinjuurinen
perinnäinen
perinnöllinen
perinnötön
perinteellinen
perinteikäs
perinteinen
periodinen
peristalttinen
perjantainen
perkeleellinen
perkeleenmoinen
permanentti
permeaabeli
permiläinen
pernisioosinen
pernisiöösi
persaukinen
persialainen
perso
-
persoonallinen
persoonaton
perspektiivinen
-
perusteellinen
perusteeton
-
peruuttamaton
perverssi
pervo
-
peräkkäinen
perällinen
perämiehellinen
perämiehetön
perättäinen
perätön
peräänantamaton
peräänantava
pessimistinen
pesällinen
petoksellinen
petollinen
petomainen
petrologinen
pettämätön
petäjäinen
peukaloinen
peukalokyytiläinen
pianistinen
pidäkkeetön
pidätetty
pidättynyt
pidättyvä
pidättyväinen
pieni
pienoinen
pienokainen
pieteettinen
pieti
pietistinen
-
pihi
pihkainen
pihtimäinen
piikikäs
piikkinen
piilevä
piilevä
piilokas
piimäinen
piinallinen
-
-
piirustuksellinen
piittaamaton
pikainen
pikantti
pikinen
pikkainen
pikkanen
pikkarainen
pikkiriikkinen
pikkuinen
pikkumainen
pikkuriikkinen
pikkuruikkuinen
pikkuruinen
pila
pilallinen
pilkallinen
pilkkuinen
pilkukas
pilkullinen
-
pilvetön
pilvinen
pimeä
pinkki
pinnallinen
-
-
pipi
pippurinen
pirkkalainen
pirteä
piru
pirulainen
pirullinen
pirunmoinen
piruparka
pisamainen
piskuinen
pisteellinen
pisteliäs
pistemäinen
pistämätön
pistävä
pitaalinen
pitalinen
pitelemätön
pitkittäinen
pitkulainen
pitkä
pitkälettinen
pitkällinen
pitkäripainen
pitkästyttävä
pitkäveteinen
-
pittoreski
pituinen
pitämätön
pitävä
piukea
piukka
planetaarinen
plastinen
platonilainen
platoninen
pleonastinen
pliisu
pluralistinen
pneumaattinen
poeettinen
pohatta
-
pohjalainen
pohjallinen
pohjaton
pohjimmainen
pohjoinen
pohjoisvaltalainen
-
poikamainen
poikaparka
poikittainen
poikkeava
poikkeuksellinen
poikkinainen
poikkitelainen
poimuinen
poimukas
poimullinen
pointillistinen
poispilattu
polaarinen
polanteinen
poleeminen
poliittinen
polikliininen
poljennollinen
pollea
poloinen
polttava
-
polyfoninen
polygaaminen
polyteistinen
pomo
ponnekas
ponneton
ponteva
poppa
populaari
populistinen
populääri
poreinen
porfyyrinen
porilainen
pornahtava
pornografinen
poroinen
porrasteinen
porsasmainen
portaaton
-
portaittainen
portugalilainen
porvarillinen
posetiivari
positiivinen
positivistinen
poskeinen
posketon
-
posliininen
possessiivinen
postuumi
potentiaalinen
potentti
-
-
potra
pottumainen
poutainen
poveton
-
pragmaattinen
praktinen
pramea
prekambrinen
prenataalinen
presbyteerinen
preussilainen
preventiivinen
priima
primaari
primaarinen
primitiivinen
primääri
primäärinen
privaatti
problemaattinen
produktiivinen
profaani
profeetallinen
professionaalinen
profylaktinen
prognostinen
progressiivinen
projektiivinen
proletaarinen
pronominaalinen
pronssinen
proosallinen
propagandistinen
proportionaalinen
prosentiton
prosenttinen
prosentuaalinen
prostituoitu
protektionistinen
protestanttinen
provinsiaalinen
provisorinen
provokatiivinen
provokatorinen
psykedeelinen
psykiatrinen
psykogeeninen
psykologinen
psykometrinen
psykoottinen
psykopaattinen
psykosomaattinen
psyykkinen
ptolemaiolainen
puhdas
-
puhelias
puhkinainen
puhtoinen
puhumaton
puhuva
puikea
puinen
puiseva
puistikkoinen
-
pujo
-
puli
puli
puli
pullea
pullo
pullukka
pulmallinen
pulska
pumpulinen
punahehkuinen
punahelttainen
punainen
punakka
punavaloinen
punertava
punerva
punonnainen
-
-
puolalainen
puoleinen
puolikuuro
puoliläpäisevä
puolimmainen
puolinainen
puolinen
puolipukeinen
puoliraaka
puolisatainen
puolittainen
puolituumainen
puolueellinen
puolueeton
-
puoluelainen
puolustamaton
puolustuksellinen
pureva
puristeinen
puristinen
puritaaninen
-
purjekankainen
purppura
purppurainen
-
-
puuhakas
puunilainen
puuroinen
puuromainen
puuskainen
puuskittainen
puuton
puutteellinen
puuvillainen
pyhä
pyhäinen
pyhällinen
pykninen
pykälikäs
pykäläinen
-
-
pyrstökäs
pyrstöllinen
pyryinen
pysty
pystymätön
pystyvä
pystö
pysymätön
pysyvä
pysyväinen
pyttymäinen
pyylevä
pyyteellinen
pyyteetön
pyökkinen
pyöreä
pyörteinen
-
pyörällinen
päihtynyt
-
päittäinen
päivittäinen
päivällinen
päkiäinen
pätemätön
pätevyinen
pätevä
päällekkäinen
päällepantava
päällettäinen
päällimmäinen
päällinen
-
-
päämäärätön
pääpiirteittäinen
-
pääsemätön
-
päätteellinen
päätteetön
-
päättymätön
päättämätön
päättävä
päättäväinen
päätäpahkainen
päätön
pöhkö
pöhnäinen
pöhöinen
pökkelö
-
pölhö
pöljä
pöllö
pölyinen
-
pönäkkä
pöpi
pöpperöinen
pörheä
pörhöinen
pörröinen
pörssinoteerattu
pöydällinen
pöyheä
pöyhkeä
raadollinen
-
raajarikkoinen
raaka
raaka
raakalainen
raakalaismainen
raakile
raakilemainen
raamatullinen
raamikas
raatilainen
raavas
rabulistinen
radiaalinen
radikaali
radikaalinen
radiosuuntiminen
raekuuro
raffinoitunut
raflaava
rahakas
rahallinen
rahaton
-
raidakas
raidallinen
raihnainen
raihnas
raikas
raikuli
railakas
railakka
railoinen
raisu
raitainen
-
raitis
raivaamaton
raivoisa
raivokas
-
rajakkainen
rajallinen
rajaton
rajoitettu
rajoittamaton
-
raju
rakas
rakastavainen
rakastettava
rakastettu
rakeinen
rakentamaton
rakentava
rakenteellinen
rakenteinen
rakettimainen
rakkaudeton
rakkoinen
rakkulainen
rakkulamainen
rakoilematon
rakoinen
rampa
rangaistava
rankka
rannaton
rannimmainen
ranskalainen
-
rapainen
rapea
rapsakka
rapsodinen
rasiallinen
rasistinen
rasittava
rasitteinen
raskas
raskauttava
rasvainen
rasvaton
-
rationaalinen
rationalistinen
ratkaisematon
ratkaiseva
ratto
rattoisa
raudikko
rauhainen
rauhaisa
rauhallinen
rauhaton
raukea
raukka
raukkamainen
raunioinen
rautainen
rautias
ravakka
ravinnollinen
ravinteikas
-
-
ravitsemuksellinen
ravitseva
reaalinen
reaktiivinen
realistinen
redundantti
refleksiivinen
reflektorinen
reformatorinen
reformistinen
regionaalinen
regressiivinen
rehellinen
rehevä
rehti
rehvakas
rehvakka
rei'ikäs
reikäinen
reilu
reima
reipas
-
reiäkäs
reiällinen
rekallinen
rekyylitön
relatiivinen
relativistinen
relevantti
remakka
rempseä
remuisa
-
rento
repale
repaleinen
repolainen
republikaaninen
repäisevä
reseptorinen
resessiivinen
resiprookkinen
resistentti
resitatiivinen
resuinen
reteä
retorinen
retoromaaninen
retrospektiivinen
reumaattinen
-
reunimmainen
-
revansistinen
reversiibeli
revisionistinen
riehakas
riehakka
riekaleinen
riemuinen
riemuisa
riemukas
riemullinen
rietas
rievä
rigoristinen
riidaton
riimillinen
riimitön
riipaiseva
riippumaton
riippuva
riippuvainen
riistainen
riitainen
riitaisa
riitteinen
riittoisa
riittämätön
riittävä
riivattu
riivatunmoinen
riiviö
rikas
rikasilmeinen
rikkeetön
rikkinäinen
rikkomaton
rikkonainen
rikkumaton
rikollinen
rinnakkainen
rinnasteinen
-
rintava
-
ripeä
rippikoulunkäymätön
ripsinen
ripsinen
ripulinen
risa
risa
risainen
riskaabeli
riski
riski
riskinen
riskitön
ristikkäinen
ristikollinen
ristimäinen
risukkoinen
ritarillinen
rituaalinen
riuska
riuttainen
rivakka
-
rivo
robottimainen
robusti
rodullinen
rohkea
rohtiminen
roima
roisi
roisto
roistomainen
rojalistinen
rojuinen
rokkoinen
romaaninen
romahdusmainen
romanialainen
romanttinen
rombinen
ronkeli
ronski
roomalainen
roosa
roskainen
rosoinen
roteva
rottamainen
rottinkinen
rotuinen
rouhea
rouheinen
routainen
rouvamainen
rudimentaarinen
ruhtinaallinen
ruijalainen
ruipelo
rujo
rukiinen
rukka
rukoilevainen
ruma
runebergiläinen
-
runollinen
runoton
runsas
ruohoinen
ruoja
-
ruokaisa
ruokkoamaton
ruokoinen
ruokoton
ruosteinen
ruostumaton
ruotoinen
ruotsalainen
rupinen
rusehtava
ruskea
ruskehtava
rustoinen
rutiinimainen
rutinoitu
rutka
rutto
ruttoinen
ruttuinen
ruudikas
ruudukas
ruudullinen
ruuhkainen
ruumiillinen
-
ruumiiton
ruusuinen
ruusukkeinen
ruusumainen
ruutuinen
ruuvimainen
ryhdikäs
ryhditön
ryhmittäinen
ryhmyinen
-
rypistymätön
ryppyinen
ryteikköinen
rytmikäs
rytmillinen
rytminen
ryysyinen
rähjä
rähjäinen
rähmäinen
räikeä
räiskyvä
räjähdysmäinen
räkäinen
rämeinen
rämeä
rämä
rämäkkä
räntäkuuro
räsyinen
rätväkkä
räväkkä
-
rääsyinen
räävitön
römeä
römäkkä
rönsyinen
röntgenologinen
röpelöinen
röttelö
röyhelöinen
röyhkeä
röyhyinen
saakelinmoinen
saamarinmoinen
saamaton
saamelainen
saarekas
saarelainen
saarinen
saaristolainen
saastainen
saastaton
saasteeton
saasteinen
saatanallinen
saatananmoinen
saavuttamaton
sadekuuro
sadistinen
sahamainen
saippuainen
sairaalloinen
sairas
saita
sakarainen
sakea
sakraalinen
saksalainen
salainen
salakähmäinen
salamyhkäinen
salavihkainen
salkuton
sallittu
salliva
salskea
samainen
samanistinen
šamanistinen
samanlainen
samaperintäinen
samarialainen
samea
samettinen
sammaleinen
sammalinen
sammumaton
samoinajatteleva
samperinmoinen
sanainen
sanallinen
sanastollinen
sanaton
sangallinen
sanka
sankarillinen
sankka
sanoma
sanomaton
sanonnallinen
sanottava
sanottu
sapekas
saranallinen
sardoninen
-
-
sarjallinen
sarkainen
sarkainen
sarkastinen
sarvekas
sarvellinen
-
-
satanistinen
sateinen
satiirinen
satoinen
satoisa
sattuva
satumainen
satunnainen
saumallinen
saumaton
savakko
savinen
savolainen
savuinen
savuton
seborrooinen
seemiläinen
seesteinen
seikkailukas
-
seinäkkäinen
seinällinen
seisminen
seismologinen
seisoma
seisova
seitsemänlainen
sekainen
sekalainen
sekarengasteinen
sekasortoinen
sekava
-
seksikäs
seksistinen
seksologinen
seksuaalinen
sekulaarinen
sekularistinen
sekuli
sekunda
sekundaarinen
sekundäärinen
-
selektiivinen
-
selittämätön
selkeytymätön
selkeä
selkiytymätön
-
selkonen
-
selkänojallinen
selkärangaton
selkärankainen
sellistinen
-
selvittämätön
selvä
selänteinen
selätön
semanttinen
seminaarilainen
semioottinen
semmoinen
seniili
sensaatiomainen
sensitiivinen
sensorinen
sensuaalinen
sensuelli
sensuroimaton
sentimentaali
sentimentaalinen
-
-
separatistinen
sepitteellinen
sepitteinen
sepivä
seppä
septinen
serbialainen
seremoniaalinen
seremoniallinen
serologinen
setämäinen
seudullinen
seuraava
seuraavanlainen
seuralainen
seurallinen
siamilainen
-
sidonnainen
siedettävä
siekailematon
sielukas
sielullinen
sieluton
siemenellinen
siemenetön
-
sienimäinen
-
-
sietämätön
sievistelemätön
sievoinen
sievä
šiialainen
siihenastinen
siintoinen
-
siipirikkoinen
siirappinen
siirrännäinen
siirtogeeninen
-
siirtolainen
siirtämätön
siisti
-
siivekäs
siivellinen
siivetön
siivo
siivoton
sijainen
sijaton
sijoittamaton
-
sikamainen
sikeä
sikkara
sikäläinen
-
sileä
silkinhohtava
silkka
silkkinen
silkoinen
silloinen
silmitön
-
-
silmällinen
silmänräpäyksellinen
siloinen
siluurinen
simppeli
simultaaninen
sinertävä
sinervä
sinfoninen
sininen
sinkkinen
sinnikäs
šintolainen
sinunlaisesi
sionistinen
sirkeä
-
sirkuslainen
siro
sirpakka
sirpaleinen
sisarellinen
sisempi
sisimmäinen
sisin
sisterssiläinen
-
sisukas
-
-
sisäeritteinen
sisäinen
sisäkkäinen
sisällyksekäs
sisällyksellinen
sisällyksetön
sisällyksinen
sisällökäs
sisällöllinen
sisällötön
sisältöinen
sisärenkaaton
sisättäinen
sisäänlämpiävä
sisäänrakennettu
-
sitkas
sitkeä
sitomaton
sitoutumaton
siunaamaton
siunauksekas
siunauksellinen
sivakka
siveellinen
siveetön
-
siveä
siviili
sivistyksellinen
sivistymätön
sivistynyt
-
sivuittainen
sivullinen
sivustavedettävä
sivuttainen
sivuvaunullinen
skandaalimainen
skandinaavinen
skandinavialainen
skemaattinen
skeptinen
skitsofreeninen
skolastinen
skotlantilainen
skottilainen
slaavilainen
slovakialainen
slovenialainen
snobistinen
sofistikoitunut
sofistinen
sohjoinen
soikea
soinen
soinnikas
soinnillinen
soinniton
soinnukas
soinnullinen
soinnuton
sointinen
sointuinen
sointuisa
soitannollinen
soittimellinen
sokea
sokerinen
sokeriton
sokkeloinen
sokko
solaarinen
solakka
solidaarinen
solidi
solistinen
-
solmuinen
-
soma
somaattinen
somalialainen
-
sonorinen
sontainen
sopeutumaton
sopeutuva
sopeutuvainen
sopimaton
sopimuksellinen
sopimukseton
sopiva
-
sopuisa
sorainen
sorea
sorja
sormellinen
sormijatkoinen
sormilehdykkäinen
-
sorttinen
sosiaalinen
sosialistinen
sosiologinen
sotainen
sotaisa
sotilaallinen
sotkuinen
sottainen
soukka
-
sovelias
sovinistinen
sovinnainen
sovinnollinen
sovittamaton
-
sovitteleva
spartalainen
spastinen
spatiaalinen
spekulatiivinen
spesiaalinen
spesifinen
spinaalinen
spiritistinen
spiritualistinen
spirituelli
spitaalinen
spontaani
sporadinen
sporttinen
staattinen
stabiili
staili
stalinistinen
statistinen
stereofoninen
stereoskooppinen
stereotyyppi
stereotyyppinen
steriili
stilistinen
stoalainen
strateginen
strukturaalinen
strukturalistinen
subarktinen
subjektiivinen
subjektivistinen
substantiivinen
subtrooppinen
suggestiivinen
suggestopedinen
suhdaton
-
suhteellinen
suhteeton
-
suikea
-
suippo
suisidaalinen
sujakka
sujuva
-
sukkela
suklaakuorrutteinen
sukuinen
sukulainen
sukupuoleton
sukurutsainen
sula
-
sulava
-
sulkeinen
sulkeutunut
sulo
suloinen
suloisa
sulokas
suloton
sumea
sumeilematon
sumerilainen
summa
summaarinen
-
summatiivinen
summaton
summittainen
sumuinen
sumumainen
sunnalainen
sunnuntainen
suojaamaton
suojaeristetty
suojainen
suojainen
suojaisa
suojaton
suolainen
suolaton
suomalainen
suomuinen
suonekas
suonikas
suoninen
suopea
suora
suoranainen
suosiollinen
suosittu
suostuvainen
suotava
suotuinen
suotuisa
superlatiivinen
supersooninen
supliikki
suppea
supukka
sureva
surkea
surkeilematon
surrealistinen
suruinen
surullinen
suruton
sutjakka
sutki
suttuinen
suuhunpantava
suukko
suulas
suullinen
suunnaton
suunnitelmallinen
suunnittelematon
suuntain
suuntainen
suupaltti
suurellinen
suurenmoinen
suuri
suurimolekyylinen
suuruinen
suustaladattava
suvaitsematon
suvaitseva
suvaitsevainen
suvantoinen
suvereeni
suvereeninen
suvinen
suvullinen
suvuton
sveitsiläinen
syaani
sydämellinen
sydämetön
-
syinen
-
syklinen
syksyinen
syksyllinen
-
syllogistinen
syltäinen
symbioottinen
symbolinen
symmetrinen
sympaattinen
symppis
symptomaattinen
syndikalistinen
synergeettinen
synerginen
synergistinen
synkeä
synkkä
synkretistinen
synkroninen
synnillinen
synnitön
synnynnäinen
synonyyminen
syntaktinen
synteettinen
syntinen
-
syntymätön
syrjäinen
systeeminen
systemaattinen
systolinen
sysäyksittäinen
sytotoksinen
syttymätön
-
-
syvyinen
syvä
syvällinen
syvänne
syyhyinen
syyllinen
syyntakeeton
syyntakeinen
syytön
syöjä
syömäri
syömätön
syöpymätön
syöpä
syöpäinen
-
syötävä
-
-
sähköinen
sähäkkä
säikeinen
säikky
-
-
säkenöivä
säkkärä
sälöinen
säntillinen
särmikäs
-
säröinen
särötön
-
säteittäinen
sävyinen
sävyisä
sävykäs
-
sävytön
säyseä
säädyllinen
säädytön
säädännäinen
säälimätön
säälittävä
sääliväinen
säällinen
säännöllinen
säännötön
säästeliäs
säästäväinen
-
-
-
söpö
söötti
taaempi
taaimmainen
taain
taaja
taajuinen
taannoinen
taantumuksellinen
taattu
taempi
tahallinen
tahaton
tahdikas
tahditon
tahdoton
tahmainen
tahmea
-
tahraamaton
tahraantumaton
tahrainen
tahraton
tahriintumaton
tahrimaton
-
-
taidokas
taidollinen
taidoton
taikinainen
taikinamainen
taimmainen
tain
-
taipuisa
taipumaton
taipuva
taipuvainen
taistolainen
taitamaton
taitava
taiteellinen
taiteikas
taitoinen
taitteinen
-
taiturillinen
taiturimainen
taivaallinen
tajuamaton
tajuinen
tajuton
takaaladattava
takainen
takakenoinen
takapajuinen
takapenkkiläinen
takaperoinen
takeneva
takimmainen
-
takkuinen
taktinen
talollinen
talonpoikainen
taloton
taloudellinen
talttumaton
taltuttamaton
talvehtimaton
talvellinen
talviasuttava
talvinen
tamminen
tanakka
tangentiaalinen
tankea
tanskalainen
tanssillinen
tanttamainen
tanu
taolainen
-
tapahtumaton
tapainen
tapaturmainen
tapauksekas
tapaukseton
-
tapauksittainen
tappiollinen
tarkka
tarkkaamaton
tarkkaava
tarkkaavainen
tarkoituksellinen
tarkoitukseton
-
tarmokas
tarmoton
tarpeellinen
tarpeeton
-
tarumainen
tarveharkintainen
tasainen
tasajatkuinen
tasalakinen
tasalevyinen
tasasuuntaaja
tasavaltainen
tasavaltalainen
taskumatti
tasoinen
tasokas
tataarilainen
tauditon
taukoamaton
tauoton
tautinen
tautofoninen
tautologinen
tavallinen
tavaton
tavoittamaton
tavoitteellinen
tavoitteinen
-
teatraalinen
teatterilainen
teemallinen
teennäinen
teeskentelemätön
tehdasmainen
tehoinen
tehoisa
tehokas
tehollinen
tehosteinen
tehoton
teikäläinen
-
teistinen
tekemätön
tekevä
-
teknillinen
tekninen
teknokraattinen
teknologinen
-
teksasilainen
-
tektoninen
telemaattinen
teleologinen
telepaattinen
teleskooppinen
telluurinen
temaattinen
temperamentikas
temperamenttinen
-
temporaalinen
temporaarinen
teokraattinen
teollinen
teologinen
teoreettinen
teosofinen
terapeuttinen
teratogeeninen
terhakas
terhakka
-
terminen
terminologinen
termonukleaarinen
territoriaalinen
terroristinen
tertiäärinen
tervainen
tervaksinen
terve
terveellinen
terveydellinen
terveysriski
-
teräksinen
teräkäs
terävä
testaaja
texasilainen
tiedollinen
tiedostamaton
tiedoton
tiehyellinen
tiehyetön
tieteellinen
-
tietoinen
tietty
tietymätön
tietynlainen
tietämätön
tietävä
tietön
tiheä
tihku
tihkuinen
tihruinen
tihu
tiibetiläinen
tiikkinen
tiilinen
tiine
tiistainen
tiivis
-
tikkuinen
tilallinen
tilapäinen
tilastollinen
tilaton
tilava
tilavuinen
tilinpidollinen
timanttinen
tinainen
tinkimätön
titaaninen
tiuha
tiukka
tiukkailmeinen
tiukkapipoinen
todellinen
todistamaton
todisteellinen
tohelo
toimekas
toimelias
toimeton
toimikas
-
toiminnallinen
-
toimiva
toisenlainen
toisenmoinen
toisinajatteleva
toistainen
toiveikas
toivoton
toivottava
toivottu
tokkurainen
toksinen
tolerantti
tolkuton
tollo
tolstoilainen
tolvana
tomera
tommoinen
tomppeli
tomuinen
tonaalinen
tonttu
toope
topakka
topeliaaninen
topografinen
torainen
toraisa
torjuva
-
torstainen
tosi
tosikkomainen
totaalinen
totalitaarinen
totalitaristinen
totemistinen
totinen
tottelematon
tottelevainen
tottumaton
totunnainen
totuudellinen
touhukas
toukkainen
toverillinen
traaginen
traditionaalinen
transgeeninen
transitiivinen
transparentti
transsendentti
transsendenttinen
traumaattinen
trendikäs
trigonometrinen
trikoinen
triviaali
trooppinen
trotskilainen
truistinen
tsaarillinen
tsaristinen
tšekkiläinen
tuberkuloottinen
tuhantinen
tuhlaavainen
tuhma
tuhoisa
tuholainen
tuhoton
tuhruinen
tuhti
tuikea
tuima
tukala
tukeva
-
tukkilainen
tukkoinen
tulehduksellinen
tuleva
tulevainen
tulimmainen
tulinen
tulisijallinen
tulkinnallinen
-
tulliton
-
tulokas
tuloksekas
tuloksellinen
tulokseton
-
tuloton
tulvainen
-
tumallinen
tumma
tumpula
tungetteleva
tunkeileva
tunkkainen
-
tunnelmallinen
tunnettu
tunnokas
tunnollinen
tunnoton
tunnustamaton
tunnustuksellinen
tunnustukseton
tunteellinen
tunteeton
tunteikas
-
tuntematon
-
-
tuntuinen
tuntuva
tuohinen
tuoksuinen
tuoksuton
tuolloinen
tuommoinen
tuonnimmainen
tuonnoinen
tuore
tuotannollinen
-
tuottamaton
tuottamuksellinen
tuottava
tuottelias
-
tuottoisa
tupakaton
tupakoimaton
tupellinen
tupla
tupsullinen
turboahdettu
turboahtimellinen
turbulenttinen
turha
turhamainen
turkasenmoinen
turkkilainen
-
turmelematon
turmeltumaton
turmiollinen
-
turpea
turski
turta
turvaamaton
turvaisa
turvallinen
turvallisuusriski
turvariski
turvaton
tuskainen
tuskaisa
tuskallinen
tuskaton
tutkimaton
tutkinnallinen
tutkiva
tuttava
tuttavallinen
tuttu
tuuhea
tuuleton
tuulikankainen
tuulinen
tuumainen
-
tweedkankainen
tyhjentymätön
tyhjentävä
tyhjä
tyhjätaskuinen
tyhmä
tyköistuva
tylppä
tylsä
tyly
tympeä
typekäs
typerä
typografinen
typologinen
tyrannimainen
tyrskyinen
tyttömäinen
tyttöparka
tyvekäs
tyven
-
tyydyttymätön
tyydyttämätön
tyydyttävä
tyylikäs
tyylillinen
tyylinen
tyylitön
tyyni
tyypillinen
tyyppinen
tyyris
tyytymätön
tyytyväinen
työllinen
työläs
työnjohdollinen
työsuojelullinen
työteliäs
työtön
tähdekäs
tähdellinen
tähdetön
tähdikäs
tähkäinen
tähtimäinen
tähtinen
tähysteinen
tähänastinen
täkäläinen
tällöinen
tämmöinen
tämänlainen
tämänmoinen
tännimmäinen
tänäinen
täplikäs
täpläinen
täpärä
tärkeä
täsmällinen
tätimäinen
täydellinen
täysi
täysihoitolainen
täysinpalvellut
täysinäinen
täyskanttinen
täyteinen
täyteläinen
täytteellinen
täytteinen
täyttymätön
täyttämätön
täytäntöönpaneva
töhryinen
-
tökerö
tömäkkä
tönkkö
töpö
törkeä
törkyinen
töyhdöllinen
töykeä
ugrilainen
uhkaava
uhkea
uhmainen
uhmaisa
uhmakas
uhrautuva
uhrautuvainen
uiva
uivelo
ujo
ujostelematon
ukkoskuuro
ukrainalainen
uljas
ulkoinen
ulkokullattu
ulkolainen
ulkomainen
ulkonainen
ulkoneva
uloimmainen
uloin
ulommainen
ulompi
ulotteikas
-
ultramariini
umbra
ummikko
umpieritteinen
umpikuuro
umpimähkäinen
umpinainen
unelias
uneton
uniikki
uninen
universaali
universaalinen
unkarilainen
unohtavainen
unohtumaton
untuvainen
upea
upotteinen
uppoamaton
uraauurtava
uralilainen
urbaani
urbaaninen
urhea
urheilullinen
urhoollinen
urologinen
usea
useammanlainen
useanlainen
uskalias
uskalikko
-
uskollinen
uskomaton
uskonnollinen
uskoton
uskottava
uskottu
uskova
uskovainen
usvainen
utelias
utilitaristinen
utooppinen
utopistinen
utuinen
uudenlainen
uudestisyntynyt
uudistumaton
uunillinen
uuno
uupumaton
uuras
uurteellinen
uurteinen
uusi
uusiseelantilainen
uusitestamentillinen
uuttera
uutukainen
vaahtoinen
vaalea
vaarainen
vaarallinen
vaaraton
vaatelias
vaatimaton
vaativa
vaativainen
-
vadillinen
vaginaalinen
vahingoittumaton
vahingollinen
vahva
-
vahvistamaton
-
vahvuinen
vaihdettava
vaiheikas
-
vaiheittainen
-
vaihtosuuntaaja
vaikea
vaikeaselkoinen
vaikuttava
-
-
vaillinainen
vaimea
vainolainen
-
-
-
vaistomainen
vaisu
vaitelias
vaitonainen
vaivainen
vaivalloinen
vaivaton
vaivihkainen
vaja
vajaa
vajanainen
vajauksellinen
vajava
vajavainen
vakaa
vakainen
vakaumuksellinen
vakava
vakavailmeinen
vakinainen
vakio
vakioinen
vakiovarusteinen
vakituinen
vakuudellinen
vakuutettu
vakuuttamaton
vakuuttava
valakka
valallinen
valantehnyt
valapattoinen
valheellinen
validi
valikoimaton
valinnainen
-
valio
valitettava
valju
valkaisematon
valkea
valkohapsinen
valkohehkuinen
valkoinen
valkolainen
-
vallaton
vallitseva
valloittamaton
valloittava
vallonilainen
valmis
valmistava
-
valoisa
valokuvamainen
valo-ohjattu
valpas
valtainen
-
valtaisa
valtava
valtiollinen
valtioton
valtoin
valtuutettu
vammainen
vanerinen
vanha
vanhahtava
vanhastava
vanhatestamentillinen
vanhin
vanhoillinen
vanhurskas
vankka
vankkumaton
vannoutunut
vanttera
vanumaton
vapaa
vapaalippulainen
varainen
varakas
varaton
varauksellinen
varaukseton
varauksinen
varhainen
varhempi
vari
vari
variaabeli
varjoinen
varjoisa
varma
varomaton
varottava
varova
varovainen
-
varpaiset
varrekas
varrellinen
varsinainen
-
-
vartavastinen
varteenotettava
varteva
-
vartioimaton
vasemmistolainen
vasen
vasikkamainen
vasituinen
vaskinen
vaskulaarinen
vasomotorinen
vastaamaton
vastaanottavainen
vastaava
vastaavanlainen
vastahakoinen
vastahankainen
vastainen
vastakkainen
vastaleivottu
vastasyntynyt
vastattava
vastavihitty
vastikkeellinen
vastikkeeton
-
vastuksellinen
vastukseton
-
vastustamaton
vastuullinen
vastuuton
vasuri
vatjalainen
-
vatsakas
vauhdikas
vauhdillinen
vauhditon
vauhko
-
vaunulastillinen
vaununlastillinen
vauras
vedekäs
vedetön
vegetaarinen
vegetatiivinen
vehmas
vehnäinen
vehreä
veikeä
veistoksellinen
veiterä
veitikkamainen
vekkuli
velallinen
velaton
velho
veljellinen
velkainen
velmu
veltto
velvoitetyöllistettävä
velvollinen
veneerinen
venelastillinen
venerologinen
venäläinen
vepsäläinen
verbaalinen
verekäs
veres
veretön
verevä
verhoamaton
verinen
verkainen
verkkainen
verkkaisa
-
veroinen
verollinen
veronalainen
veronalainen
veroton
verotuksellinen
verrannollinen
verraton
vertahyytävä
vertainen
vertikaali
vertikaalinen
vesakkoinen
vesikauhuinen
vesinen
vesistöinen
vesseli
vetelä
vetinen
vetoinen
vetoisa
vetreä
vettähylkivä
vettäläpäisevä
vetämätön
vetävä
viallinen
viaton
viehkeä
viehko
viehättävä
viekas
vieno
vieras
viereinen
vierekkäinen
viettelevä
vietto
vietävänmoinen
vihainen
vihanta
viheliäinen
vihertävä
vihervä
vihkimätön
vihkiytymätön
vihmainen
vihollinen
vihreä
viihteellinen
viihtyisä
-
viikoittainen
viiksekäs
viiksikäs
-
viileä
viimainen
viimeinen
viimeistelemätön
viinainen
viinaton
viipymätön
viiruinen
viirukas
viirullinen
viisas
viisto
viitseliäs
viittauksellinen
viitteellinen
-
viivallinen
-
vikkelä
viktoriaaninen
vikuri
vilja
viljava
viljelemätön
vilkas
villainen
villakankainen
villava
villi
vilpas
vilpillinen
vilpitön
vilpoinen
vilpoisa
vilu
viluinen
vimmainen
vimmaisa
vimmattu
vinha
vinkeä
vino
vinoittainen
vinottainen
violetti
virallinen
viraton
-
vireä
virheellinen
virheetön
-
viriili
virikkeellinen
virikkeetön
virikkeinen
-
virittämätön
virkaa toimittava
virkamiesmäinen
virkeä
virkku
virolainen
virologinen
virtainen
virtaisa
virtuoosimainen
virtuoosinen
virulentti
visainen
visionäärinen
viskoosinen
vissi
visu
visuaalinen
visvainen
vitaali
vitaalinen
vitalistinen
vitamiinikas
-
vitkallinen
vitsikäs
vittumainen
viuhkamainen
vivahduksekas
vivahdukseton
vivahteeton
vivahteikas
vivahteinen
vivipaarinen
-
voimakas
voimallinen
voimaton
voinen
-
-
voitokas
voitollinen
voittamaton
-
voittoisa
volgalainen
vulgaari
vulgääri
vulkaaninen
-
vuokralainen
vuolas
vuonoinen
vuorillinen
vuorinen
-
vuoristoinen
vuoristolainen
vuoriton
-
vuoroittainen
-
vuosittainen
vuotamaton
-
-
vuotuinen
vyöhykkeinen
vyöllinen
vyötäiset
-
vyötön
väekäs
-
väetön
vähemmistöläinen
vähempi
vähennettävä
vähittäinen
vähä
vähäilmeinen
vähäinen
vähäläntä
vähänläntä
vähäpätöinen
väistyvä
väistämätön
väkevyinen
väkevä
-
väkinäinen
väkäsellinen
välilaskuton
välillinen
välinen
-
-
-
välitön
väljä
-
välttämätön
välttävä
välähdyksellinen
väläyksellinen
värikäs
värillinen
värinen
-
-
väritön
väriäpäästävä
värjäytymätön
värjäämätön
värähtämätön
väsymätön
väsynyt
vääjäämätön
väärentämätön
vääristelemätön
väärtti
väärä
yhdenlainen
yhdistetty
yhdysvaltalainen
yhteenlaskettu
yhteinen
yhteismitaton
yhteisöllinen
yhtenevä
yhtenäinen
yhtäkkinen
yhtäläinen
yksi-ilmeinen
-
yksikotinen
yksiköllinen
yksilappeinen
yksilevyinen
yksilevyinen
yksilöittäinen
yksilöllinen
yksinäinen
yksitoikkoinen
yksittäinen
yksituumainen
yksityinen
yksivaimoinen
yksiymmärteinen
yleinen
yleissivistävä
ylellinen
ylempi
ylenkatseellinen
ylenpalttinen
yletön
ylevä
ylhäinen
yliammuttu
yliampuva
yliedustettu
ylihuolehtiva
ylijäämäinen
ylikansoitettu
ylikiihottunut
ylikoulutettu
ylikukkinut
ylikäymätön
ylimainostettu
ylimalkainen
ylimmäinen
ylimyksellinen
ylin
ylinen
yliohjautuva
yliolkainen
yliopistollinen
ylipursuava
ylipursuva
ylirasittunut
ylitsevuotava
ylittämätön
yllättävä
yllätyksekäs
yllätyksellinen
yllätyksetön
ylpeä
ylväs
ylävä
ylösotettu
ymmyrkäinen
ymmärrettävä
ymmärryksellinen
-
ymmärtämätön
ymmärtävä
ymmärtäväinen
ympyriäinen
ynseä
yritteliäs
yritysriski
yrmeä
yskäinen
ystävällinen
ytimekäs
yöllinen
yötön
zoologinen
äidillinen
äiditön
äimä
äimä
äitelä
äkeä
äkillinen
äkkinäinen
äksy
äkäinen
äkämys
-
älykäs
älyllinen
älytön
änkkä
äreä
ärhäkkä
ärhäkäs
ärjy
ärtyinen
ärtyisä
äskeinen
äskettäinen
äveriäs
ääliömäinen
äänekäs
äänellinen
äänetön
ääninen
äänteellinen
-
ääreinen
äärellinen
ääretön
äärimmäinen
öinen
öljyinen
öljykankainen
öljymäinen
öykkäri
öykkärimäinen
