abstraktistua
ahdistua
aiheellistua
aikaistua
aikuistua
aineellistua
aineistua
ajankohtaistua
ajanmukaistua
aktiivistua
aktuaalistua
alistua
allergistua
altistua
amerikkalaistua
ammatillistua
ammattilaistua
ammua
anoa
aristua
arkistua
arvopaperistua
astua
asua
autoistua
automaattistua
banaalistua
byrokraattistua
demokraattistua
digitaalistua
edustua
ehdollistua
elostua
eriarvoistua
erikoistua
erilaistua
eroottistua
eurooppalaistua
fossiilistua
gettoistua
globaalistua
haalistua
haaroa
halveksua
hammastua
harmistua
harmonistua
haroa
harrastua
harvinaistua
haurastua
havainnollistua
hehkua
heijastua
heilua
hennoa
hermostua
herua
hetkua
hidastua
hienostua
hieroa
hihkua
hiillostua
hiiskua
hillua
hioa
hiostua
hirmustua
hirnua
hohkua
hoikistua
horjua
hosua
huikaistua
huipistua
huljua
humaanistua
huoistua
huojistua
huojua
huokoistua
huolestua
hurjistua
ihastua
ilmastua
ilostua
immuunistua
innostua
institutionaalistua
iskostua
istua
jalostua
jatkua
julmistua
juroa
kajastua
kaksinkertaistua
kallistua
kammoa
kammoksua
kangastua
kangistua
kansanvaltaistua
karaistua
karjua
karkaistua
karvoa
kastua
katkoa
katsoa
kauhistua
kauhoa
kaunistua
kaupallistua
kaupungistua
kaupunkilaistua
kaupunkimaistua
kehua
keinua
kellastua
kellua
kermoa
kerrostua
kerskua
keskiluokkaistua
kiehua
kiilua
kiinnostua
kiivastua
kiljua
killua
kimmastua
kinostua
kinua
kirjoa
kirkastua
kirskua
kiskoa
kiukustua
kohdistua
kolminkertaistua
koloa
komistua
kompastua
koneellistua
koneistua
konkreettistua
konttoristua
koostua
korostua
korskua
kostua
kotimaistua
koukistua
kouristua
kroonistua
kuivua
kukistua
kulua
kummaksua
kummastua
kummeksua
kuohua
kupristua
kuristua
kurjistua
kuroa
kurtistua
kutistua
kutsua
kuulua
kuumua
kuvastua
kyseenalaistua
lahjoa
laillistua
laimistua
laiskistua
laitostua
lakastua
lannistua
laskostua
latistua
latvoa
lausua
leijua
leiskua
lellua
liberaalistua
liehua
lietsoa
lihoa
lillua
lipsua
lirua
liukastua
lohkoa
loiskua
lojua
loksua
lonksua
louskua
luhistua
luisua
luonnistua
länsimaistua
maailmallistua
maalaistua
maallistua
maannostua
mahdollistua
maistua
malignistua
maltillistua
maneeristua
marjoa
matemaattistua
materiaalistua
maustua
mehustua
mekaanistua
meloa
mesoa
mineraalistua
modernistua
monialaistua
monimuotoistua
monimutkaistua
moninaistua
monipuolistua
monistua
muistua
mullistua
muodostua
murjoa
murustua
mustua
mutkistua
muukalaistua
nahistua
nahkoa
naisistua
naisvaltaistua
naksua
napsua
narskua
nelinkertaistua
neuloa
neuroottistua
neutraalistua
neuvoa
nietostua
niksua
nirskua
nivoa
nolostua
norjistua
normaalistua
norua
notkistua
notkua
oikeistolaistua
omaksua
omavaraistua
onnistua
orastua
osallistua
osua
otaksua
oudoksua
paapoa
pahaksua
pahanlaatuistua
pahastua
paheksua
paikallistua
painua
paiskoa
paistua
paisua
pakastua
paljastua
paljoksua
paloa
palvoa
passiivistua
pelastua
pensastua
pensoa
perua
perustua
pikaistua
pillastua
pinnallistua
pirskua
pirstoa
poistua
poliittistua
polvistua
porrastua
porvarillistua
produktiivistua
proletaaristua
puhdistua
puhkoa
puhkua
puhua
pujoa
pullistua
pulskistua
punastua
punoa
puristua
purskua
pursua
pääomavaltaistua
raaistua
radikaalistua
raitistua
raivostua
rakastua
raksua
ranskalaistua
rapistua
rationaalistua
ratkoa
ravistua
reaalistua
reipastua
retkua
riehua
riemastua
riisua
rikastua
rinnastua
ripsua
risoa
rohkaistua
roiskua
rouskua
ruhjoa
rumistua
runnoa
runsastua
ruostua
ruotsalaistua
ruskistua
ruskua
rutistua
ruumiillistua
ruumistua
saastua
sairastua
salvoa
samaistua
samankaltaistua
samanlaistua
samansuuntaistua
samastua
sammua
sanoa
saostua
sarjoa
sarveistua
saunoa
sauvoa
savustua
seisoa
seksuaalistua
sekulaaristua
sestoa
seuloa
soistua
sokaistua
sokeristua
soljua
solua
somistua
sorjistua
sosiaalistua
soukistua
spesiaalistua
suipistua
suistua
sujua
sukulaistua
sulloa
suomalaistua
suoristua
suostua
supistua
surkastua
survoa
tahdistua
talloa
tarkoituksenmukaistua
tasapuolistua
tehdasmaistua
tehostua
teloa
teollistua
tiedostua
tihkua
tirskua
tirsua
todellistua
todistua
toistua
toivoa
torjua
torua
tuimistua
tulistua
tulostua
tummua
tuoksua
tuotteistua
turskua
tursua
tuskastua
tutua
tutustua
tuuhistua
tuutua
uhkua
uinua
ujua
ulvoa
universaalistua
urbaanistua
uskoa
uudistua
vaarua
vahvistua
vakavaraistua
vakinaistua
valaistua
valistua
valmistua
valostua
valpastua
valtiollistua
valua
valvoa
vankistua
vannoa
vanua
varjostua
varmistua
varoa
varsoa
vasemmistolaistua
vasoa
vastoa
vatvoa
vaurastua
vedostua
velloa
veltostua
verkostua
versoa
vesoa
vieroa
vieroksua
vihastua
vihloa
vihmoa
viisastua
vilkastua
vilustua
vimmastua
virallistua
virua
viskoa
vitsoa
viuhua
voimistua
yhdenmukaistua
yhdensuuntaistua
yksipuolistua
arkipäiväistyä
edistyä
ehkäistyä
eksyä
epämääräistyä
eristyä
esineellistyä
esineistyä
estyä
helskyä
hengästyä
henkistyä
heristyä
herkistyä
hersyä
hiestyä
hyllyä
hytkyä
hyväksyä
häikäistyä
häilyä
hämmästyä
härmistyä
häälyä
hölmistyä
hölskyä
höyrystyä
ihmismäistyä
ihmistyä
ikävystyä
ilmestyä
inhimillistyä
itsenäistyä
jylhistyä
jyrkistyä
jyskyä
järjestyä
järkeistyä
järkiperäistyä
jäykistyä
kaksikielistyä
kansainvälistyä
kellistyä
kielteistyä
kilpistyä
kipristyä
kiristyä
kitistyä
kyllästyä
kypsyä
kysyä
kyykistyä
kyyristyä
känsistyä
käpristyä
käristyä
kärjistyä
käynnistyä
käyristyä
käytännöllistyä
köykistyä
köyristyä
leyhyä
liestyä
likistyä
litistyä
lyllyä
lyyhistyä
lyykistyä
lähestyä
läiskyä
läntistyä
läpsyä
löllyä
löystyä
menestyä
miehistyä
mielistyä
mykistyä
myöhästyä
mäiskyä
mätästyä
nyrpistyä
nytkyä
närkästyä
pelkistyä
pelästyä
pieneksyä
pilvistyä
pinnistyä
piristyä
pitkistyä
pitkästyä
pystyä
pysyä
pyöristyä
päilyä
pärskyä
pöllämystyä
pöyhistyä
ryhdistyä
rypistyä
ryskyä
rytkyä
ryvästyä
räiskyä
ränsistyä
ränstyä
räpsyä
seestyä
sievistyä
sinistyä
sisäistyä
sitkistyä
sivistyä
sydämistyä
sydämystyä
synkistyä
syyhyä
syyllistyä
syöksyä
sähköistyä
säihkyä
säilyä
säilöä
säännöllistyä
säästyä
teknistyä
terästyä
tieteellistyä
tiivistyä
tyhmistyä
tykästyä
tylpistyä
tylsistyä
tylstyä
tylsyä
typistyä
tyrmistyä
tyttöistyä
työllistyä
työlästyä
tärskyä
täsmällistyä
täydellistyä
täyteläistyä
vapaamielistyä
venyä
venäläistyä
verestyä
veristyä
vetistyä
vetristyä
viihteellistyä
viivästyä
virkistyä
vyöryä
väheksyä
vähäksyä
väijyä
väistyä
välineellistyä
värjyä
väsyä
vääristyä
yhdistyä
yhtenäistyä
yhtäläistyä
yksilöllistyä
yksinäistyä
yksityistyä
yleistyä
ylellistyä
ylpistyä
ystävystyä
ähkyä
äimistyä
äkämystyä
ällistyä
älyllistyä
ärjyä
haukkoa
haukkua
hukkua
ilkkua
keikkua
kiikkua
kukkua
laukkoa
liikkua
nukkua
nuokkua
paukkua
pilkkoa
raakkua
riekkua
rikkoa
rikkua
roikkua
tiukkua
torkkua
vaakkua
vilkkua
helkkyä
järkkyä
kärkkyä
läikkyä
rääkkyä
väikkyä
välkkyä
harppoa
hoippua
kieppua
lerppua
loppua
riippua
tippua
vaappua
leppyä
ajettua
ajoittua
akoittua
alittua
arvettua
asettua
erottua
haaroittua
haavoittua
hahmottua
hapettua
hapottua
helpottua
hermottua
houkuttua
huvittua
ilmoittua
innoittua
irrottua
jaksottua
jumittua
juoksettua
juustottua
juuttua
kaarnoittua
kaasuttua
kaavoittua
kansoittua
karstoittua
karttua
karvoittua
kasvettua
kasvittua
kelottua
kermoittua
kiihottua
kiillottua
kirjoittua
kohmettua
koksittua
kouluttua
kovettua
kuivettua
kulottua
kuorettua
kuormittua
kurottua
kuusettua
kvantittua
lajittua
lannoittua
lasittua
liikuttua
liimoittua
limoittua
linnoittua
liuskoittua
lomittua
lujittua
lukittua
lumettua
luokittua
majoittua
maksoittua
mellottua
muuttua
naarmuttua
naavoittua
nevoittua
nurmettua
ohittua
pahoittua
painottua
parroittua
pensoittua
pihkoittua
pingottua
poimuttua
pujottua
punoittua
puolittua
puuttua
rahkoittua
rajoittua
rakottua
raottua
rasittua
rasvoittua
rauhoittua
romuttua
roudittua
ruohottua
ruskettua
rustottua
ruvettua
sattua
savettua
savuttua
sekoittua
sierottua
sijoittua
silottua
sirottua
suhdittua
sumuttua
suodattua
suomettua
suuttua
tahmettua
taimettua
taittua
talttua
tarttua
tasoittua
teroittua
tomuttua
tottua
turvettua
turvottua
tuuhettua
tuulettua
ukottua
ulettua
ulottua
unhoittua
unhottua
vahingoittua
vaikuttua
vakuuttua
valottua
vanuttua
varttua
varvuttua
vauhdittua
verkottua
vesoittua
vieroittua
viittoa
vilvoittua
vioittua
virvoittua
visoittua
erittyä
hedelmöittyä
heinittyä
heittyä
hiilettyä
hilsettyä
hirttyä
hyhmettyä
hälyttyä
härmettyä
höyryttyä
jähmettyä
jännittyä
järkyttyä
kehittyä
keittyä
keskittyä
kesyttyä
kiinnittyä
kivettyä
kylmettyä
känsittyä
levittyä
liettyä
lievittyä
liittyä
limittyä
lyöttyä
lännettyä
metsittyä
miehittyä
myrkyttyä
näivettyä
pehmittyä
peittyä
pettyä
pidättyä
pinttyä
pitkittyä
pyryttyä
päivettyä
päättyä
pöhöttyä
pölyttyä
pörröttyä
riittyä
ryhmittyä
rytmittyä
ryvettyä
rämettyä
selittyä
sienettyä
sierettyä
siivittyä
silittyä
syttyä
sävyttyä
tyydyttyä
täplittyä
täyttyä
venyttyä
vesittyä
vettyä
viehättyä
viestittyä
virittyä
virttyä
välittyä
välttyä
värittyä
ylettyä
ylittyä
yllättyä
ärsyttyä
öljyttyä
aikoa
aukoa
halkoa
hiukoa
huokua
joikua
kaikua
kiekua
kirkua
laukoa
liukua
lohkoa
loikoa
maukua
moikua
moukua
naukua
nurkua
oikoa
parkua
piikoa
raakua
raikua
roikua
taikoa
takoa
velkoa
hyökyä
mäikyä
määkyä
näkyä
räikyä
rääkyä
särkyä
arpoa
haipua
hiipua
hipoa
huopua
juopua
leipoa
lipoa
lipua
luopua
riepoa
riipoa
saapua
silpoa
suopua
taipua
tarpoa
toipua
uupua
vaipua
virpoa
voipua
elpyä
häipyä
syöpyä
viipyä
yöpyä
aavikoitua
absorboitua
abstrahoitua
adaptoitua
adsorboitua
ahavoitua
ahtautua
aitoa
ajautua
akkautua
akklimatisoitua
aktivoitua
aktualisoitua
allergisoitua
ankkuroitua
ansioitua
antautua
arpeutua
aseistautua
asennoitua
asettautua
assimiloitua
assosioitua
autioitua
automatisoitua
avautua
avioitua
banalisoitua
blokkiutua
byrokratisoitua
degeneroitua
dementoitua
demokratisoitua
demoralisoitua
devalvoitua
differentioitua
eliminoitua
emansipoitua
emigroitua
erakoitua
erkautua
erotisoitua
erottautua
eskaloitua
etabloitua
etoa
fakkiutua
fiksoitua
fossilisoitua
frustroitua
fuusioitua
gettoutua
ghettoutua
globalisoitua
haarautua
haaskautua
haavautua
hahmoutua
haihtua
hairahtua
hakautua
hakeutua
hakkautua
haltioitua
halvautua
hankaloitua
hankautua
hankkiutua
happamoitua
harmonisoitua
hautautua
hautoa
hautoutua
hautua
havahtua
herpautua
hieroutua
hilautua
hilloutua
hinautua
hioutua
hitsautua
hiutua
hivuttautua
hoitua
homehtua
hopeoitua
huhtoa
huitoa
hukuttautua
humanisoitua
hurmautua
hurmioitua
huuhtoa
huuhtoutua
huumautua
hypnotisoitua
identifioitua
ilahtua
ilmoittautua
immunisoitua
indusoitua
infektoitua
inhiboitua
inkarnoitua
inspiroitua
institutionalisoitua
integroitua
intoutua
invalidisoitua
invalidoitua
ionisoitua
irrottautua
irtautua
isoloitua
istuutua
jakautua
jalkautua
jauhautua
johtua
joutua
julistautua
jumiutua
juohtua
juppiutua
juroutua
juustoutua
kaareutua
kaatua
kaivautua
kalkkeutua
kalkkiutua
kampeutua
kanalisoitua
kanavoitua
kanonisoitua
kantautua
kapeutua
kapseloitua
karheutua
karioitua
kariutua
karkeutua
karnevalisoitua
karsinoitua
karsiutua
karstautua
kartelloitua
kasautua
kastautua
katkeroitua
katua
kauhtua
kaunistautua
kelautua
keloutua
kertautua
kesannoitua
ketjuutua
kiehtoa
kieroutua
kietoa
kietoutua
kiihkoutua
kiilautua
kirjoittautua
kirnuutua
kiskoutua
kitua
koaguloitua
kohottautua
koitua
kokkaroitua
kokoutua
koksautua
kolhiutua
kombinoitua
kompensoitua
komplisoitua
kondensoitua
konkretisoitua
konsentroitua
koristautua
korjautua
korkkiutua
korreloitua
korruptoitua
korvautua
kostautua
koteloitua
kouliutua
kouluttautua
kristallisoitua
kristalloitua
kuihtua
kuittautua
kulkeutua
kulminoitua
kuloutua
kultautua
kumuloitua
kunnostautua
kuohkeutua
kuoleutua
kuolioitua
kuoppautua
kuoreutua
kureutua
kurkottautua
kurottautua
kuroutua
kutoa
kutoutua
kuuroutua
kuvautua
laahautua
lahoutua
laihtua
laittautua
lajiutua
lakoutua
lamautua
lappautua
laskeutua
latautua
latoa
lauhtua
leikkautua
leipoutua
liberalisoitua
liehtoa
liigautua
liimautua
liittoutua
linkoutua
linnoittautua
listautua
lohduttautua
lohkoutua
lokalisoitua
lommoutua
loukkautua
lukeutua
lukkiutua
lukkoutua
lumeutua
lupautua
lutviutua
luutua
maastoutua
maatua
magnetisoitua
magnetoitua
mahtua
majoittautua
malignisoitua
malignoitua
manifestoitua
marinoitua
marmoroitua
mataloitua
matematisoitua
materialisoitua
mekanisoitua
meritoitua
mineralisoitua
modernisoitua
modifioitua
moduloitua
monopolisoitua
monopoloitua
moottoroitua
motivoitua
motorisoitua
mukautua
mukavoitua
multautua
muokkautua
muovautua
mureutua
murjoutua
murskautua
murtautua
mutatoitua
muumioitua
muuntautua
muurautua
naamioitua
nasevoitua
nauliutua
navakoitua
nekrotisoitua
neurotisoitua
neutralisoitua
neutraloitua
nitoa
nivoutua
noitua
nokeutua
nollautua
nopeutua
normalisoitua
notkeutua
nuhrautua
nuutua
ohjautua
ojentautua
oksidoitua
omistautua
onteloitua
organisoitua
orientoitua
osoittautua
paahtua
paatua
painautua
paiskautua
pajukoitua
pakahtua
pakkautua
pakottautua
paneutua
panssaroitua
pariutua
parkkiutua
parveutua
patinoitua
peilautua
pelastautua
personoitua
peruutua
pestautua
pigmentoitua
piilottautua
piiloutua
pintautua
pirstaloitua
pirstoutua
pohjautua
polarisoitua
polaroitua
politisoitua
polkeutua
polveutua
polymerisoitua
polymeroitua
ponnistautua
porautua
potensoitua
predestinoitua
privatisoitua
problematisoitua
profanoitua
profiloitua
proletarisoitua
prostituoitua
provosoitua
pudottautua
puhdistautua
pujottautua
pukeutua
pulveroitua
punakoitua
punehtua
punoutua
puoliutua
puolustautua
pureutua
puristautua
purkautua
pusertautua
puskeutua
puuroutua
puutua
raahautua
raapiutua
raappiutua
radikalisoitua
raffinoitua
raihnautua
raivautua
rajautua
rampautua
rantautua
rapautua
rapeutua
rappeutua
rasvautua
rationalisoitua
ratsautua
raunioitua
realisoitua
redusoitua
regeneroitua
rentoutua
resignoitua
reuhtoa
reutoa
revalvoitua
riisuutua
rikkoutua
ripustautua
rispautua
riuhtoa
riutua
robotisoitua
rohtua
rokahtua
rouhiutua
ruhjoutua
rullautua
rupeutua
ruskeutua
rustoutua
rutinoitua
ruttautua
ruuhkautua
sahautua
saippuoitua
sakeutua
sakkautua
sakoutua
salpautua
sameutua
sammaloitua
sanoutua
saumautua
saveutua
sedimentoitua
segmentoitua
seisahtua
sekautua
sekularisoitua
seuloutua
siilautua
sijoittautua
silmikoitua
silpoutua
sinkoutua
sintrautua
sirpaloitua
sitoa
sitoutua
siunautua
sivilisoitua
slummiutua
sohjoutua
sohvautua
sokeroitua
sokeutua
solakoitua
solmiutua
soluttautua
somistautua
sonnustautua
sopeutua
soseutua
sotkeutua
sovittautua
spesialisoitua
standardisoitua
standardoitua
stressautua
sublimoitua
substituoitua
suggeroitua
suhtautua
suhteutua
suivautua
sujuttautua
sukeltautua
sukeutua
sulautua
sulkeutua
sulloutua
sumautua
summautua
suojautua
suolautua
suoristautua
suoriutua
suotautua
suppeutua
survoutua
suttautua
suunnistautua
suuntautua
syntesoitua
syntetisoitua
tahkoutua
tahmautua
tahrautua
tahriutua
tahtoa
taivuttautua
takautua
tallautua
talveutua
tanakoitua
tapahtua
tarjoutua
tarrautua
tasautua
telakoitua
tempautua
tervautua
tikahtua
tislautua
tohtoroitua
toteutua
totuttautua
trustiutua
tuhlautua
tuhoutua
tuhrautua
tuhriutua
tukahtua
tukaloitua
tukehtua
tukeutua
tukevoitua
tukkeutua
tulehtua
tulppautua
tunkeutua
tunkkautua
tunnestautua
tunnustautua
tuohtua
tuoreutua
tuppautua
tuppeutua
turhautua
tuskautua
tuudittautua
tuuheutua
uhrautua
ujuttautua
ukkoutua
ulottautua
ummehtua
umpeutua
umpioitua
unohtua
uppoutua
urbanisoitua
uskaltautua
uusiutua
vaihtua
vaikeutua
vakautua
vakavoitua
vakioitua
vakuuttautua
valikoitua
valiutua
valmentautua
valmistautua
vammautua
vapautua
varastoitua
varautua
varmistautua
varustautua
vatkautua
vauhkoutua
vaurioitua
velkautua
velttoutua
verhoutua
verkkoutua
verkostoitua
vertautua
vesakoitua
veuhtoa
vierautua
vieroittautua
vihtoa
viistoutua
vilvoittautua
vinoutua
visautua
viskautua
viskoutua
vispautua
vitoa
viuhtoa
vulkanoitua
eheytyä
ehtyä
eläköityä
elävöityä
eläytyä
erehtyä
eristäytyä
eriytyä
esittäytyä
etsiytyä
hedelmöityä
heittäytyä
henkevöityä
henkilöityä
hikeytyä
hilsehtiä
hirttäytyä
hyytelöityä
hyytyä
hyötyä
häiriytyä
höyläytyä
imeytyä
iskeytyä
jengiytyä
jäkälöityä
jämäköityä
jäntevöityä
järeytyä
järjestäytyä
järkevöityä
jättäytyä
jäähtyä
jäätiköityä
jäätyä
kehkeytyä
keriytyä
keräytyä
keskeytyä
kieltäytyä
kiihtyä
kiinnittäytyä
kiinteytyä
kipeytyä
kirpeytyä
kiteytyä
kitkeröityä
klimppiytyä
kliseytyä
kytkeytyä
kyynelöityä
käheytyä
kätkeytyä
käyttäytyä
kääpiöityä
kääriytyä
kömpelöityä
köyhtyä
levittäytyä
liisteröityä
likistäytyä
lykkäytyä
lyöttäytyä
läkähtyä
löyhtyä
löytyä
mehevöityä
menehtyä
mitätöityä
määräytyä
nesteytyä
näyttäytyä
nöyhtäytyä
perehtyä
periytyä
peräytyä
peseytyä
pesiytyä
pidättäytyä
pikeytyä
piristäytyä
pistäytyä
pitäytyä
prässäytyä
pyhittäytyä
pynttäytyä
pysyttäytyä
pysähtyä
pyyhkiytyä
pyylevöityä
päihtyä
pätevöityä
päätyä
pönäköityä
rehevöityä
repeytyä
riistäytyä
ripittäytyä
risteytyä
ryhdistäytyä
ryhmittäytyä
ryhtyä
ryytyä
ryöstäytyä
rähjäytyä
rästiytyä
räytyä
rääkkäytyä
selkeytyä
selkiytyä
selviytyä
siistiytyä
siivilöityä
sikeytyä
siliytyä
sinetöityä
sitkeytyä
sykeröityä
syrjäytyä
säikähtyä
säröytyä
säätyä
tekeytyä
tervehtyä
terästäytyä
terävöityä
tiinehtyä
tympeytyä
tyrehtyä
tyrkyttäytyä
tyytyä
työntäytyä
tälläytyä
tärväytyä
täytyä
töhriytyä
töhräytyä
venyttäytyä
vetelöityä
vetreytyä
vetäytyä
viehtyä
vierittäytyä
vihkiytyä
viihtyä
villiytyä
virittäytyä
virkistäytyä
vyöttäytyä
väkevöityä
väljähtyä
värjäytyä
värväytyä
vääntäytyä
yhtyä
yksilöityä
ylevöityä
äityä
äveriöityä
hinkua
mankua
monkua
penkoa
pinkoa
vinkua
vonkua
ampua
tempoa
haaltua
humaltua
madaltua
paleltua
sammaltua
soveltua
suoltua
turmeltua
tuultua
varjeltua
heltyä
hiiltyä
häkeltyä
höltyä
imeltyä
kyltyä
kyyneltyä
mieltyä
niveltyä
sisältyä
tärveltyä
viljeltyä
yltyä
ajaantua
alentua
blokkiintua
eltaantua
erkaantua
fakkiintua
haalentua
haaraantua
haaskaantua
hajaantua
hakkaantua
halvaantua
halventua
hankaantua
hapantua
harhaantua
harjaantua
harmaantua
harmentua
harsuuntua
hartsaantua
hartsiintua
harventua
hattuuntua
hautaantua
heikontua
helpontua
herpaantua
hienontua
hitsaantua
hoikentua
huipentua
hukkaantua
hullaantua
huojentua
huonontua
hurmaantua
huumaantua
huuruuntua
ilmaantua
irtaantua
isontua
jakaantua
jarruuntua
jauhaantua
jauhentua
jumiintua
juontua
kaasuuntua
kahdentua
kaljuuntua
karhentua
karsiintua
karstaantua
karuuntua
kasaantua
kaventua
kehnontua
kertaantua
ketjuuntua
kieroontua
kietoontua
kimpaantua
kimppuuntua
kipsaantua
kirnuuntua
kiusaantua
kohdentua
kohentua
kokoontua
koksiintua
kolhiintua
korjaantua
korkkiintua
korpeentua
korvaantua
korventua
kouliintua
kouruuntua
koventua
kuhmuuntua
kuittaantua
kulkeentua
kuoleentua
kuontua
kuoppaantua
kuraantua
kuumentua
kuvantua
laahaantua
laajentua
laantua
laihentua
laimentua
laiskiintua
lakoontua
lamaantua
laventua
leikkaantua
leudontua
liejuuntua
liimaantua
likaantua
limaantua
liudentua
lohkoontua
loitontua
loiventua
lommoontua
loskaantua
loukkaantua
lujentua
lukkiintua
luontua
masentua
miedontua
muhentua
mukaantua
multaantua
muokkaantua
muovaantua
murentua
murskaantua
muuntua
naarmuuntua
nauliintua
niljaantua
niukentua
nokeentua
nollaantua
norjentua
nuhjaantua
nuhraantua
nukkaantua
nuorentua
ohentua
ojentua
ontua
paakkuuntua
pahentua
paikantua
pakkaantua
paksuntua
paksuuntua
parantua
parkkiintua
peruuntua
pihkaantua
pilaantua
piruuntua
poimuuntua
pottuuntua
puoliintua
purkaantua
raaentua
raahaantua
raapiintua
raappiintua
raihnaantua
raiskaantua
rakentua
rampaantua
rantaantua
rasvaantua
reumaantua
riehaantua
riisuuntua
riitaantua
rikkoontua
rispaantua
roskaantua
rouhiintua
routaantua
routiintua
ruhjoontua
rumentua
rusentua
ruttaantua
ruuhkaantua
sakkaantua
salpaantua
samentua
sankentua
sekaantua
silppuuntua
sintraantua
sisuuntua
siunaantua
sohjoontua
sointua
sokeentua
somentua
sotkeentua
sottaantua
soukentua
stressaantua
suipentua
suivaantua
sumentua
sumppuuntua
sumuuntua
suolaantua
suomentua
suttaantua
suurentua
taajentua
taantua
tahkoontua
tahmaantua
tahmentua
tahraantua
tahriintua
taintua
takkuuntua
tallaantua
tallentua
talveentua
tarkentua
tasaantua
tempaantua
tervaantua
tislaantua
tiuhentua
tiukentua
todentua
tointua
tuhlaantua
tuhraantua
tuhriintua
tuimentua
tukkeentua
tukkiintua
tuleentua
tummentua
tunkkaantua
tuntua
tuppaantua
turhaantua
tuskaantua
tuuhentua
tuuleentua
ukkoontua
umpeentua
uudentua
vaalentua
vaarantua
vahventua
vaientua
vaimentua
vaivaantua
vajentua
vakaantua
vakiintua
vanhentua
vankentua
varhentua
varmentua
vatkaantua
vauhkoontua
velkaantua
vieraantua
vikaantua
vispaantua
vittuuntua
enentyä
erääntyä
esiintyä
etääntyä
heikentyä
herkentyä
hikeentyä
hiljentyä
himmentyä
häiriintyä
hälventyä
hämmentyä
hämääntyä
härmääntyä
härskiintyä
hätääntyä
höllentyä
höylääntyä
höyryyntyä
ikääntyä
ilmentyä
jyrkentyä
jäljentyä
järkiintyä
jäsentyä
jäykentyä
kelmentyä
kerääntyä
kesyyntyä
keventyä
kiintyä
kyllääntyä
kylmentyä
kypsentyä
kyrpiintyä
kärventyä
kääntyä
kääriintyä
köyhentyä
leipääntyä
leventyä
lientyä
lieventyä
likentyä
lisääntyä
lyhentyä
lykkääntyä
lähentyä
löyhentyä
löysentyä
mitätöntyä
myöhentyä
myöntyä
mädäntyä
nyppyyntyä
nälkiintyä
nääntyä
nöyhtääntyä
pehmentyä
perääntyä
pesiintyä
pidentyä
pienentyä
piintyä
pikeentyä
pikiintyä
pimentyä
pitentyä
pyttyyntyä
pölyyntyä
reikiintyä
repeentyä
rähjääntyä
rästiintyä
rääkkääntyä
selkeentyä
selkiintyä
selventyä
siementyä
sieventyä
sydäntyä
synkentyä
syntyä
syventyä
tihentyä
tyhjentyä
tyhmentyä
tykkääntyä
tylpentyä
tylsentyä
tympääntyä
tyventyä
tyyntyä
työntyä
tähdentyä
tärvääntyä
täsmentyä
täydentyä
töhriintyä
töhrääntyä
vereentyä
vetääntyä
viilentyä
villiintyä
vähentyä
väljentyä
värjääntyä
vääntyä
yhdentyä
ylentyä
äkääntyä
ärsyyntyä
ääntyä
öljyyntyä
avartua
hapertua
huurtua
juurtua
kaartua
kertoa
kihartua
kovertua
kumartua
kuortua
kupertua
murtua
musertua
nujertua
nuortua
punertua
pusertua
sortua
suortua
takertua
turtua
tuupertua
vartoa
hiertyä
hämärtyä
kellertyä
kertyä
kiertyä
kipertyä
kivertyä
kähertyä
käpertyä
myrtyä
nöyrtyä
piirtyä
pyörtyä
pökertyä
siirtyä
sinertyä
sykertyä
typertyä
vertyä
vihertyä
ärtyä
aakkostaa
aavistaa
abstraktistaa
ahdistaa
aiheellistaa
aikaistaa
aineellistaa
aineistaa
aivastaa
ajankohtaistaa
ajanmukaistaa
ajantasaistaa
ajastaa
aktiivistaa
aktuaalistaa
alistaa
allastaa
allergistaa
altistaa
alustaa
ammatillistaa
ammattilaistaa
anastaa
annostaa
arastaa
aristaa
arvopaperistaa
arvostaa
aseistaa
asustaa
automaattistaa
avustaa
banaalistaa
byrokraattistaa
demokraattistaa
digitaalistaa
edustaa
ehdollistaa
ehostaa
elinkelpoistaa
elollistaa
ennallistaa
ennustaa
ensisijaistaa
eriarvoistaa
erikoistaa
erilaistaa
eroottistaa
etusijaistaa
formaalistaa
globaalistaa
haalistaa
hajustaa
hammastaa
harmonistaa
harrastaa
harustaa
havainnollistaa
heijastaa
helppotajuistaa
hidastaa
hiillostaa
hiostaa
hoikistaa
homogeenistaa
horrostaa
huipistaa
humaanistaa
huoistaa
huojistaa
huristaa
hurjistaa
ideaalistaa
ikuistaa
illastaa
ilmastaa
immuunistaa
individuaalistaa
innostaa
iskostaa
jalostaa
jalustaa
johdonmukaistaa
joustaa
juhlistaa
julistaa
julkistaa
jutustaa
kaavamaistaa
kajastaa
kakistaa
kaksinkertaistaa
kalastaa
kalistaa
kallistaa
kaltaistaa
kalustaa
kangastaa
kangistaa
kannustaa
kanonistaa
kansallistaa
kansantajuistaa
kansanvaltaistaa
kaplastaa
karistaa
karkeistaa
karsastaa
katsastaa
kauhistaa
kaunistaa
kaupallistaa
kaupungistaa
kaupunkimaistaa
kelastaa
kellastaa
kerrostaa
kiikastaa
kiinnostaa
kinostaa
kirkastaa
koestaa
kohdistaa
kojeistaa
kokoustaa
kolistaa
kolminkertaistaa
komistaa
koneellistaa
koneistaa
konkreettistaa
koostaa
kopistaa
koristaa
korostaa
kostaa
kotimaistaa
koukistaa
kouristaa
kovistaa
kriminaalistaa
kroonistaa
kuivaa
kukistaa
kukoistaa
kullastaa
kunnallistaa
kunnostaa
kupristaa
kuristaa
kurjistaa
kurkistaa
kurtistaa
kutistaa
kuulostaa
kuvastaa
kyseenalaistaa
laadullistaa
laahustaa
laillistaa
laimistaa
laiskistaa
laitostaa
lannistaa
laskostaa
latinaistaa
latinalaistaa
latistaa
lavastaa
legaalistaa
liberaalistaa
liitostaa
linnustaa
liukastaa
lohestaa
loistaa
lounastaa
luhistaa
luimistaa
luistaa
lunastaa
luonnistaa
luvallistaa
luvanvaraistaa
mahdollistaa
mainostaa
maksullistaa
mallastaa
marjastaa
matemaattistaa
materiaalistaa
matkustaa
mehustaa
mekaanistaa
mekastaa
mellastaa
miinustaa
modernistaa
monimutkaistaa
moninaistaa
monipuolistaa
monistaa
morjenstaa
morjestaa
muikistaa
muistaa
mullistaa
muodistaa
muodostaa
murrostaa
murustaa
mutkistaa
mutristaa
mutustaa
natustaa
naurunalaistaa
nelinkertaistaa
neutraalistaa
nietostaa
norjistaa
normaalistaa
nostaa
notkistaa
numeeristaa
nutistaa
oheistaa
ohjastaa
ohjeistaa
oksastaa
omavaraistaa
omistaa
onnellistaa
onnestaa
onnistaa
opastaa
orastaa
ostaa
paikallistaa
paineistaa
painostaa
pakastaa
pakollistaa
paljastaa
panostaa
passiivistaa
patistaa
pehmustaa
pelastaa
pensastaa
perhostaa
perustaa
piirustaa
pinnallistaa
pohjustaa
poistaa
poliittistaa
polvistaa
ponnistaa
populaaristaa
porrastaa
porvarillistaa
proletaaristaa
pudistaa
puhdistaa
puistaa
pullistaa
pulskistaa
puolustaa
puristaa
puvustaa
raahustaa
raaistaa
raapustaa
radikaalistaa
rahastaa
rahjustaa
raikastaa
raitistaa
rakastaa
rakeistaa
rakenteistaa
ranskalaistaa
rationaalistaa
ratsastaa
ratustaa
ravistaa
ravustaa
reaalistaa
rehustaa
rengastaa
retostaa
retustaa
reunustaa
riipustaa
riiustaa
rikastaa
rinnastaa
ripustaa
rumistaa
ruotsalaistaa
ruskistaa
rutistaa
saalistaa
saarrostaa
sairastaa
samaistaa
samanlaistaa
samansuuntaistaa
samastaa
sanallistaa
sanastaa
saostaa
sarastaa
satunnaistaa
savustaa
seinustaa
sekulaaristaa
selostaa
seostaa
sepustaa
sielullistaa
siirrostaa
sisustaa
sitkostaa
soistaa
somistaa
sonnustaa
sorastaa
sorsastaa
sosiaalistaa
sotilaallistaa
soukistaa
spesiaalistaa
suhteellistaa
suipistaa
suistaa
sulaa
sulostaa
suomalaistaa
suomustaa
suoristaa
supistaa
surkastaa
suunnistaa
suurustaa
tahdistaa
tallustaa
taloudellistaa
tarkastaa
tarkistaa
tarkoituksenmukaistaa
tasapuolistaa
taustaa
tehostaa
teollistaa
teurastaa
tiedostaa
tiedustaa
todellistaa
todistaa
toistaa
triviaalistaa
tuhistaa
tuimistaa
tukistaa
tulistaa
tulostaa
tunnistaa
tunnustaa
tuohestaa
tuotteistaa
tupastaa
turistaa
turkistaa
turvallistaa
tutustaa
tuulastaa
uistaa
ukkostaa
ulkoistaa
ulostaa
ummistaa
uudistaa
uurastaa
uurrostaa
vahvistaa
vaiheistaa
vakinaistaa
valistaa
valjastaa
valmistaa
valtiollistaa
vankistaa
varastaa
varistaa
varjostaa
varmistaa
varustaa
vastustaa
vaurastaa
vedostaa
veltostaa
verbaalistaa
vierastaa
viisastaa
vilkastaa
vilustaa
virallistaa
virtaviivaistaa
virtuaalistaa
visuaalistaa
voimistaa
vulgaaristaa
yhdenmukaistaa
yhdensuuntaistaa
yksipuolistaa
yksisuuntaistaa
yleistajuistaa
arkipäiväistää
edistää
elää
enimmäistää
entistää
eristää
esineellistää
esineistää
estää
evästää
helistää
helmestää
henkistää
heristää
herkistää
hiestää
hirvestää
härmistää
hätistää
höristää
höyrystää
höystää
iestää
inhimillistää
irvistää
itsenäistää
jymistää
jyristää
jyrkistää
jytistää
jyystää
jäljestää
jänistää
järjestelmällistää
järjestää
järkeistää
järkiperäistää
jäykistää
jäystää
kansainvälistää
kehystää
keihästää
keikistää
kellistää
kestää
keväistää
kiistää
kilistää
kipristää
kiristää
kivestää
kivistää
kyllästää
kylvää
kyyristää
käpristää
käristää
kärjistää
käsitteellistää
käsitteistää
käynnistää
käyristää
käytännöllistää
köntystää
köykistää
köynnöstää
köyristää
lehdestää
likistää
litistää
livistää
lykästää
lytistää
lyyhistää
lyykistää
lävistää
löntystää
meistää
metsästää
mykistää
myöstää
mätästää
nelistää
niistää
nipistää
nitistää
nyrkistää
nyrpistää
näpistää
närästää
pelkistää
pielestää
pihistää
pilkistää
pinnistää
piristää
pistää
pyllistää
pyydystää
pyöristää
päivystää
päkistää
päristää
päällystää
päästää
pörhistää
pöyhistää
rellestää
riistää
ryhdistää
rymistää
rynnistää
rypistää
rytistää
ryystää
ryöstää
rällästää
rämistää
ränsistää
röyhistää
seestää
seivästää
sienestää
sievistää
sinistää
siristää
sisäistää
sitkistää
sivistää
synkistää
syyllistää
säestää
sähköistää
säännöllistää
säästää
tasapäistää
teknistää
terästää
tieteellistää
tiivistää
tiristää
tirkistää
tyhmistää
tylpistää
tylsistää
typistää
työllistää
työstää
tähystää
täristää
täsmällistää
täydellistää
täyteläistää
tömistää
veistää
venäläistää
verestää
veristää
vetistää
vetristää
viimeistää
viistää
viivästää
vilistää
virkistää
virnistää
vähimmäistää
väistää
välineellistää
välineistää
väristää
vääristää
yhdistää
yhtenäistää
yhtäläistää
yksilöllistää
yksityistää
yleistää
ylistää
ylpistää
äestää
älyllistää
äänestää
aallottaa
ahavoittaa
ahtauttaa
aidoittaa
aiheuttaa
aikatauluttaa
aikauttaa
aivastuttaa
ajattaa
ajatteluttaa
ajeluttaa
ajoittaa
alittaa
aloittaa
ammottaa
ammuttaa
ansoittaa
arpeuttaa
arvauttaa
arveluttaa
arvioittaa
arvottaa
arvuuttaa
asettaa
askarruttaa
askarteluttaa
astuttaa
asuttaa
aukottaa
autioittaa
autuuttaa
avittaa
ehdottaa
ellottaa
elostuttaa
epuuttaa
erottaa
fluorittaa
haaroittaa
haarottaa
haastattaa
haavoittaa
haettaa
haetuttaa
hahattaa
hahmottaa
haihduttaa
haistattaa
hajaannuttaa
hajauttaa
hajottaa
hakettaa
hakkauttaa
hakkuuttaa
haluttaa
halvaannuttaa
halvauttaa
hankaloittaa
hapannuttaa
hapattaa
hapettaa
hapottaa
happamoittaa
hapsottaa
hapsuttaa
harhaannuttaa
harhauttaa
harittaa
harjaannuttaa
harjoittaa
harjoituttaa
harmaannuttaa
harmittaa
harottaa
hartsittaa
hassuttaa
hatuttaa
hauduttaa
haukottaa
haukotuttaa
haurastuttaa
hauskuttaa
hauskuuttaa
havahduttaa
havisuttaa
havuttaa
hehkuttaa
heikottaa
heilahduttaa
heilauttaa
heiluttaa
hekottaa
heloittaa
helottaa
helpottaa
herauttaa
hermostuttaa
hermottaa
herpaannuttaa
herpauttaa
heruttaa
hetkauttaa
hetkuttaa
hidastuttaa
hiekoittaa
hierottaa
hievauttaa
hihnoittaa
hikoiluttaa
himottaa
hinauttaa
hinnoittaa
hiostuttaa
hiottaa
hipsuttaa
hissuttaa
hiuduttaa
hivauttaa
hivuttaa
hohottaa
hoidattaa
hoilottaa
holauttaa
holvittaa
homehduttaa
hompsottaa
honottaa
hoputtaa
horjuttaa
hotsittaa
houkuttaa
huiputtaa
huiskauttaa
huiskuttaa
hujauttaa
hukuttaa
hulauttaa
huljauttaa
huljuttaa
hullaannuttaa
hulmauttaa
humalluttaa
humauttaa
hunnuttaa
huohottaa
huojuttaa
huolestuttaa
huolettaa
huollattaa
huomauttaa
huopauttaa
huovuttaa
hurauttaa
hurjistuttaa
huudattaa
huumaannuttaa
huurruttaa
huvittaa
ihastuttaa
ilahduttaa
ilmoittaa
ilostuttaa
inhottaa
innoittaa
innostuttaa
irrottaa
iskuttaa
istuttaa
jaksottaa
jalkauttaa
jallittaa
jankuttaa
janottaa
jaottaa
jarruttaa
jauhattaa
jauhottaa
jodittaa
johdattaa
johdottaa
jolkuttaa
jollottaa
jomottaa
jonottaa
jonouttaa
jorottaa
jouduttaa
jousittaa
joustavoittaa
jujuttaa
jumittaa
jumiuttaa
jumputtaa
juoksettaa
juoksuttaa
juottaa
juovittaa
juovuttaa
jurnuttaa
jurottaa
jututtaa
juurittaa
juurruttaa
juustouttaa
kaadattaa
kaakattaa
kaaputtaa
kaasuttaa
kaavoittaa
kadottaa
kaduttaa
kahisuttaa
kahvittaa
kahvituttaa
kailottaa
kainostuttaa
kaiuttaa
kaivattaa
kaivauttaa
kaiverruttaa
kajahduttaa
kajauttaa
kajottaa
kakattaa
kakuttaa
kalauttaa
kalisuttaa
kalkattaa
kalkuttaa
kammoksuttaa
kammottaa
kampauttaa
kampittaa
kangistuttaa
kanittaa
kankeuttaa
kannattaa
kansittaa
kansoittaa
kapeuttaa
karauttaa
karheuttaa
karisuttaa
karitsoittaa
kariuttaa
karkeuttaa
karkottaa
kartoittaa
kartuttaa
kastattaa
kasvattaa
kasvittaa
katkeroittaa
katsastuttaa
kauhduttaa
kauhistuttaa
kehottaa
kehruuttaa
keikauttaa
keikuttaa
keinauttaa
keinuttaa
keljuttaa
kellahduttaa
kellastuttaa
kellauttaa
kellottaa
kelluttaa
kelpuuttaa
kenkuttaa
kenottaa
kessuttaa
ketjuttaa
ketuttaa
kiduttaa
kiehauttaa
kiehuttaa
kiepauttaa
kiepsauttaa
kieputtaa
kierouttaa
kihnuttaa
kiihottaa
kiikuttaa
kiillottaa
kiivastuttaa
kikattaa
kiksauttaa
kilauttaa
kilkattaa
kilkuttaa
kilottaa
kilpailuttaa
kimmahduttaa
kimmastuttaa
kimmauttaa
kimputtaa
kirjauttaa
kirjavoittaa
kirjoittaa
kirjoituttaa
kirkastuttaa
kiroiluttaa
kirskauttaa
kirskuttaa
kirvoittaa
kiskottaa
kitkuttaa
kituuttaa
kiukuttaa
kloorittaa
koettaa
kohahduttaa
kohauttaa
kohmettaa
kohottaa
koittaa
koksittaa
kolauttaa
kolisuttaa
kolkuttaa
kollottaa
kolottaa
kompastuttaa
koodittaa
kopauttaa
kopisuttaa
kopsauttaa
koputtaa
korjauttaa
korjuuttaa
korkittaa
korottaa
korotuttaa
kortittaa
koskettaa
kosteuttaa
kostuttaa
kotiuttaa
kotkottaa
kouhottaa
kouluttaa
kouruttaa
kovettaa
kovittaa
kromittaa
kruunauttaa
kuiduttaa
kuihduttaa
kuiskuttaa
kuivattaa
kuivettaa
kukittaa
kukuttaa
kulauttaa
kuljettaa
kuljetuttaa
kulottaa
kuluttaa
kumauttaa
kumisuttaa
kumittaa
kummastuttaa
kummeksuttaa
kumottaa
kunnioittaa
kuntouttaa
kuohkeuttaa
kuohuttaa
kuolettaa
kuonnuttaa
kuopsuttaa
kuoputtaa
kuorittaa
kuormittaa
kuorruttaa
kuosittaa
kuppauttaa
kurittaa
kurkottaa
kurnuttaa
kurottaa
kurssittaa
kusettaa
kutittaa
kutkuttaa
kutsuttaa
kuullottaa
kuuluttaa
kuumoittaa
kuumottaa
kuurnittaa
kuurouttaa
kuvauttaa
kuvittaa
kuvottaa
laannuttaa
laatoittaa
lahjoittaa
lahottaa
laidoittaa
laihduttaa
laikuttaa
laillistuttaa
laineittaa
lainoittaa
laipoittaa
laiskottaa
laitattaa
lajittaa
lakastuttaa
lakittaa
lakkauttaa
lallattaa
lamaannuttaa
lamauttaa
langettaa
langoittaa
lankuttaa
lannoittaa
laottaa
lapsettaa
laputtaa
lasittaa
laskettaa
laskuttaa
lastauttaa
lastoittaa
laudoittaa
lauhduttaa
laulattaa
lehauttaa
leijuttaa
leikkauttaa
leikkuuttaa
leimauttaa
leiskauttaa
lekottaa
lepattaa
lepuuttaa
lerpattaa
letkauttaa
leuhauttaa
leuhottaa
liehauttaa
liehuttaa
liekuttaa
lihottaa
liihottaa
liikahduttaa
liikauttaa
liikuttaa
liimoittaa
linjoittaa
linkuttaa
linnoittaa
liottaa
liplattaa
lipsahduttaa
lipsauttaa
liputtaa
lirauttaa
lirkuttaa
lirputtaa
liruttaa
listauttaa
listoittaa
liu'uttaa
liukastuttaa
liuottaa
liuskoittaa
livauttaa
lohduttaa
loilottaa
loimottaa
loimuttaa
loiskauttaa
loiskuttaa
loksauttaa
loksuttaa
lomauttaa
lomittaa
lonksuttaa
lonkuttaa
lopettaa
lorauttaa
lorottaa
losottaa
lotkauttaa
loukuttaa
louskuttaa
lovittaa
luettaa
luetuttaa
luikauttaa
luiskauttaa
luistattaa
luisuttaa
lujittaa
lukkiinnuttaa
lukkiuttaa
luksuttaa
lumettaa
lumittaa
lumpsauttaa
luokittaa
luonnuttaa
luotottaa
luottaa
luovuttaa
lurauttaa
lurittaa
lutkuttaa
luukuttaa
maadoittaa
maaduttaa
maastouttaa
madottaa
mahduttaa
maiskauttaa
maiskuttaa
majoittaa
makauttaa
makeuttaa
maksattaa
makuuttaa
mallittaa
mapittaa
marmattaa
marssittaa
mataloittaa
mellottaa
mestauttaa
miinoittaa
mitoittaa
mittauttaa
moiskauttaa
mojauttaa
moksauttaa
mollottaa
molottaa
molskauttaa
monistuttaa
monottaa
morsettaa
motittaa
motkottaa
muiluttaa
muiskauttaa
muistuttaa
mukauttaa
mukavoittaa
muksauttaa
muljauttaa
mullittaa
munittaa
muonittaa
muovittaa
murehduttaa
mureuttaa
murhauttaa
murjottaa
mussuttaa
mustuttaa
mutkistuttaa
muurittaa
muutattaa
muuttaa
naarmuttaa
nahoittaa
naksauttaa
naksuttaa
nakuttaa
nalkuttaa
napauttaa
napittaa
napsauttaa
napsuttaa
naputtaa
narauttaa
narisuttaa
narskauttaa
narskuttaa
naruttaa
nasevoittaa
nastoittaa
natisuttaa
nauhoittaa
naurattaa
niiskauttaa
niiskuttaa
nikottaa
nikotuttaa
niksauttaa
nilkuttaa
nipottaa
nipsauttaa
niputtaa
nirskuttaa
niuhottaa
nokittaa
nolostuttaa
nolottaa
nopeuttaa
normittaa
nostattaa
notkauttaa
notkeuttaa
notkuttaa
noudattaa
nujuuttaa
nukittaa
nukuttaa
nuorittaa
nuorruttaa
nuotittaa
nurmettaa
nuuduttaa
odottaa
odotuttaa
ohittaa
oikeuttaa
ojittaa
oksennuttaa
oksettaa
olettaa
ompeluttaa
onnellistuttaa
opettaa
orjuuttaa
osittaa
osoittaa
ostattaa
osuttaa
otattaa
ottaa
oudoksuttaa
oudostuttaa
paaduttaa
paalittaa
paaluttaa
paanuttaa
paapattaa
pahastuttaa
pahoittaa
paikkauttaa
paikkuuttaa
paikoittaa
painattaa
painottaa
paistattaa
paisuttaa
pajattaa
pakahduttaa
pakkauttaa
pakottaa
palauttaa
palelluttaa
pallottaa
palstoittaa
pamauttaa
pampattaa
pamputtaa
panettaa
papattaa
parittaa
passauttaa
passittaa
pasuttaa
paukauttaa
paukuttaa
pauloittaa
pelmuttaa
pelottaa
peluuttaa
peruuttaa
petkuttaa
piilottaa
piipottaa
piiputtaa
piiskuttaa
pilkoittaa
pilkottaa
pilkuttaa
pimputtaa
pingottaa
pinnoittaa
pirauttaa
pirskauttaa
pirskottaa
pissattaa
plombittaa
pohjauttaa
pohjittaa
poi'ittaa
poijuttaa
poikkeuttaa
poimuttaa
poistattaa
poksauttaa
polottaa
polskauttaa
polskuttaa
poltattaa
polttaa
pommittaa
pompottaa
ponnahduttaa
ponnauttaa
porottaa
porsittaa
porskuttaa
posauttaa
posmittaa
posottaa
postittaa
potuttaa
poukauttaa
povauttaa
pronssittaa
prutkuttaa
pudottaa
puettaa
puhalluttaa
puhdistuttaa
puhuttaa
puistattaa
pujottaa
pukittaa
puksuttaa
pulauttaa
pulittaa
pullauttaa
pullottaa
pulputtaa
pultittaa
punastuttaa
punerruttaa
punoittaa
puolittaa
puomittaa
puputtaa
purattaa
purkittaa
purskauttaa
purskuttaa
pursottaa
pussittaa
putkittaa
puuduttaa
puukottaa
puurouttaa
puuskuttaa
pääomittaa
raaistuttaa
raamittaa
raaputtaa
rahdittaa
rahoittaa
raidoittaa
raivauttaa
raivostuttaa
rajoittaa
rakennuttaa
raksauttaa
raksuttaa
rallattaa
rampauttaa
raottaa
rapauttaa
rapisuttaa
rappeuttaa
rappioittaa
rapsauttaa
rapsuttaa
rasittaa
raskauttaa
rastittaa
rasvoittaa
raudoittaa
rauhoittaa
raunioittaa
ravauttaa
ravistuttaa
rehottaa
renkuttaa
rentouttaa
repsottaa
reputtaa
retkottaa
retuuttaa
reuhottaa
riehaannuttaa
riemastuttaa
riepottaa
riimuttaa
riiputtaa
riitaannuttaa
riitauttaa
rikastuttaa
rimoittaa
rimputtaa
ripauttaa
ripottaa
ripsauttaa
risauttaa
riuduttaa
roikottaa
roiskauttaa
roiskuttaa
rojauttaa
rojottaa
rokottaa
romahduttaa
romauttaa
romuttaa
ropisuttaa
ropsauttaa
rouskuttaa
routaannuttaa
ruikuttaa
ruiskauttaa
ruiskuttaa
rukkauttaa
rummuttaa
ruoputtaa
ruostuttaa
rusauttaa
ruskettaa
ruskeuttaa
ruskottaa
rusottaa
ruuduttaa
ruuhkauttaa
ruukuttaa
saastuttaa
saavuttaa
sadettaa
sahauttaa
sahuuttaa
saippuoittaa
sairastuttaa
sakeuttaa
sakkauttaa
sakottaa
sameuttaa
sammuttaa
sannoittaa
sanoittaa
sapettaa
sarjoittaa
satuttaa
sauhuttaa
saumoittaa
saunottaa
savettaa
savuttaa
seisahduttaa
seisauttaa
seisottaa
sekaannuttaa
sekavoittaa
sekoittaa
sidottaa
sieluttaa
sihauttaa
siirottaa
siivuttaa
sijoittaa
silloittaa
silmuttaa
silottaa
simputtaa
singahduttaa
sinkauttaa
sipsuttaa
sirkuttaa
sirottaa
sivuttaa
sivuuttaa
soinnuttaa
soittaa
sojottaa
sokeroittaa
sokeuttaa
solakoittaa
solauttaa
soljuttaa
solkottaa
soluttaa
sopeuttaa
sopottaa
sorahduttaa
sorauttaa
sorittaa
soseuttaa
soudattaa
sovittaa
suhauttaa
suhdittaa
suhtauttaa
suhteittaa
suhteuttaa
suihkuttaa
suitsittaa
suitsuttaa
sujauttaa
sujuttaa
sujuvoittaa
sukelluttaa
sulattaa
sulauttaa
sulittaa
sulostuttaa
sulputtaa
suluttaa
sumputtaa
sumuttaa
suodattaa
suomalaistuttaa
suomettaa
suorittaa
suorituttaa
suosittaa
suostuttaa
supattaa
suppeuttaa
suputtaa
surettaa
surkastuttaa
surmauttaa
sutkauttaa
suurennuttaa
suututtaa
taannuttaa
tahdittaa
tahmaannuttaa
tahmettaa
taimettaa
tainnuttaa
taivuttaa
taksoittaa
tallettaa
taltuttaa
taluttaa
talvehdittaa
talveuttaa
tanssittaa
taottaa
tapattaa
tapittaa
taputtaa
tarkastuttaa
tarkistuttaa
tarkkuuttaa
tarkoittaa
tartuttaa
tasaannuttaa
tasauttaa
tasoittaa
tasouttaa
tassuttaa
tatuoittaa
tauottaa
taustoittaa
tavoittaa
tavuttaa
teemoittaa
tehottaa
teloittaa
teloituttaa
tepsuttaa
teroittaa
tiedottaa
tihkuttaa
tihuttaa
tihuuttaa
tipauttaa
tipsuttaa
tiputtaa
tirauttaa
tirskauttaa
tirskuttaa
tissuttaa
todistuttaa
toimittaa
toimituttaa
toitottaa
toivottaa
toljottaa
tolkuttaa
tollottaa
tomuttaa
tontittaa
toppuuttaa
tornittaa
tosittaa
toteuttaa
totuttaa
touhottaa
tuhauttaa
tuhisuttaa
tuhkauttaa
tuhuttaa
tuhuuttaa
tuijottaa
tuikuttaa
tuiskuttaa
tukahduttaa
tukehduttaa
tukkeuttaa
tuleennuttaa
tulehduttaa
tulistuttaa
tulittaa
tullauttaa
tulouttaa
tulpittaa
tunnuttaa
tuohduttaa
tuoksuttaa
tuoreuttaa
tuottaa
tuprauttaa
tupruttaa
tupsuttaa
tuputtaa
turhauttaa
turruttaa
turvottaa
tuskaannuttaa
tuskastuttaa
tutisuttaa
tutkittaa
tutkituttaa
tutustuttaa
tuudittaa
tuulettaa
tuuperruttaa
tuututtaa
uikuttaa
uittaa
ujostuttaa
ujuttaa
ulkoiluttaa
ulostuttaa
ulottaa
ulvottaa
umpeuttaa
unettaa
unhoittaa
unhottaa
upottaa
urauttaa
urittaa
urputtaa
usuttaa
uuttaa
uuvuttaa
vaahdottaa
vaaputtaa
vaatettaa
vahingoittaa
vahvistuttaa
vaiheittaa
vaikeuttaa
vaikuttaa
vaivuttaa
vajauttaa
vajottaa
vajuuttaa
vakaannuttaa
vakauttaa
vakavoittaa
vakiinnuttaa
vakinaistuttaa
vakuuttaa
valittaa
valituttaa
valloittaa
valottaa
valtuuttaa
valuttaa
valveuttaa
valvottaa
vammauttaa
vangituttaa
vanhurskauttaa
vannottaa
vanuttaa
vapauttaa
vapisuttaa
varoittaa
varsottaa
vasoittaa
vatkuttaa
vauhdittaa
vaurastuttaa
vaurioittaa
vavahduttaa
vavisuttaa
veisauttaa
veisuuttaa
velkaannuttaa
velkauttaa
veloittaa
veltostuttaa
velvoittaa
verkottaa
verottaa
viekoittaa
vieraannuttaa
vierastuttaa
vierauttaa
vieroittaa
vihastuttaa
vihmoittaa
vihoittaa
viiluttaa
viipottaa
viisastuttaa
viitoittaa
viivoittaa
vikuuttaa
vilahduttaa
vilauttaa
vilkastuttaa
vilkuttaa
villoittaa
vilustuttaa
viluttaa
vilvoittaa
vimmastuttaa
vinguttaa
vinouttaa
vioittaa
vipattaa
virottaa
virroittaa
viruttaa
virvoittaa
vitkuttaa
vituttaa
viuhauttaa
viuhottaa
viuhuttaa
voimistuttaa
voittaa
voivottaa
voivuttaa
vokottaa
vollottaa
vouhottaa
vuodattaa
vuorittaa
vuorottaa
ylenannattaa
edellyttää
ehdyttää
eheyttää
ehättää
eksyttää
elvyttää
elähdyttää
elättää
elävöittää
ennättää
epäilyttää
erehdyttää
erittää
eriyttää
esittää
etäyttää
etäännyttää
hedelmöittää
heinittää
heittää
heitättää
helisyttää
helkyttää
hellittää
hellyttää
helskyttää
helähdyttää
heläyttää
hengittää
hengästyttää
henkevöittää
herättää
hihittää
hiilettää
hiillyttää
hirttää
hirtättää
hirvittää
hykerryttää
hyllyttää
hymyilyttää
hypittää
hyppyyttää
hyppäyttää
hyssyttää
hytisyttää
hytkyttää
hytkähdyttää
hytkäyttää
hyvittää
hyväksyttää
hyydyttää
hyödyttää
hähättää
häivyttää
häkellyttää
hälyttää
hämmennyttää
hämmästyttää
hämärryttää
hämäännyttää
hätkähdyttää
hätkäyttää
hätyyttää
hätäännyttää
hävettää
hävittää
häämöttää
hölkyttää
hölmistyttää
hölpöttää
hölskyttää
höläyttää
hölöttää
hömpsöttää
hömpöttää
höpöttää
höröttää
hössöttää
höykyttää
höynäyttää
höyryttää
idättää
ihmetyttää
ikävystyttää
iljettää
ilmeittää
imellyttää
imelöittää
imettää
imeyttää
inttää
irvistyttää
iskettää
itkettää
itsenäistyttää
jymäyttää
jyrisyttää
jyryyttää
jyräyttää
jyskyttää
jysäyttää
jytkyttää
jytyyttää
jyvittää
jähmettää
jäkättää
jäljittää
jännittää
jäntevöittää
järisyttää
järkiinnyttää
järkyttää
järäyttää
jättää
jätättää
jäädyttää
jäähdyttää
jököttää
jöröttää
kehittää
kehityttää
kehräyttää
keittää
keitättää
kengittää
kepittää
keskeyttää
keskittää
kestittää
kesyttää
kierittää
kierrättää
kierteittää
kieräyttää
kiidättää
kiihdyttää
kiinnittää
kiinteyttää
kiittää
kilisyttää
killittää
kimittää
kipeyttää
kipittää
kirittää
kirpeyttää
kismittää
kiteyttää
kitkeröittää
kivettää
kivittää
kydöttää
kyhjöttää
kyhnyttää
kyllästyttää
kylläännyttää
kylmettää
kylmetyttää
kylvettää
kynttää
kypsyttää
kyrväyttää
kyydittää
kyyhöttää
kyyköttää
kyyröttää
käkättää
kärttää
käryttää
käräyttää
käsittää
käskettää
käskyttää
kävelyttää
käyttää
käännyttää
käännättää
köhittää
kököttää
köllöttää
könöttää
köpittää
köröttää
köyhdyttää
köysittää
köyttää
leikittää
leirittää
leivittää
lennättää
lepyttää
letittää
levittää
levyttää
leväyttää
leyhyttää
leyhäyttää
liekittää
liennyttää
liettää
lievittää
liittää
limittää
linkittää
lipittää
lirittää
livettää
lyijyttää
lypsättää
lyöttää
lyötättää
lähdettää
lähettää
läikyttää
läikäyttää
läimäyttää
läiskyttää
läiskäyttää
läjittää
läjäyttää
läksyttää
läkähdyttää
lämmittää
läpsyttää
läpsäyttää
läpyttää
läpättää
läpäyttää
lässyttää
lätkäyttää
läväyttää
läähättää
läänittää
lököttää
lönkyttää
lörpöttää
lötköttää
löyhdyttää
löyhyttää
löylyttää
löystyttää
mehevöittää
menettää
merkittää
merkityttää
metsittää
miehittää
miellyttää
mietityttää
mykistyttää
myllyttää
myrkyttää
myöhästyttää
mädännyttää
mädättää
mäiskyttää
mäiskäyttää
mäjäyttää
mäkättää
mässyttää
mätkäyttää
mättää
määrittää
mököttää
möllöttää
möläyttää
mölöttää
nepittää
nesteyttää
niisittää
niittää
nimittää
nyhjöttää
nykyttää
nylkyttää
nyrjähdyttää
nyrjäyttää
nytkyttää
nyyhkyttää
nyökyttää
nyökäyttää
nyörittää
näivettää
nälkiinnyttää
nälättää
näpsyttää
näpsäyttää
näpäyttää
närkästyttää
näyttää
näännyttää
nököttää
nöyrryttää
nöyryyttää
pehmittää
peittää
pellittää
pelästyttää
perehdyttää
periyttää
peräyttää
pesettää
pettää
pidättää
pidätyttää
pierettää
piikittää
piimittää
piipittää
piirittää
piirrättää
pillittää
pimittää
pissittää
pisteittää
pisteyttää
pitkittää
pitkästyttää
postimerkittää
prässäyttää
pyhittää
pylläyttää
pyryttää
pyssyttää
pystyttää
pysyttää
pysäyttää
pytyttää
pyykittää
pyörittää
pyörryttää
pyörähdyttää
pyöräyttää
päihdyttää
päihittää
päivettää
päivittää
pälpättää
pälättää
pärisyttää
pärpättää
pärskyttää
pärskäyttää
päräyttää
päättää
pöhöttää
pökerryttää
pöllyttää
pölläyttää
pölpöttää
pölyttää
pölyyttää
pöläyttää
pömpöttää
pönkittää
pöpöttää
pörröttää
pötköttää
pöyhöttää
pöyristyttää
rehevöittää
rei'ittää
reitittää
revittää
revityttää
revähdyttää
reväyttää
riihittää
riimittää
riittää
ripeyttää
ripittää
risteyttää
rivittää
ryhmittää
ryittää
rymisyttää
rynkyttää
rypyttää
ryskyttää
rysäyttää
rytkyttää
rytmittää
rytyyttää
ryvettää
ryydittää
ryöpsäyttää
ryöpyttää
rähättää
räiskyttää
räiskäyttää
räjäyttää
räksyttää
räkyttää
räkättää
rämettää
rämisyttää
rämpyttää
rämähdyttää
rämäyttää
ränsistyttää
räpsyttää
räpsäyttää
räpyttää
räpättää
räpäyttää
räsäyttää
rätisyttää
rätkyttää
rätkäyttää
räväyttää
räyskyttää
rääyttää
röhnöttää
röhöttää
rökittää
rötköttää
röyhtäyttää
röyhyttää
röykyttää
selittää
selkeennyttää
selkeyttää
selkiinnyttää
selkiyttää
selvittää
selvityttää
selättää
sepittää
sierettää
siirrättää
siittää
siivittää
silittää
silityttää
sirittää
sisällyttää
sitkeyttää
sykähdyttää
syljettää
synnyttää
syrjäyttää
sytkyttää
sytyttää
syvyyttää
syyhyttää
syyttää
syötittää
syöttää
syövyttää
sädettää
sähköttää
säikyttää
säikähdyttää
säikäyttää
säilyttää
säkittää
säksättää
säkättää
sälyttää
säpsähdyttää
säpsäyttää
säteilyttää
sätkyttää
sätkättää
sävyttää
sävähdyttää
säväyttää
säädättää
säälittää
säännöttää
sönköttää
söpöttää
sössöttää
teettää
teetättää
tekstittää
terittää
tervehdyttää
terveyttää
terävöittää
tiineyttää
tikittää
tilittää
tillittää
tyhjennyttää
tykittää
tykyttää
tylsistyttää
tylstyttää
tylsyttää
tympeyttää
tympäännyttää
typerryttää
typettää
tyrehdyttää
tyrkyttää
tyrmistyttää
tyydyttää
tyynnyttää
tyypittää
työlästyttää
täplittää
tärisyttää
tärskäyttää
täryttää
tärähdyttää
täräyttää
täsmäyttää
täydellistyttää
täyttää
töksäyttää
tököttää
tölkittää
töllöttää
tömisyttää
tömäyttää
töpöttää
törmäyttää
törröttää
törähdyttää
töräyttää
töröttää
töyssyttää
töötöttää
vedättää
vedätyttää
venyttää
venähdyttää
venäyttää
verevöittää
verryttää
vesittää
vetelöittää
vetreyttää
viehättää
vierittää
vieräyttää
viestittää
viettää
viheriöittää
vihittää
vihityttää
viihdyttää
viilettää
viileyttää
viillyttää
viinittää
viivyttää
viivästyttää
villiinnyttää
vireyttää
virittää
vyöryttää
vyöttää
väittää
väkevöittää
välittää
välkyttää
välttää
välähdyttää
väläyttää
väpättää
värisyttää
värittää
värjäyttää
värjöttää
värähdyttää
väräyttää
väsyttää
yhdyttää
yhtenäistyttää
yhteyttää
yhtiöittää
yksiköittää
ylettää
ylevöittää
ylittää
yllyttää
yllättää
yrittää
yrjöttää
yskittää
yököttää
äkämystyttää
ällistyttää
ällöttää
älyttää
änkyttää
ärsyttää
äänittää
purkaa
ailahtaa
armahtaa
astahtaa
hairahtaa
haiskahtaa
hajahtaa
haksahtaa
harmahtaa
haukahtaa
heilahtaa
herahtaa
hervahtaa
hetkahtaa
hievahtaa
hiiskahtaa
hirnahtaa
hisahtaa
hohtaa
hoitaa
holahtaa
horjahtaa
huiskahtaa
hujahtaa
hulahtaa
huljahtaa
hulmahtaa
hulvahtaa
humahtaa
humpsahtaa
huoahtaa
huojahtaa
hupsahtaa
hurahtaa
huudahtaa
inahtaa
istahtaa
johtaa
joutaa
juolahtaa
kahahtaa
kajahtaa
kalahtaa
kalskahtaa
kapsahtaa
karahtaa
karjahtaa
katsahtaa
kavahtaa
keikahtaa
keinahtaa
kellahtaa
kiehahtaa
kiepahtaa
kiepsahtaa
kihahtaa
kiiruhtaa
kilahtaa
kiljahtaa
kimmahtaa
kirahtaa
kirskahtaa
kivahtaa
kohahtaa
kolahtaa
kopahtaa
kopsahtaa
korahtaa
korskahtaa
kuivahtaa
kukahtaa
kulahtaa
kumahtaa
kuohahtaa
kupsahtaa
kuukahtaa
lausahtaa
lehahtaa
leimahtaa
leiskahtaa
lemahtaa
lerpahtaa
letkahtaa
leuhahtaa
liehahtaa
liikahtaa
lipsahtaa
lirahtaa
litsahtaa
livahtaa
loimahtaa
loiskahtaa
lojahtaa
loksahtaa
lonksahtaa
lopahtaa
lorahtaa
luikahtaa
luiskahtaa
lumpsahtaa
lupsahtaa
lurahtaa
maiskahtaa
moiskahtaa
mojahtaa
moksahtaa
molskahtaa
muksahtaa
mulahtaa
muljahtaa
mulskahtaa
murahtaa
naksahtaa
napsahtaa
narahtaa
narskahtaa
naurahtaa
niksahtaa
nipsahtaa
nirskahtaa
niukahtaa
norahtaa
notkahtaa
noutaa
nukahtaa
nuljahtaa
nuokahtaa
nurjahtaa
nuukahtaa
onnahtaa
pamahtaa
parahtaa
paukahtaa
pelmahtaa
pihahtaa
piipahtaa
pilkahtaa
pillahtaa
pimahtaa
pirahtaa
pirskahtaa
plumpsahtaa
poksahtaa
polskahtaa
pompahtaa
ponnahtaa
posahtaa
poukahtaa
puhahtaa
puikahtaa
pujahtaa
pukahtaa
pulahtaa
pullahtaa
pulpahtaa
purskahtaa
putkahtaa
puuskahtaa
raksahtaa
rapsahtaa
rasahtaa
remahtaa
repsahtaa
retkahtaa
riksahtaa
ripsahtaa
risahtaa
roihahtaa
roiskahtaa
rojahtaa
romahtaa
ropsahtaa
rouskahtaa
ruiskahtaa
rupsahtaa
rusahtaa
sammahtaa
seisahtaa
sihahtaa
simahtaa
singahtaa
sirahtaa
soinnahtaa
solahtaa
soljahtaa
sorahtaa
suhahtaa
sujahtaa
suotaa
surahtaa
suutahtaa
tipahtaa
tirahtaa
tirskahtaa
torkahtaa
tuhahtaa
tuikahtaa
tuiskahtaa
tulvahtaa
tuoksahtaa
tuprahtaa
tupsahtaa
turskahtaa
tussahtaa
tuulahtaa
uinahtaa
ulahtaa
ulvahtaa
unohtaa
urahtaa
uuvahtaa
valahtaa
vapahtaa
vavahtaa
vilahtaa
vilkahtaa
vingahtaa
vinksahtaa
viuhahtaa
vivahtaa
vongahtaa
vuotaa
helskähtää
helähtää
hengähtää
hiihtää
hymähtää
hypähtää
hyrskähtää
hyrähtää
hytkähtää
hyötää
häilähtää
häivähtää
hätkähtää
hörähtää
höynähtää
höyrähtää
itää
jymähtää
jyrähtää
jyskähtää
jysähtää
jytkähtää
jämähtää
järkähtää
järähtää
jäytää
jäätää
kierähtää
kiirehtää
kyrvähtää
kähähtää
kärähtää
käännähtää
köllähtää
kömmähtää
lennähtää
levähtää
leyhähtää
lysähtää
lyykähtää
läikähtää
läimähtää
läiskähtää
läjähtää
läpsähtää
lässähtää
lätsähtää
lävähtää
löyhähtää
myhähtää
mylvähtää
mäiskähtää
mäjähtää
mätkähtää
mölähtää
mörähtää
nyhtää
nyrjähtää
nytkähtää
nyykähtää
nyökähtää
pitää
pyllähtää
pyrskähtää
pyrähtää
pyörähtää
pälkähtää
pärskähtää
pärähtää
pöllähtää
pölähtää
revähtää
rymähtää
rysähtää
rytkähtää
ryöhähtää
ryöpsähtää
rähähtää
räiskähtää
räjähtää
rämähtää
räpsähtää
räsähtää
rätkähtää
rätsähtää
rävähtää
röhähtää
röyhähtää
sietää
siirrähtää
sykähtää
syytää
syöksähtää
sähähtää
säikähtää
sälähtää
säpsähtää
särähtää
sävähtää
säätää
tervehtää
tiinehtää
tyrskähtää
tyssähtää
tärskähtää
tärähtää
töksähtää
tömähtää
törähtää
töyssähtää
venähtää
vetää
vierähtää
viivähtää
vyörähtää
väljähtää
välkähtää
välähtää
värähtää
väsähtää
ynähtää
yskähtää
älähtää
ärjähtää
ärähtää
äännähtää
örähtää
kyntää
sortaa
lypsää
pieksää
huutaa
löytää
pyytää
askeltaa
hujeltaa
huoltaa
huultaa
jokeltaa
kavaltaa
kimaltaa
koheltaa
kuultaa
madaltaa
oivaltaa
painaltaa
paleltaa
porhaltaa
puhaltaa
puoltaa
pupeltaa
sammaltaa
sivaltaa
sokeltaa
soveltaa
sukeltaa
suoltaa
taivaltaa
toheltaa
tuultaa
ujeltaa
uskaltaa
vaeltaa
edeltää
hiiltää
hiveltää
imeltää
kieltää
kiiltää
kimmeltää
kirveltää
kähveltää
mieltää
mökeltää
niveltää
pyyhältää
pyältää
räpeltää
sisältää
säheltää
säveltää
temmeltää
työnnältää
viheltää
viiltää
vipeltää
äheltää
aientaa
alentaa
ammentaa
asentaa
englannintaa
haalentaa
halventaa
harmentaa
harventaa
heikontaa
helpontaa
hienontaa
hoikentaa
huipentaa
huojentaa
huonontaa
huventaa
isontaa
jalontaa
jauhentaa
juontaa
kahdentaa
kajentaa
kaksintaa
kalventaa
karhentaa
kaventaa
kehnontaa
kohdentaa
kohentaa
komentaa
koontaa
korventaa
koventaa
kustantaa
kuumentaa
kuvantaa
laajentaa
laiduntaa
laihentaa
laimentaa
latinantaa
lauhentaa
laventaa
leudontaa
liudentaa
loitontaa
loiventaa
lujentaa
maantaa
mallintaa
masentaa
miedontaa
monentaa
muhentaa
muodontaa
murentaa
mustentaa
muuntaa
niukentaa
norjentaa
nuorentaa
nuotintaa
ohentaa
ojentaa
oksentaa
pahentaa
paikantaa
paimentaa
paksuntaa
parantaa
paskantaa
puolantaa
raaentaa
rakentaa
ranskantaa
rouhentaa
rumentaa
ruotsintaa
rusentaa
saksantaa
samentaa
soitintaa
somentaa
soukentaa
suipentaa
sumentaa
suomentaa
suorentaa
suurentaa
taajentaa
tahmentaa
tallentaa
tanskantaa
tarkentaa
tiuhentaa
tiukentaa
todentaa
toisintaa
tuimentaa
tummentaa
turhentaa
tuuhentaa
ulontaa
unkarintaa
uudentaa
vaalentaa
vaarantaa
vahventaa
vaientaa
vaimentaa
vajentaa
valmentaa
vanhentaa
vankentaa
varhentaa
varmentaa
varrentaa
virontaa
enentää
filmintää
heikentää
herkentää
hiljentää
himmentää
hyödyntää
hälventää
hämmentää
höllentää
höyhentää
ilmentää
jyrkentää
jäljentää
jäsentää
jäykentää
kelmentää
keventää
kielentää
kylmentää
kypsentää
kämmentää
kärventää
kääntää
lentää
leventää
lientää
lieventää
likentää
lyhentää
lähentää
löyhentää
löysentää
mitätöntää
myöhentää
myöntää
möyhentää
pehmentää
pidentää
pienentää
pimentää
pitentää
pyörentää
rientää
selventää
siementää
sieventää
siintää
sisentää
synkentää
syventää
tekstintää
tihentää
tyhjentää
tyhmentää
tylpentää
tylsentää
työntää
tähdentää
täsmentää
täydentää
venäjäntää
viilentää
vähentää
väljentää
vääntää
väärentää
yhdentää
ylentää
ääntää
ahertaa
avartaa
huurtaa
juurtaa
kaakertaa
kaihertaa
kaivertaa
kangertaa
kiemurtaa
kihartaa
kovertaa
kuhertaa
kujertaa
kukertaa
kumartaa
kupertaa
longertaa
luikertaa
mongertaa
murtaa
musertaa
nakertaa
nujertaa
pakertaa
punertaa
punnertaa
pusertaa
puurtaa
sopertaa
suikertaa
taapertaa
takertaa
tuhertaa
tuivertaa
uurtaa
vaapertaa
vaikertaa
hiertää
hykertää
hämärtää
jykertää
kellertää
kiertää
kihertää
kipertää
kivertää
kähertää
käpertää
lepertää
liirtää
livertää
lyllertää
myllertää
nyhertää
nykertää
näpertää
nävertää
pehertää
pengertää
piipertää
piirtää
pipertää
pyörtää
siirtää
sinertää
sykertää
tihertää
töhertää
vihertää
visertää
ymmärtää
soutaa
hyytää
häätää
kiitää
liitää
yltää
entää
ajaa
haastaa
haistaa
jaksaa
jatkaa
jauhaa
kaivaa
kalvaa
kastaa
kasvaa
laistaa
laulaa
maistaa
maksaa
maustaa
nauraa
painaa
paistaa
palaa
raastaa
salvaa
valaa
virkkaa
appaa
lappaa
tappaa
auttaa
karttaa
kattaa
laittaa
maattaa
maittaa
malttaa
naittaa
palttaa
saattaa
taittaa
varttaa
alkaa
jakaa
ahtaa
kaihtaa
mahtaa
mataa
paahtaa
raataa
sataa
vaihtaa
antaa
kantaa
kaataa
kaartaa
saartaa
kaitsea
koskea
laskea
puskea
sotkea
suitsea
imeä
iskeä
itkeä
kitkeä
kytkeä
käskeä
kätkeä
hakea
hokea
kokea
lukea
pukea
tukea
kylpeä
rypeä
kutea
potea
kyteä
päteä
tunkea
kulkea
polkea
sulkea
nylkeä
sylkeä
särkeä
tuntea
lähteä
ahmia
aistia
fudia
funtsia
futia
haalia
haaveksia
haavia
halia
halveksia
hampsia
harsia
hotkia
houria
huhkia
huilia
huimia
huiskia
huolia
hupsia
hutkia
istuksia
juhlia
juonia
juuria
kahmia
kalvia
karmia
karsia
kaulia
koisia
kolhia
kosia
koulia
kouria
kuhkia
kuhnia
kuiskia
kuleksia
kuljeksia
kummeksia
kuohia
kuoria
kuplia
kurnia
kursia
kuseksia
laahia
lampsia
latkia
leuhkia
loisia
loiskia
loitsia
lorvia
louhia
lueksia
luovia
lusia
maleksia
marssia
matkia
molskia
muhia
muksia
munia
napsia
nuijia
nuoleksia
nussia
nuuhkia
nuuskia
oksia
oleksia
omia
painia
paiskia
parsia
poimia
polskia
popsia
porsia
potkia
puhkia
pureksia
pusia
raaskia
raatsia
raksia
rapsia
raskia
rastia
roimia
roiskia
ropsia
rouhia
ruiskia
ruoskia
saksia
sallia
seisoksia
sohia
solmia
sorsia
suihkia
suitsia
suksia
sulkia
sumplia
suomia
suoria
suosia
sureksia
tahria
taimia
talsia
tanssia
tiuskia
toimia
tuhria
tuiskia
tulvia
tungeksia
tuohia
tupeksia
tutia
tutkia
tuumia
uneksia
uusia
vaalia
vaania
vohkia
voihkia
vuonia
etsiä
helliä
hipsiä
hyljeksiä
hyrskiä
hyöriä
hässiä
hääriä
höpsiä
imeksiä
irviä
jyrsiä
jyskiä
järsiä
kehiä
keksiä
kelliä
keriä
kesiä
kieliä
kieriä
kiiriä
kiriä
kyniä
kynsiä
kähmiä
kärsiä
käämiä
kääriä
köhiä
lelliä
lilliä
liriä
listiä
litkiä
läimiä
läiskiä
läpsiä
läsiä
lätkiä
mieliä
mylviä
mäiskiä
mätkiä
möhliä
möyhiä
möyriä
nieleksiä
niisiä
nynniä
nyrhiä
nytkiä
nyyhkiä
nyysiä
nälviä
periä
pesiä
pieniä
piereksiä
pihiä
piileksiä
piimiä
pinniä
pisiä
pissiä
pykiä
pyrskiä
pyöriä
pähkiä
pänniä
pärskiä
pätkiä
pölliä
pörhistyä
pötkiä
pöyhiä
rehkiä
ripeksiä
ripsiä
ristiä
rynniä
ryskiä
ryysiä
ryömiä
rähmiä
räiskiä
räpsiä
rätkiä
räyskiä
röhkiä
setviä
siistiä
syljeksiä
syrjiä
sysiä
sähliä
sätkiä
sääliä
söhliä
telmiä
tepsiä
tyriä
tyrskiä
tähkiä
töhriä
tölviä
töniä
töpeksiä
viereksiä
vieriä
viestiä
viitsiä
yskiä
ähkiä
äyskiä
hankkia
kakkia
kukkia
kuokkia
kurkkia
kuukkia
loikkia
luikkia
nokkia
noukkia
puikkia
ronkkia
ruikkia
ruokkia
sorkkia
tuikkia
tukkia
urkkia
kykkiä
kyykkiä
leikkiä
lykkiä
nyökkiä
näykkiä
pilkkiä
pökkiä
sykkiä
säikkyä
sörkkiä
tyrkkiä
tökkiä
törkkiä
töykkiä
harppia
jurppia
kalppia
oppia
pomppia
raappia
tuuppia
hyppiä
hörppiä
jelppiä
lääppiä
nyppiä
rääppiä
tärppiä
moittia
nauttia
miettiä
sättiä
tenttiä
poikia
sukia
sulkia
märkiä
määkiä
nykiä
pykiä
pyrkiä
pyyhkiä
rykiä
räkiä
vihkiä
kaapia
kuopia
raapia
ruopia
sopia
hiipiä
repiä
riipiä
rääpiä
silpiä
särpiä
ahnehtia
ajelehtia
huolehtia
juurehtia
kadehtia
kahlehtia
kapsehtia
karehtia
koikkelehtia
laatia
lainehtia
loihtia
lorvehtia
luonnehtia
luutia
murehtia
oirehtia
pohtia
poutia
puikkelehtia
punehtia
purjehtia
routia
ruotia
sotia
sutia
suutia
suvehtia
taannehtia
talvehtia
tohtia
tuikehtia
tulvehtia
tuutia
vaatehtia
vaatia
vahtia
vannehtia
ehtiä
elehtiä
heittelehtiä
hyppelehtiä
ilmehtiä
ilvehtiä
kiirehtiä
kyynelehtiä
kyytiä
käpsehtiä
kääntelehtiä
köynnehtiä
lehtiä
liekehtiä
liikehtiä
läikehtiä
märehtiä
pelehtiä
sädehtiä
tervehtiä
tiinehtiä
vetelehtiä
vyyhtiä
väikehtiä
välkehtiä
värehtiä
vääntelehtiä
onkia
tonkia
henkiä
mönkiä
tinkiä
empiä
kömpiä
lempiä
rämpiä
tympiä
sontia
suuntia
hylkiä
aateloida
abortoida
absorboida
abstrahoida
adaptoida
adoptoida
adsorboida
affisioida
agitoida
akklimatisoida
akkreditoida
akseptoida
aktivoida
aktualisoida
allergisoida
allokoida
aluminoida
amputoida
analysoida
ankkuroida
apinoida
applikoida
argumentoida
arkistoida
artikuloida
arvioida
asemoida
asfaltoida
asioida
askaroida
assimiloida
assosioida
asvaltoida
auditoida
auktorisoida
auktoroida
auskultoida
automatisoida
bagatellisoida
balansoida
balsamoida
banalisoida
betonoida
bitumoida
boikotoida
budjetoida
byrokratisoida
debytoida
definioida
dekantoida
delegoida
demagnetoida
dementoida
demilitarisoida
demobilisoida
demokratisoida
demonstroida
demoralisoida
denaturoida
deponoida
derivoida
desentralisoida
desinfektoida
desinfioida
devalvoida
diagnosoida
diarioida
differentioida
digitalisoida
digitoida
diskriminoida
diskvalifioida
dissonoida
dokumentoida
dominoida
dramatisoida
editoida
eksistoida
eliminoida
eloksoida
emaloida
emansipoida
emittoida
emuloida
ennakoida
erotisoida
eskaloida
estimoida
evakuoida
evaluoida
evankelioida
fabuloida
falsifioida
fantisoida
fiksoida
fileoida
fillaroida
filmatisoida
filosofoida
finansioida
fluoresoida
fluoroida
fokusoida
folioida
formalisoida
formatoida
formuloida
fosforesoida
fosforoida
fraktioida
frustroida
fuusioida
gallupoida
galvanoida
generoida
gratinoida
haarniskoida
haarukoida
haasioida
hakkeroida
hallinnoida
halstaroida
halsteroida
hampparoida
haparoida
harmonioida
harmonisoida
harppunoida
havainnoida
historioida
hoippuroida
homogenisoida
homogenoida
hopeoida
hulinoida
humanisoida
huminoida
huomioida
hutiloida
hypnotisoida
idealisoida
identifioida
ideoida
ihannoida
ikkunoida
illustroida
ilmastoida
imitoida
immunisoida
implantoida
implikoida
implisoida
imponoida
impregnoida
improvisoida
imuroida
indeksoida
indikoida
indisoida
individualisoida
indoktrinoida
indusoida
infektoida
informoida
inhaloida
inhiboida
injektoida
innovoida
inspiroida
installoida
instrumentoida
integroida
internoida
intrigoida
invalidisoida
invalidoida
inventoida
investoida
ionisoida
ironisoida
isoloida
jodioida
joustavoida
jumaloida
kaakeloida
kaapeloida
kaaviloida
kaavioida
kahakoida
kahinoida
kalanteroida
kalibroida
kalkyloida
kalmetoida
kaltevoida
kammitsoida
kampanjoida
kanalisoida
kanavoida
kanonisoida
kanotoida
kansioida
kanyloida
kapitalisoida
kapitaloida
kapiteloida
kapseloida
kapuloida
karakterisoida
karikoida
karitsoida
karnevalisoida
karrikoida
karsinoida
kasetoida
kastroida
katalysoida
katetroida
kellaroida
kesannoida
kiikaroida
kipparoida
kirjavoida
klassifioida
koaguloida
kodifioida
kolaroida
kollektivisoida
kollektivoida
kolmioida
kombinoida
kommentoida
kommunikoida
kommutoida
komparoida
kompensoida
komplisoida
kompostoida
kompromettoida
kompuroida
kondensoida
konfirmoida
kongruoida
konjugoida
konkretisoida
konsentroida
konsertoida
konservoida
konstruoida
konsultoida
kontrastoida
kontrolloida
koordinoida
kopeloida
kopioida
korreloida
kortistoida
koteloida
koukeroida
kreditoida
krematoida
kriminalisoida
kristallisoida
kristalloida
kritikoida
kritisoida
kromioida
kronikoida
kultivoida
kumuloida
kuparoida
kursivoida
kuteloida
kuulalaakeroida
kuvioida
kvalifioida
kvantifioida
laakeroida
laastaroida
laatikoida
laboroida
laminoida
lapioida
laskelmoida
latinoida
legalisoida
legitimoida
levitoida
liberalisoida
lihavoida
likvidoida
lisensioida
lisensoida
litteroida
lokalisoida
lokeroida
luetteloida
lukkaroida
lusikoida
magnetisoida
magnetoida
maisemoida
maksimoida
makuloida
manifestoida
manipuloida
manöveroida
manövroida
marinoida
markkinoida
marmoroida
martioida
masinoida
masturboida
matematisoida
materialisoida
meditoida
mekanisoida
mekkaloida
menstruoida
merseroida
mestaroida
metallisoida
metalloida
metastasoida
mikroskopoida
militarisoida
minimoida
mobilisoida
modernisoida
modifioida
moduloida
monitoroida
monopolisoida
monopoloida
moottoroida
moralisoida
motivoida
motorisoida
moukaroida
muhinoida
mukiloida
mukuloida
museoida
musisoida
muumioida
mystifioida
naamioida
nahinoida
naida
nasevoida
navigoida
neutralisoida
neutraloida
nikkaroida
nimikoida
niskuroida
normalisoida
nujakoida
numeroida
nyansoida
observoida
ohjelmoida
oksidoida
onanoida
onteloida
opalisoida
operoida
opponoida
optimoida
organisoida
orientoida
orkestroida
osastoida
otsikoida
otsonisoida
otsonoida
paketoida
palmikoida
palpoida
palsamoida
paneloida
paneroida
panoroida
panssaroida
paperoida
parafinoida
parafoida
parfymoida
pariloida
parketoida
parodioida
partioida
parturoida
passivoida
pastöroida
patentoida
patinoida
pelletoida
penetroida
penikoida
perennoida
perforoida
personifioida
personoida
peukaloida
piehtaroida
pipetoida
pippuroida
pisaroida
plagioida
platinoida
polarisoida
polaroida
polemikoida
polemisoida
politikoida
politisoida
polymerisoida
polymeroida
popularisoida
porukoida
postuloida
potensoida
praktikoida
praktisoida
predestinoida
preparoida
presisoida
priorisoida
privatisoida
problematisoida
produsoida
profanoida
profetoida
profiloida
progredioida
projisioida
projisoida
proletarisoida
promovoida
propagoida
prosessoida
prostituoida
protestoida
provosoida
psykologioida
psykologisoida
puida
puikkaroida
pulikoida
pulveroida
punktoida
puntaroida
puoskaroida
purppuroida
puskuroida
puuteroida
radikalisoida
radioida
raffinoida
rahastoida
raportoida
rasteroida
ratifioida
rationalisoida
reagoida
realisoida
redusoida
referoida
reformoida
regeneroida
rehabilitoida
reklamoida
rekonstruoida
rekrytoida
remontoida
replikoida
reprodusoida
resitoida
resonoida
restauroida
resursoida
retusoida
revalvoida
ripuloida
ristikoida
robotisoida
robotoida
romantisoida
ropeloida
rusikoida
sabotoida
saippuoida
salamoida
sanforoida
sanktioida
saranoida
satuloida
saturoida
savotoida
segmentoida
sekularisoida
sekvensoida
sementoida
sensuroida
sentralisoida
sentrifugoida
separoida
sertifioida
silavoida
silmikoida
silmukoida
simuloida
sivakoida
skandalisoida
skandaloida
skematisoida
soida
sokeroida
somatisoida
sopuloida
sosialisoida
spekuloida
spesialisoida
spesifioida
sponsoroida
stabilisoida
stabiloida
standardisoida
standardoida
sterilisoida
steriloida
stilisoida
stimuloida
strukturoida
sublimoida
substituoida
subventoida
suggeroida
suikaloida
sukkuloida
suutaroida
symbolisoida
symboloida
sympatisoida
synkopoida
synkronisoida
synkronoida
syntesoida
syntetisoida
systematisoida
systemoida
tabuloida
taikinoida
taituroida
takavarikoida
takiloida
taktikoida
taltioida
tamponoida
tapetoida
tapisoida
tariffoida
tarinoida
tatuoida
taulukoida
teksturoida
telakoida
televisioida
temperoida
teoretisoida
teorioida
terapoida
terminoida
terrorisoida
teutaroida
tiirikoida
tilastoida
tituloida
toheloida
tohtoroida
toikkaroida
torpedoida
transformoida
transistoroida
transkriboida
translitteroida
transplantoida
transponoida
trivialisoida
tumpeloida
tunaroida
tunnelmoida
tunneloida
turinoida
tyrannisoida
tyrannoida
uida
umpioida
unelmoida
uutisoida
vaikeroida
vakavoida
vakioida
valikoida
vandalisoida
varastoida
varioida
vartioida
vasaroida
vasikoida
ventiloida
verbalisoida
verifioida
videoida
viipaloida
vikuroida
visioida
visualisoida
vitaminoida
voida
vulgarisoida
vulkanoida
samanoida
dieselöidä
elämöidä
entisöidä
epäröidä
esitelmöidä
etiketöidä
hedelmöidä
henkevöidä
henkilöidä
hipelöidä
hyytelöidä
häiriköidä
hälinöidä
hätiköidä
jäntevöidä
kestävöidä
kiintiöidä
kirjelmöidä
kätilöidä
kääpiöidä
liisteröidä
mendelöidä
messingöidä
mitätöidä
neliöidä
nikkelöidä
nimiöidä
nypelöidä
näpelöidä
pensselöidä
pykälöidä
pysäköidä
pätevöidä
rekisteröidä
rynnäköidä
räpiköidä
räätälöidä
sepelöidä
siivilöidä
sinetöidä
sinkilöidä
siselöidä
smirgelöidä
säiliöidä
säkenöidä
säätiöidä
tiliöidä
viemäröidä
viittilöidä
virvelöidä
vispilöidä
väkevöidä
yksilöidä
ylevöidä
ympyröidä
ympäröidä
äyskäröidä
öykkäröidä
saada
jäädä
myydä
juoda
luoda
suoda
tuoda
lyödä
myödä
syödä
viedä
käydä
ahmaista
ampaista
aukaista
haista
halaista
halkaista
havista
hieraista
hihkaista
hilpaista
hipaista
hiukaista
horista
hotaista
hotkaista
huikaista
huiskaista
huitaista
humista
huokaista
hurista
hutaista
huuhtaista
ilmaista
imaista
jorista
julkaista
jupista
kaapaista
kahista
kahmaista
kakaista
kalista
kapaista
karaista
karista
karjaista
karkaista
karmaista
katkaista
kehaista
keksaista
kiekaista
kietaista
kiljaista
kipaista
kirkaista
kirmaista
kirpaista
kiskaista
kohista
kolhaista
kolista
kopista
korista
kouraista
kuhista
kumista
kuopaista
kurista
kusaista
kusta
kutista
laasta
lakaista
laukaista
liipaista
lipaista
lohkaista
lorista
lotista
lukaista
marista
mukista
mulkaista
mumista
murista
murjaista
mutista
nahista
napista
narista
natista
naukaista
nielaista
nirhaista
nokkaista
nousta
nuolaista
nurista
nuuhkaista
nuuskaista
oikaista
pakista
pamista
parkaista
pesaista
pieraista
pinkaista
poikkaista
polkaista
ponkaista
porista
potkaista
puhista
puhkaista
pulista
puraista
raapaista
rahista
ramaista
rapista
ratista
ratkaista
raukaista
riipaista
riuhtaista
rohista
rohkaista
roiskaista
romista
ropista
rouhaista
rutista
siemaista
sipaista
sitaista
sohaista
sokaista
solista
sorista
suhista
sukaista
supista
surista
survaista
sutaista
tekaista
tempaista
tiuskaista
tohista
tokaista
tuhista
turista
tutista
ulista
ulvaista
urista
valaista
valkaista
vapista
varista
vihjaista
vihkaista
vihlaista
vilkaista
vinkaista
voihkaista
ehkäistä
helistä
henkäistä
hymistä
hyristä
hytistä
häikäistä
häippäistä
hälistä
häpäistä
hölistä
hönkäistä
höpistä
inistä
jylistä
jymistä
jyristä
jytistä
järistä
kihistä
kilistä
kitistä
kynsäistä
kysäistä
kähistä
känistä
käristä
käväistä
kääräistä
köhistä
lestä
liristä
litistä
läimäistä
läiskäistä
läpäistä
lätistä
lätkäistä
löpistä
mätkäistä
mölistä
möristä
nitistä
nyhjäistä
nyhtäistä
nykäistä
nyppäistä
nyyhkäistä
nälväistä
näykkäistä
pestä
pihistä
piristä
pyyhkäistä
päristä
pätkäistä
päästä
pölistä
pöpistä
pöristä
repäistä
reväistä
ripistä
ritistä
rykäistä
rymistä
rytistä
rähistä
räkäistä
rämistä
rätistä
rätkäistä
rääkäistä
röhistä
röhkäistä
röyhtäistä
seistä
sihistä
silmäistä
sipistä
siristä
sylkäistä
sähistä
säpistä
säristä
tiristä
tympäistä
tytistä
täristä
tökkäistä
tölväistä
tömistä
tönäistä
töytäistä
vetäistä
vikistä
vilistä
vipistä
väristä
ynistä
yskäistä
ähistä
ähkäistä
älistä
äristä
ärjäistä
äyskäistä
ölistä
öristä
vavista
häväistä
rangaista
aaltoilla
aavistella
ahdistella
aikailla
aivastella
ajella
ammuskella
ampuilla
anella
anniskella
annostella
arastella
aristella
arkailla
armastella
arvailla
arvella
arvostella
astella
asustella
autoilla
diivailla
elostella
ennustella
etuilla
flirttailla
haahuilla
haastella
haaveilla
haeskella
haikailla
haistella
hakkailla
halailla
halkeilla
hammastella
hamuilla
hapuilla
harhailla
harppailla
harrastella
haukuskella
heijastella
heilastella
hentoilla
hermoilla
herrastella
hevostella
hidastella
hienostella
hieroskella
hiippailla
hikoilla
hoivailla
hommailla
hoopoilla
hoppuilla
hortoilla
hourailla
huhuilla
hummailla
huokailla
huristella
hurjastella
hurskastella
huuleilla
ihailla
ihastella
ilmailla
intoilla
irstailla
irvailla
istuskella
ivailla
jahkailla
jaksella
jammailla
jeesustella
jekkuilla
jippoilla
julkipanna
julmistella
junailla
juoruilla
jutustella
kaahailla
kaavailla
kainostella
kaipailla
kaivella
kajastella
kakistella
kalastella
kalistella
kallistella
kamppailla
kangastella
kanniskella
kareilla
karistella
karkailla
karvastella
kasailla
kastella
katkeilla
katsella
kauhistella
kaulailla
kaunistella
kaupustella
kehuskella
keikailla
keikkailla
keilailla
keimailla
keljuilla
kelkkailla
kenkkuilla
kerskailla
kertoilla
keskustella
kiekkoilla
kieroilla
kiihkoilla
kiinailla
kiivailla
kiivastella
kikkailla
kilpailla
kimpoilla
kinailla
kinastella
kipuilla
kirjailla
kirmailla
kiroilla
kisailla
kitsastella
kiukkuilla
kohoilla
kokeilla
kokkailla
kokoilla
kokoonpanna
kolistella
komeilla
kompastella
konstailla
konttailla
kopeilla
kopistella
koreilla
koristella
korjailla
korskeilla
kosiskella
kouristella
kouruilla
kovistella
kruusailla
kuhnailla
kuhnustella
kuikuilla
kuiskailla
kuivailla
kujeilla
kukkoilla
kuljeskella
kummastella
kumpuilla
kuntoilla
kuolla
kupruilla
kurkistella
kurkkailla
kursailla
kursastella
kurvailla
kuseskella
kuskailla
kuulla
kuulostella
kuulustella
kuumeilla
kuvailla
kuvastella
lainailla
lakkoilla
laskeskella
laulella
lauleskella
lautailla
leijailla
lepsuilla
leukailla
lieroilla
liikuskella
limboilla
liukastella
lobbailla
lohkeilla
loikoilla
lomailla
lommoilla
loruilla
lorvailla
lueskella
luimistella
luistella
luonnostella
luotsailla
lupailla
lurjustella
luulla
maalailla
machoilla
mahtailla
maistella
majailla
makailla
makeilla
makoilla
maksella
maksuunpanna
makustella
manailla
matkailla
matkustella
metkuilla
miekkailla
mittailla
moitiskella
mopoilla
muhoilla
muikistella
muistella
muistiinpanna
mukailla
mulkoilla
muodostella
muotoilla
muovailla
mutristella
mutruilla
mutustella
nahistella
nahjustella
naljailla
napostella
nappailla
narrailla
natustella
naukkailla
naureskella
nautiskella
nirsoilla
nojailla
norkoilla
nostella
nuoleskella
nuolla
nuukailla
ohjailla
oikkuilla
oikoilla
oireilla
oleilla
oleskella
olla
opiskella
orjailla
ostella
oudostella
ounastella
paikkailla
painella
painiskella
paiskella
pakoilla
palailla
palella
palloilla
palvella
pamppailla
panna
parveilla
paseerailla
pasteerailla
patistella
patsastella
pehmoilla
peilailla
pelailla
perhostella
perustella
piirustella
pilailla
piruilla
pohdiskella
poimiskella
poimuilla
pokkailla
polveilla
pomoilla
pomppoilla
ponnistella
poreilla
porsastella
potkiskella
pottuilla
poukkoilla
povailla
prameilla
pudistella
pueskella
puhella
puhkeilla
pukkailla
pullistella
pulppuilla
punastella
puolustella
pureskella
puristella
purra
pursuilla
pussailla
putoilla
puuhailla
puuhastella
railoilla
raiteilla
raitistella
rakastella
rakoilla
rapistella
rassailla
ratkeilla
ratsastella
ratustella
ravistella
rehvastella
reippailla
reistailla
renttuilla
repostella
retostella
rietastella
riiailla
riiustella
rimpuilla
rosvoilla
rukoilla
rullailla
runoilla
ruokailla
rustailla
ruuvailla
saapastella
sairastella
salailla
samoilla
sanailla
sanella
satuilla
seikkailla
seilailla
seisoskella
sekoilla
selailla
seurailla
seurustella
shoppailla
siekailla
sihtailla
sikailla
sinkoilla
sirostella
siunailla
snobbailla
solmeilla
sompailla
sooloilla
sopuilla
sormeilla
sorvailla
suhailla
suipistella
sumeilla
suojella
suoristella
supistella
surffailla
surkeilla
surra
taipuilla
taistella
taiteilla
taivastella
takkuilla
talkoilla
tallailla
tallustella
tankkailla
tapailla
tarjoilla
tarkastella
tarkkailla
tavailla
tehtailla
telttailla
tempoilla
temppuilla
tepastella
tiedustella
tienailla
tiirailla
todistella
toilailla
toimeenpanna
toistella
toljailla
tonttuilla
torailla
torveilla
touhuilla
tuhlailla
tuittuilla
tulla
tunkeilla
tunnustella
tunteilla
turmella
tuskailla
tutkailla
tutkiskella
tutkistella
tutustella
tuulla
tuumailla
tuumiskella
ufoilla
uhkailla
uinailla
uistella
ujoilla
ujostella
ulkoilla
urheilla
uumoilla
vakoilla
valella
valmistella
valvoskella
varastella
varistella
varjella
varmistella
varustella
vastailla
vastustella
vauhkoilla
vehtailla
veikkailla
velmuilla
velttoilla
venkoilla
verhoilla
vertailla
viekastella
vierailla
vihjailla
viisastella
viittailla
viittoilla
vilkuilla
vinoilla
vippailla
virkailla
virnuilla
virtailla
visailla
vitkailla
vitkastella
vitsailla
vittuilla
voimistella
vuoleskella
vuolla
elellä
elvistellä
enteillä
epäillä
estellä
etsiskellä
evästellä
helistellä
helmeillä
hempeillä
henkäillä
heristellä
herkistellä
heräillä
hiiviskellä
hilseillä
hivellä
hymistellä
hymyillä
hypistellä
hyräillä
hyväillä
hyvästellä
hyökkäillä
häikäillä
hämmästellä
hännystellä
häpeillä
härnäillä
hätistellä
hätäillä
hääräillä
hölmöillä
höristellä
hötkyillä
ilkeillä
ilmeillä
ilveillä
imeskellä
irvistellä
itkeskellä
jyristellä
järjestellä
järkeillä
jäykistellä
keikistellä
keräillä
kieriskellä
kiipeillä
kiistellä
kilistellä
killistellä
kipristellä
kiristellä
kirvellä
kyhäillä
kyläillä
kynäillä
kyräillä
kysellä
kyttäillä
kyyristellä
käppäillä
käpristellä
kärvistellä
käveleskellä
kävellä
käyskellä
kääntyillä
köyhäillä
köykistellä
köyristellä
lehteillä
leireillä
lemmiskellä
lenkkeillä
lepäillä
leveillä
likistellä
lisäillä
lymyillä
löhöillä
löntystellä
mennä
metsästellä
mielistellä
mietiskellä
myhäillä
myöhästellä
myötäillä
mässäillä
määräillä
mökkeillä
nieleskellä
niellä
nipistellä
nyhjäillä
nynnyillä
nyrkkeillä
nyrpistellä
nyökkäillä
näpistellä
näppäillä
näpräillä
nöyristellä
pelleillä
piereskellä
pierrä
pihistellä
piillä
pilkistellä
pilveillä
pinnistellä
pistellä
postimerkkeillä
pröystäillä
pyllistellä
pyristellä
pyttyillä
pyydystellä
pyöriskellä
pyörtyillä
pyöräillä
pähkäillä
pällistellä
pälyillä
pärjäillä
päästellä
pörhistellä
pörräillä
pöyhistellä
pöyhkeillä
repeillä
retkeillä
risteillä
ryiskellä
rymistellä
ryntäillä
rypistellä
ryppyillä
ryypiskellä
rämistellä
räpistellä
rönsyillä
rötöstellä
röyhistellä
röyhtäillä
sievistellä
siipeillä
siirtyillä
silmäillä
siristellä
sivellä
sykkäillä
syleillä
syljeskellä
synkistellä
syöksyillä
säntäillä
säröillä
säteillä
säännöstellä
säästellä
söpöillä
teeskellä
tieteillä
tirkistellä
tyhmistellä
tähtäillä
tähyillä
tähystellä
tärkeillä
tärvellä
töllistellä
tömistellä
töppäillä
töppöillä
törkeillä
törmäillä
törppöillä
törttöillä
töytäillä
vehkeillä
veikeillä
veikistellä
veistellä
veljeillä
veneillä
vetistellä
viileskellä
viimeistellä
viipyillä
viivästellä
vilistellä
viljellä
vilpistellä
virnistellä
viskellä
väistellä
väreillä
vätystellä
vääntyillä
vääristellä
yhdistellä
ylistellä
ylpeillä
ylvästellä
yskiskellä
äimistellä
äkeillä
äksyillä
äkäillä
ällistellä
nakella
leikellä
tapella
hypellä
ajatella
aloitella
asetella
autella
ehdotella
erotella
haastatella
hahmotella
haihatella
haistatella
hangoitella
harjoitella
harmitella
hassutella
haukotella
havitella
heilautella
heilutella
hekotella
hemmotella
herkutella
herroitella
hetkutella
hinnoitella
hipsutella
hissutella
houkutella
huljutella
hullutella
humputella
huojutella
huolitella
huomautella
hupsutella
hurvitella
huvitella
ilmoitella
ilotella
irrotella
isotella
jaaritella
jaksotella
jaloitella
jaotella
johdatella
jolkutella
jossitella
juonitella
juopotella
jutella
kaasutella
kahvitella
kaiutella
kajautella
kaljoitella
kalkutella
kannatella
karautella
kartella
kaupitella
kehotella
keikutella
keinotella
keinutella
keplotella
kessutella
kieputella
kihnutella
kiikutella
kikatella
kilvoitella
kirjoitella
kiskotella
kitkutella
kiukutella
kiusoitella
koetella
kohautella
kolkutella
kopautella
koputella
kosketella
kuiskutella
kuivatella
kulautella
kuljetella
kummitella
kurkotella
kurotella
kutitella
kutkutella
kuvitella
laiskotella
laitella
lajitella
lallatella
lasketella
lekotella
letkautella
liehutella
liekutella
liihotella
liikutella
liioitella
liotella
lirautella
lirkutella
lirputella
livautella
lohdutella
loiskutella
lopetella
louskutella
luetella
luokitella
luotella
luritella
luulotella
maanitella
mairitella
maiskutella
massoitella
muistutella
muljautella
mutkitella
muutella
naksautella
naksutella
nakutella
napsautella
napsutella
naputella
neuvotella
nikotella
nilkutella
nirskutella
niskoitella
notkutella
noudatella
odotella
ohitella
oikutella
onnitella
opetella
ositella
osoitella
otella
pahoitella
paistatella
paisutella
pallotella
paloitella
pamautella
panetella
paritella
paukautella
paukutella
pelotella
piilotella
poltella
pommitella
porskutella
pudotella
puhutella
pujotella
purskutella
raaputella
rallatella
raotella
rapsutella
rauhoitella
riepotella
rillutella
rimputella
ripotella
roikotella
roiskautella
roiskutella
ropsautella
rouskutella
rouvitella
ruiskautella
rupatella
saatella
sadatella
sauhutella
saunotella
seisautella
sekoitella
silotella
sinkautella
sinutella
sipsutella
sirotella
soinnutella
soitella
sommitella
sovitella
sujautella
sujutella
sulatella
suoritella
suositella
suostutella
supatella
surkutella
suunnitella
taitella
taivutella
talutella
tanssitella
taputella
tasoitella
tassutella
tavoitella
tepsutella
tihutella
tiputella
tirskutella
tissutella
toimitella
toivotella
toppuutella
totella
totutella
tuhutella
tuijotella
tungetella
tuprutella
tuskitella
tuuditella
tuuletella
uhitella
uitella
uskotella
vakuutella
valitella
varoitella
vetkutella
viekoitella
vihoitella
vilautella
vilkutella
vilvoitella
virvoitella
vitkutella
voivotella
vokotella
vuorotella
elätellä
eritellä
esitellä
heitellä
helkytellä
hellitellä
helskytellä
herätellä
hihitellä
hirvitellä
hyssytellä
hytkytellä
hyvitellä
hätyytellä
hölkytellä
idätellä
ihmetellä
jymäytellä
jyskytellä
jäljitellä
jäähdytellä
kehitellä
keitellä
kieritellä
kiitellä
killitellä
kipitellä
kyhnytellä
kypsytellä
käsitellä
kätellä
käytellä
köllötellä
köpitellä
körötellä
leikitellä
lellitellä
lennätellä
lepytellä
levitellä
leyhytellä
liehitellä
lähetellä
läimäytellä
läiskytellä
läiskäytellä
lämmitellä
läpsytellä
lönkytellä
lörpötellä
lötkötellä
löyhytellä
menetellä
mielitellä
mitellä
myönnytellä
määritellä
neiditellä
nimitellä
nyökytellä
näpäytellä
näytellä
peitellä
pidätellä
piikitellä
pyrytellä
pystytellä
pysytellä
pysäytellä
pyöritellä
päivitellä
pärskytellä
päätellä
pöllytellä
revitellä
riimitellä
ryhmitellä
räiskytellä
räpsytellä
räpytellä
röyhytellä
seditellä
selitellä
selvitellä
sepitellä
silitellä
sinnitellä
syytellä
syöpötellä
syötellä
säikytellä
säikäytellä
sätkytellä
säälitellä
säännötellä
teititellä
tytötellä
tyylitellä
tyynnytellä
tyypitellä
täditellä
täytellä
tömisytellä
venytellä
verrytellä
vietellä
viiletellä
viivytellä
vikitellä
viritellä
vähätellä
väitellä
vältellä
väläytellä
värjötellä
yritellä
äiditellä
jaella
ailahdella
heilahdella
herahdella
hirnahdella
hohdella
hoidella
horjahdella
huidella
hulmahdella
humahdella
huoahdella
huojahdella
hurahdella
huudahdella
huudella
huuhdella
kaadella
kaihdella
kajahdella
kalahdella
kapsahdella
karahdella
karjahdella
keinahdella
kellahdella
kiepsahdella
kilahdella
kiljahdella
kohahdella
kohdella
kolahdella
kopahdella
kopsahdella
korahdella
korskahdella
kumahdella
kuohahdella
ladella
lehahdella
leimahdella
lemahdella
liikahdella
lipsahdella
lirahdella
litsahdella
loiskahdella
loksahdella
lupsahdella
madella
molskahdella
muljahdella
murahdella
naksahdella
napsahdella
narahdella
narskahdella
naurahdella
niksahdella
notkahdella
nuhdella
nukahdella
nuljahdella
nuokahdella
nuukahdella
onnahdella
pamahdella
paukahdella
pelmahdella
pihahdella
pilkahdella
pirahdella
pirskahdella
pompahdella
poukahdella
pulpahdella
purskahdella
putkahdella
raadella
raksahdella
rapsahdella
rasahdella
retkahdella
ripsahdella
risahdella
roiskahdella
ropsahdella
rusahdella
sadella
sihahdella
singahdella
sirahdella
sorahdella
soudella
suhahdella
sujahdella
surahdella
suudella
tipahdella
tirahdella
tirskahdella
tiuskahdella
torkahdella
tuhahdella
tuikahdella
tuiskahdella
tulvahdella
tuoksahdella
tuprahdella
tuulahdella
udella
ulvahdella
unohdella
vaihdella
valehdella
vavahdella
vilahdella
vilkahdella
vingahdella
viuhahdella
voidella
helähdellä
hiihdellä
hymähdellä
hypähdellä
hytkähdellä
häilähdellä
hätkähdellä
häädellä
hörähdellä
jymähdellä
jyrähdellä
jysähdellä
järähdellä
kierähdellä
käännähdellä
lennähdellä
leyhähdellä
liidellä
läikähdellä
läimähdellä
läiskähdellä
läjähdellä
läpsähdellä
myhähdellä
mäiskähdellä
mäjähdellä
mätkähdellä
nytkähdellä
nyökähdellä
pidellä
pyrskähdellä
pyrähdellä
pysähdellä
pyydellä
pyörähdellä
pärskähdellä
pöllähdellä
pölähdellä
riidellä
rysähdellä
ryöpsähdellä
räiskähdellä
räjähdellä
räpsähdellä
räsähdellä
röhähdellä
sykähdellä
syöksähdellä
säpsähdellä
särähdellä
säädellä
tyrskähdellä
tärskähdellä
tärähdellä
töksähdellä
tömähdellä
töyssähdellä
vedellä
välkähdellä
välähdellä
värähdellä
yskähdellä
ommella
jokellella
kimallella
puhallella
sivallella
sukellella
takellella
vaellella
kiellellä
kiillellä
kimmellellä
vihellellä
viillellä
annella
huikennella
juoksennella
kannella
kohennella
komennella
kuunnella
muunnella
ojennella
oksennella
parannella
rakennella
runnella
suurennella
uiskennella
jäsennellä
käyskennellä
käännellä
lennellä
levennellä
likennellä
lyhennellä
lähennellä
myönnellä
rehennellä
siinnellä
säännellä
teeskennellä
terhennellä
tyhjennellä
työnnellä
työskennellä
täydennellä
vähennellä
väännellä
ärhennellä
äännellä
askarrella
hoiperrella
imarrella
kaarrella
kangerrella
kiemurrella
koukerrella
kuherrella
kumarrella
laverrella
longerrella
luikerrella
nakerrella
saivarrella
soperrella
suikerrella
taaperrella
takerrella
tuherrella
tuiverrella
vaikerrella
hykerrellä
kierrellä
kiherrellä
leperrellä
liverrellä
näperrellä
piirrellä
siirrellä
töherrellä
viserrellä
ahkeroida
aprikoida
aterioida
haravoida
hekumoida
hihhuloida
ilakoida
ilkamoida
kapaloida
kapinoida
karkeloida
keikaroida
kekkaloida
kekkuloida
kipunoida
koheloida
kuutioida
liehakoida
luennoida
mankeloida
mellakoida
murkinoida
pakinoida
patikoida
pokkuroida
pomiloida
pullikoida
sukuloida
teikaroida
tupakoida
urakoida
vihannoida
emännöidä
heilimöidä
ikävöidä
isännöidä
kihelmöidä
kipenöidä
kipinöidä
kyynelöidä
käpälöidä
kärhämöidä
käräjöidä
liikennöidä
metelöidä
rettelöidä
rähinöidä
seppelöidä
viheriöidä
ansaita
hallita
harkita
havaita
himoita
huolita
iloita
kahlita
kaita
kalkita
karhita
kaulita
kaupita
korkita
kuohita
kuurnita
laastita
lukita
mainita
naulita
palkita
parkita
punnita
ravita
riemuita
sijaita
suudita
suvaita
talkita
tarita
tarvita
tulkita
tulpita
tuomita
vaaita
valita
vallita
vangita
hillitä
häiritä
keritä
kestitä
kyyditä
lääkitä
merkitä
sinkitä
tilkitä
villitä
juosta
piestä
syöstä
nähdä
tehdä
aleta
haaleta
harmeta
harveta
huimeta
huojeta
huonota
hurjeta
isota
karheta
kehnota
koheta
koveta
kummeta
kuohketa
kuumeta
laajeta
laimeta
lauheta
loiveta
lujeta
mureta
musteta
norjeta
nuoreta
oheta
paheta
paksuta
parata
rumeta
sameta
sorjeta
sumeta
suoreta
suureta
taajeta
tahmeta
tiuheta
tuimeta
tummeta
tuuheta
vaaleta
vahveta
vaimeta
vajeta
vanheta
varmeta
enetä
hiljetä
himmetä
hälvetä
hölletä
ilmetä
jylhetä
jähmetä
kelmetä
kevetä
kiretä
kylmetä
kypsetä
kähetä
köyhetä
levetä
lievetä
lyhetä
lähetä
löyhetä
pehmetä
pienetä
pilvetä
pimetä
pyöretä
selvetä
sievetä
siletä
sisetä
sitketä
syvetä
tihetä
tyhjetä
tyhmetä
tylsetä
tyvetä
viiletä
vähetä
väljetä
yletä
heikota
hoiketa
niuketa
ranketa
sanketa
souketa
tiuketa
vanketa
heiketä
herketä
jyrketä
jäyketä
synketä
hapata
helpota
huipeta
suipeta
supeta
tylpetä
aueta
liueta
oieta
paeta
raueta
saeta
soeta
taeta
toeta
ulota
vaieta
kyetä
liietä
sietä
halveta
huveta
kalveta
kaveta
kevetä
leudota
edetä
mädätä
pidetä
yhdetä
lämmetä
kiinnetä
karjeta
rohjeta
tarjeta
urjeta
valjeta
seljetä
aisata
akseptata
aplodeerata
aprillata
arvata
aurata
avata
bailata
blandata
blanseerata
blondata
bluffata
bodata
bongata
breseerata
briljeerata
brodeerata
buuata
dateerata
dekoodata
delata
digata
diivata
diskata
dokata
drapeerata
dreijata
dubata
dubbata
duunata
eksisteerata
entrata
etsata
faksata
falskata
fibata
fikseerata
fileerata
filmata
filtrata
flambeerata
fluorata
frankeerata
fraseerata
friteerata
fudata
funtsata
fuskata
futata
föönata
glaseerata
golfata
graavata
griljeerata
grillata
gryndata
haalata
haaskata
halata
halstrata
halvata
halveerata
hamstrata
harata
harjata
hartsata
hassata
heijata
heivata
hengata
hennata
herjata
hiffata
hiivata
hilata
hinata
hissata
hitsata
hohkata
hoilata
hoivata
hoksata
holvata
hommata
hoonata
hoosata
huijata
huilata
huimata
hummata
huomata
huorata
hurmata
hurrata
huseerata
huumata
huushollata
ilmata
interrailata
interreilata
ivata
jaanata
jahkata
jahnata
jammata
jeesata
jemmata
jiirata
jodlata
joogata
jorata
juksata
junnata
jurrata
justeerata
kaahata
kaavata
kahlata
kairata
kandeerata
karahteerata
karstata
karvata
kasata
kaseerata
kaulata
kaveerata
keilata
kelata
kerskata
ketlata
kihlata
kiilata
kiinata
kinata
kipsata
kirjata
kirmata
kisata
kiusata
klaarata
kloonata
kloorata
koisata
koketeerata
koksata
kolata
kollata
koodata
koolata
koplata
kopsata
korjata
korvata
kotkata
koulata
kraavata
kromata
kroolata
kruksata
kruunata
kruusata
kryptata
kuiskata
kuivata
kulmata
kummata
kuolata
kuormata
kuorsata
kurata
kurlata
kurtiseerata
kurvata
kuskata
kuumavalssata
kuurata
kuvata
kylmävalssata
laahata
laata
lainata
laivata
lamata
lanata
lanseerata
lantrata
laseerata
lastata
laveerata
leijata
leimata
lejeerata
lespata
liftata
liimata
liirata
liisata
limata
linjata
lintsata
listata
lobata
lossata
lotrata
luiskata
luotsata
luuhata
mallata
manata
markkeerata
maskata
maskeerata
massata
matkata
meinata
meislata
meleerata
melskata
mestata
meuhkata
miinata
miksata
missata
mobata
mobbata
mokata
mollata
montteerata
munata
muovata
murhata
murskata
mustata
muurata
naarata
napeerata
narrata
nastata
natsata
naulata
neulata
niiata
niklata
nirhata
nojata
nolata
nollata
noteerata
nuhjata
nuhrata
nuuskata
ohjata
omata
ootrata
osata
paalata
paasata
paijata
paiskata
paklata
palata
palvata
paneerata
parjata
parkkeerata
paseerata
pasmata
passata
pasteerata
pauhata
peesata
peilata
peitsata
pelata
penslata
pestata
petata
petrata
petsata
peuhata
piffata
piinata
piisata
piiskata
pilata
pinnata
pissata
pistouvata
plaanata
plarata
plaseerata
pliseerata
plussata
pohjata
pokata
polttomaalata
porata
poseerata
povata
prakata
pronssata
puffata
puijata
puleerata
puliveivata
pummata
punata
punkteerata
puolata
purnata
pusata
pussata
putsata
puuhata
raahata
raakata
radeerata
raijata
railata
rainata
raiskata
raivata
rajata
raplata
rassata
rasvata
ratsata
ravata
reilata
reissata
reistata
reivata
relata
remontteerata
reuhata
rienata
rihlata
riiata
riivata
riskeerata
roskata
roudata
ruinata
ruiskumaalata
ruksata
rullata
runnata
rustata
ruuhkata
ruuvata
saarnata
saastata
safkata
sahata
saksata
salata
sambata
samplata
saneerata
santsata
satsata
saumata
seilata
selata
serveerata
seurata
signeerata
siilata
siistata
sijata
siklata
silata
singlata
sintrata
sirklata
siteerata
siunata
skalpeerata
skandeerata
skannata
skimbata
skoolata
skulata
slammata
sohlata
soimata
sokeerata
solvata
sondeerata
sorata
sorvata
spaklata
sparrata
spinnata
sponssata
spreijata
stanssata
stemmata
stressata
suhata
suihkata
summata
summeerata
sumplata
suojata
suolata
surffata
surmata
surrata
svengata
taaplata
tahmata
tahrata
taklata
tallata
tangeerata
tanssata
tarhata
tarrata
tasata
tavata
teilata
tekstata
telata
tervata
testata
teuhata
tienata
tilata
tinata
tiskata
tislata
titrata
tituleerata
tivata
trahteerata
transeerata
trassata
trasseerata
treenata
treffata
trimmata
trokata
troolata
tsiikata
tuftata
tuhkata
tuhlata
tuhrata
tullata
tuplata
turvata
tussata
tutkata
tuumata
tuurata
twistata
uhmata
uhrata
vaarnata
vahata
vaivata
valssata
varata
vaskata
vastata
vatkata
veisata
veivata
venata
vernissata
vesata
vihata
vihjata
viilata
viirata
viivata
vinssata
virtsata
viskata
vislata
vispata
vouhkata
vuokrata
vuorata
zoomata
äkseerata
sokeerata
hellätä
herätä
hyrrätä
hyysätä
hämätä
härnätä
häärätä
höllätä
höylätä
höösätä
jyllätä
jynssätä
jyrrätä
jyrätä
jännätä
jäävätä
kehnätä
kehrätä
kerjätä
kerätä
kiehnätä
kiehätä
kränätä
kyhätä
kylmätä
kyylätä
kyörätä
kännätä
kärrätä
kässätä
lisätä
lystätä
läimätä
läjätä
lämätä
läträtä
löyhkätä
löysätä
myllätä
mällätä
mäskätä
mässätä
mätkätä
määrätä
möhlätä
mönjätä
nyhjätä
nyhrätä
nyplätä
näplätä
näprätä
penätä
perätä
prässätä
pykätä
päivätä
pärjätä
päärmätä
pörrätä
ryskätä
ryysätä
ryöhätä
ryövätä
rähjätä
räknätä
rällätä
räplätä
rätkätä
räyhätä
selvätä
silmätä
sysätä
syynätä
sählätä
sämplätä
särmätä
söhlätä
sörssätä
telmätä
tenätä
tyhjätä
tyrmätä
tyssätä
tällätä
tärvätä
täsmätä
töhrätä
töllätä
tölvätä
törmätä
törsätä
värjätä
värvätä
väsätä
ynnätä
aerobikata
blokata
breikata
buukata
donkata
hakata
haukata
hinkata
huikata
hukata
irkata
jankata
joikata
kakata
kekata
kinkata
klikata
kokata
kolkata
konkata
korkata
koukata
krakata
kurkata
lakata
lankata
laukata
leikata
lenkata
liikata
linkata
loikata
loukata
luikata
lynkata
meikata
merkata
moikata
morkata
muokata
nakata
narkata
naukata
nukata
nurkata
paikata
pakata
palkata
piikata
pilkata
plankata
pokata
polttolakata
poukata
psyykata
pukata
raakata
rankata
rokata
ruikata
ruiskulakata
rukata
runkata
sakata
siksakata
sinkata
sminkata
solkata
spiikata
streikata
suikata
synkata
tankata
tarkata
teikata
tikata
tiukata
tsekata
tuikata
tulkata
valkata
veikata
vekata
viikata
vinkata
virkata
sakata
hyökätä
hölkätä
järkätä
lykätä
möykätä
nyökätä
näykätä
pyykätä
pökätä
rääkätä
sönkätä
tykätä
tyrkätä
tärkätä
tökätä
törkätä
töykätä
värkätä
yökätä
äkätä
änkätä
dipata
doupata
dumpata
flopata
harpata
hiipata
huipata
humpata
impata
jelpata
jumpata
kaapata
kampata
kaupata
kidnapata
kipata
kompata
kopata
krepata
kuopata
kupata
lempata
liipata
mopata
napata
nepata
peipata
piipata
pompata
popata
prepata
propata
pumpata
raapata
rampata
rapata
rempata
repata
ruopata
shopata
siepata
sipata
skarpata
sliipata
stepata
stripata
tampata
teipata
topata
trampata
tsempata
tulpata
tumpata
tupata
tuupata
vampata
varpata
vipata
hypätä
häipätä
hörpätä
käpätä
nypätä
näpätä
pämpätä
ryypätä
ryöpätä
räpätä
tärpätä
töpätä
välpätä
ympätä
chatata
diskontata
flirtata
haitata
hiitata
juntata
kaltata
kantata
kitata
kontata
kuitata
lantata
lautata
luntata
mitata
motata
niitata
nuotata
nuutata
paltata
pantata
peitata
permanentata
piitata
pontata
printata
pultata
puntata
putata
runtata
rutata
sentata
skeitata
sotata
splitata
spurtata
startata
sutata
taltata
tentata
testamentata
tintata
truutata
tuutata
ventata
viitata
vintata
voltata
kytätä
läntätä
pyntätä
päntätä
tyytätä
töötätä
huoata
joiata
karata
liata
loata
maata
perata
taata
uhata
vaata
hylätä
iätä
pelätä
halvata
huovata
kaivata
kelvata
luvata
salvata
tavata
evätä
levätä
ahdata
aidata
haudata
jahdata
judata
kehdata
kihdata
kohdata
ladata
lahdata
luodata
pedata
pihdata
rahdata
sihdata
vahdata
vehdata
jydätä
myödätä
pöydätä
tähdätä
töydätä
hangata
langata
tingata
vängätä
kammata
temmata
kellata
kullata
mullata
vallata
suunnata
rynnätä
sännätä
kerrata
verrata
virrata
hyljätä
peljätä
erota
hajota
hillota
himota
holhota
huhuta
huuruta
inhota
isota
janota
juoruta
kaihota
kajota
kaluta
kammota
karhuta
kasketa
katketa
kihota
kiihkota
kimmota
kinuta
kirnuta
kirota
kohota
koluta
kumota
kuohuta
kutkuta
lahota
leimuta
lemuta
lihota
loveta
lumeta
lumota
menota
mesota
messuta
mouruta
nuohota
paastota
pelmuta
pinota
pursuta
raivota
ratketa
remuta
resuta
rohmuta
roihuta
rosvota
ruiskuta
samota
sauhuta
saveta
savuta
siivota
sirota
sivuta
suihkuta
suitsuta
sumuta
tahkota
tajuta
tanhuta
tarjota
tehota
tenhota
tihkuta
tomuta
totota
touhuta
tuhota
tuiskuta
tuoksuta
tupruta
tursuta
uhota
vainota
vainuta
vaistota
vajota
varjota
verhota
viistota
hirvetä
hymytä
hyrskytä
höyrytä
kivetä
könytä
löhötä
ristetä
syyhytä
tyvetä
tähytä
yrjötä
älytä
öljytä
kaikota
karkota
koukuta
poiketa
ruokota
takuta
tuketa
lipota
pulputa
pumputa
silputa
upota
hiota
koota
laota
laueta
liota
liuota
noeta
saota
seota
sueta
tauota
virota
keretä
pietä
sietä
hervota
kavuta
kirvota
kivuta
korveta
ruveta
turvota
vivuta
hävetä
kiivetä
livetä
revetä
kadota
liiduta
padota
pudota
todeta
vaahdota
vedota
vyyhdetä
hangota
kangeta
langeta
lingota
singota
ängetä
kammeta
kimmota
kummuta
sammota
innota
irrota
varrota
haljeta
juljeta
lohjeta
puhjeta
herjetä
iljetä
kehjetä
kerjetä
teljetä
bingota
diskota
haluta
hamuta
hulmuta
kohuta
lassota
lastuta
liesuta
lietsuta
loimuta
loiskuta
meluta
nujuta
piiluta
solmita
eritä
hirvitä
hälytä
hävitä
jyrytä
kärytä
levitä
lyijytä
lymytä
myrskytä
mölytä
möyrytä
nimetä
pehmitä
pyrytä
pöllytä
pölytä
rymytä
röyhytä
selvitä
silitä
tyrskytä
viritä
ryöpytä
keritä
selitä
siitä
muodota
lämmitä
aallota
hellitä
taitaa
tietää
kumajaa
vipajaa
heläjää
hohkaa
huiskaa
kaikaa
kalkkaa
kapsaa
kilkkaa
kolkkaa
kopsaa
loksaa
moikaa
naksaa
napsaa
niksaa
paukkaa
puhkaa
raikaa
raksaa
rapsaa
roikaa
ruskaa
helskää
jyskää
läpsää
mäikää
mäiskää
pärskää
ryskää
räikää
sykkää
telmää
ähkää
tuikkaa
